 PSINS

 Timestamp is 66cca6e5 (Tue Aug 27 00:01:41 2024)

 Preferred load address is 00400000

 Start         Length     Name                   Class
 0001:00000000 0005c428H .text                   CODE
 0001:0005c430 000006d3H .text$x                 CODE
 0002:00000000 00002738H .rdata                  DATA
 0002:00002738 0000017cH .rdata$r                DATA
 0002:000028b8 00000910H .xdata$x                DATA
 0002:000031d0 00000699H .edata                  DATA
 0003:00000000 00000004H .CRT$XCA                DATA
 0003:00000004 00000024H .CRT$XCU                DATA
 0003:00000028 00000004H .CRT$XCZ                DATA
 0003:0000002c 00000004H .CRT$XIA                DATA
 0003:00000030 00000010H .CRT$XIC                DATA
 0003:00000040 00000004H .CRT$XIY                DATA
 0003:00000044 00000004H .CRT$XIZ                DATA
 0003:00000048 00000004H .CRT$XPA                DATA
 0003:0000004c 00000004H .CRT$XPX                DATA
 0003:00000050 00000004H .CRT$XPZ                DATA
 0003:00000054 00000004H .CRT$XTA                DATA
 0003:00000058 00000004H .CRT$XTB                DATA
 0003:0000005c 00000004H .CRT$XTZ                DATA
 0003:00000060 00003fe4H .data                   DATA
 0003:00004050 00001fd9H .bss                    DATA
 0004:00000000 0000003cH .idata$2                DATA
 0004:0000003c 00000014H .idata$3                DATA
 0004:00000050 0000019cH .idata$4                DATA
 0004:000001ec 0000019cH .idata$5                DATA
 0004:00000388 00000722H .idata$6                DATA

  Address         Publics by Value              Rva+Base     Lib:Object

 0001:00000000       ??0CKFApp@@QAE@N@Z         00401000 f   KFApp.obj
 0001:00000060       ?Init@CKFApp@@UAEXABVCSINS@@H@Z 00401060 f   KFApp.obj
 0001:000004a0       ?RTOutput@CSINSTDKF@@UAEXXZ 004014a0 f i KFApp.obj
 0001:000004d0       ?Miscellanous@CSINSTDKF@@UAEXXZ 004014d0 f i KFApp.obj
 0001:00000500       ?SecretAttitude@CSINSTDKF@@UAEXXZ 00401500 f i KFApp.obj
 0001:00000530       ?SetMeas@CSINSGNSS@@UAEXXZ 00401530 f i KFApp.obj
 0001:00000560       _main                      00401560 f   Main_SinsGps.obj
 0001:00000a40       ??1CFileRdSr@@QAE@XZ       00401a40 f i Main_SinsGps.obj
 0001:00000a80       ?load@CFileRdSr@@QAEHH@Z   00401a80 f i Main_SinsGps.obj
 0001:00001050       ??0CGLV@@QAE@NNN@Z         00402050 f   PSINS.obj
 0001:00001350       ?toc@CGLV@@QAEHH@Z         00402350 f   PSINS.obj
 0001:000013c0       ??1CGLV@@QAE@XZ            004023c0 f   PSINS.obj
 0001:00001400       ??0CVect3@@QAE@XZ          00402400 f   PSINS.obj
 0001:00001430       ??0CVect3@@QAE@N@Z         00402430 f   PSINS.obj
 0001:00001490       ??0CVect3@@QAE@NNN@Z       00402490 f   PSINS.obj
 0001:000014f0       ??0CVect3@@QAE@PBN@Z       004024f0 f   PSINS.obj
 0001:00001560       ??0CVect3@@QAE@PBM@Z       00402560 f   PSINS.obj
 0001:000015c0       ??0CVect3@@QAE@PBHN@Z      004025c0 f   PSINS.obj
 0001:00001630       ?IsZero@@YAHABVCVect3@@N@Z 00402630 f   PSINS.obj
 0001:000016d0       ?IsZeroXY@@YAHABVCVect3@@N@Z 004026d0 f   PSINS.obj
 0001:00001750       ?IsNaN@@YAHABVCVect3@@@Z   00402750 f   PSINS.obj
 0001:00001780       ?IsRad@@YAHABVCVect3@@H@Z  00402780 f   PSINS.obj
 0001:00001800       ?AccScale@@YANABVCVect3@@NN@Z 00402800 f   PSINS.obj
 0001:00001850       ??HCVect3@@QBE?AV0@ABV0@@Z 00402850 f   PSINS.obj
 0001:000018d0       ??GCVect3@@QBE?AV0@ABV0@@Z 004028d0 f   PSINS.obj
 0001:00001950       ??DCVect3@@QBE?AV0@ABV0@@Z 00402950 f   PSINS.obj
 0001:00001a00       ??DCVect3@@QBE?AV0@N@Z     00402a00 f   PSINS.obj
 0001:00001a80       ??DCVect3@@QBE?AV0@ABVCMat3@@@Z 00402a80 f   PSINS.obj
 0001:00001b50       ??KCVect3@@QBE?AV0@N@Z     00402b50 f   PSINS.obj
 0001:00001bd0       ??KCVect3@@QBE?AV0@ABV0@@Z 00402bd0 f   PSINS.obj
 0001:00001c50       ??4CVect3@@QAEAAV0@N@Z     00402c50 f   PSINS.obj
 0001:00001cb0       ??4CVect3@@QAEAAV0@PBN@Z   00402cb0 f   PSINS.obj
 0001:00001d20       ??YCVect3@@QAEAAV0@ABV0@@Z 00402d20 f   PSINS.obj
 0001:00001d80       ??ZCVect3@@QAEAAV0@ABV0@@Z 00402d80 f   PSINS.obj
 0001:00001de0       ??XCVect3@@QAEAAV0@N@Z     00402de0 f   PSINS.obj
 0001:00001e40       ??_0CVect3@@QAEAAV0@N@Z    00402e40 f   PSINS.obj
 0001:00001ea0       ??_0CVect3@@QAEAAV0@ABV0@@Z 00402ea0 f   PSINS.obj
 0001:00001f00       ??D@YA?AVCVect3@@NABV0@@Z  00402f00 f   PSINS.obj
 0001:00001f70       ??G@YA?AVCVect3@@ABV0@@Z   00402f70 f   PSINS.obj
 0001:00001fe0       ??RCVect3@@QAEAANH@Z       00402fe0 f   PSINS.obj
 0001:00002010       ?crossXY@@YANABVCVect3@@0@Z 00403010 f   PSINS.obj
 0001:00002050       ?vxv@@YA?AVCMat3@@ABVCVect3@@0@Z 00403050 f   PSINS.obj
 0001:00002140       ?sqrt@@YA?AVCVect3@@ABV1@@Z 00403140 f   PSINS.obj
 0001:000021c0       ?pow@@YA?AVCVect3@@ABV1@H@Z 004031c0 f   PSINS.obj
 0001:00002240       ?abs@@YA?AVCVect3@@ABV1@@Z 00403240 f   PSINS.obj
 0001:00002330       ?absp@@YA?AVCVect3@@ABV1@@Z 00403330 f   PSINS.obj
 0001:000023b0       ?absp@@YANN@Z              004033b0 f i PSINS.obj
 0001:00002400       ?maxabs@@YA?AVCVect3@@ABV1@0@Z 00403400 f   PSINS.obj
 0001:00002600       ?norm@@YANABVCVect3@@@Z    00403600 f   PSINS.obj
 0001:00002660       ?normlize@@YANPAVCVect3@@@Z 00403660 f   PSINS.obj
 0001:000026d0       ?normInf@@YANABVCVect3@@@Z 004036d0 f   PSINS.obj
 0001:00002810       ?normXY@@YANABVCVect3@@@Z  00403810 f   PSINS.obj
 0001:00002860       ?normXYInf@@YANABVCVect3@@@Z 00403860 f   PSINS.obj
 0001:00002920       ?dot@@YANABVCVect3@@0@Z    00403920 f   PSINS.obj
 0001:00002970       ?dotmul@@YA?AVCVect3@@ABV1@0@Z 00403970 f   PSINS.obj
 0001:000029f0       ?dotdiv@@YA?AVCVect3@@ABV1@0@Z 004039f0 f   PSINS.obj
 0001:00002a70       ?rv2q@@YA?AVCQuat@@ABVCVect3@@@Z 00403a70 f   PSINS.obj
 0001:00002bc0       ?rv2m@@YA?AVCMat3@@ABVCVect3@@@Z 00403bc0 f   PSINS.obj
 0001:00002c20       ?askew@@YA?AVCMat3@@ABVCVect3@@@Z 00403c20 f   PSINS.obj
 0001:00002cc0       ?pos2Cen@@YA?AVCMat3@@ABVCVect3@@@Z 00403cc0 f   PSINS.obj
 0001:00002dc0       ?pp2vn@@YA?AVCVect3@@ABV1@0NPAVCEarth@@@Z 00403dc0 f   PSINS.obj
 0001:00002f10       ?pp2att@@YA?AVCVect3@@ABV1@0@Z 00403f10 f   PSINS.obj
 0001:00002f80       ?sinAng@@YANABVCVect3@@00@Z 00403f80 f   PSINS.obj
 0001:00003070       ?MagYaw@@YANABVCVect3@@0N@Z 00404070 f   PSINS.obj
 0001:00003160       ?xyz2blh@@YA?AVCVect3@@ABV1@@Z 00404160 f   PSINS.obj
 0001:00003320       ?blh2xyz@@YA?AVCVect3@@ABV1@@Z 00404320 f   PSINS.obj
 0001:00003430       ?Vxyz2enu@@YA?AVCVect3@@ABV1@0@Z 00404430 f   PSINS.obj
 0001:00003490       ?v2double@@YA?AVCVect3@@N@Z 00404490 f   PSINS.obj
 0001:00003560       ?v3double@@YA?AVCVect3@@N@Z 00404560 f   PSINS.obj
 0001:00003660       ?v5double@@YAXNAAVCVect3@@0@Z 00404660 f   PSINS.obj
 0001:00003750       ?v2flt@@YAXPAMPBVCVect3@@ZZ 00404750 f   PSINS.obj
 0001:000037e0       ?sort@@YA?AVCVect3@@ABV1@@Z 004047e0 f   PSINS.obj
 0001:000038b0       ?median@@YANABN00@Z        004048b0 f   PSINS.obj
 0001:00003910       ?median@@YANABVCVect3@@@Z  00404910 f   PSINS.obj
 0001:000039f0       ?dm2r@@YA?AVCVect3@@ABV1@H@Z 004049f0 f   PSINS.obj
 0001:00003ac0       ?v3mmm@@YA?AVCVect3@@ABV1@00PAV1@H0@Z 00404ac0 f   PSINS.obj
 0001:00003d40       ?fopp@@YA?AVCVect3@@ABV1@00@Z 00404d40 f   PSINS.obj
 0001:00003e40       ?fopp@@YA?AVCVect3@@ABV1@000@Z 00404e40 f   PSINS.obj
 0001:00003f90       ?tp2att@@YA?AVCVect3@@ABV1@00@Z 00404f90 f   PSINS.obj
 0001:00004120       ?addw@@YA?AVCVect3@@ABV1@0NN@Z 00405120 f   PSINS.obj
 0001:000041d0       ?attract@@YA?AVCVect3@@ABV1@00@Z 004051d0 f   PSINS.obj
 0001:00004330       ?ff2muxy@@YA?AVCVect3@@ABV1@0PBD1@Z 00405330 f   PSINS.obj
 0001:00004440       ?ff2mu@@YA?AVCVect3@@ABV1@0N@Z 00405440 f   PSINS.obj
 0001:00004540       ??0CQuat@@QAE@XZ           00405540 f   PSINS.obj
 0001:00004570       ??0CQuat@@QAE@NABVCVect3@@@Z 00405570 f   PSINS.obj
 0001:000045e0       ??0CQuat@@QAE@NNNN@Z       004055e0 f   PSINS.obj
 0001:00004650       ??0CQuat@@QAE@PBN@Z        00405650 f   PSINS.obj
 0001:000046e0       ??HCQuat@@QBE?AV0@ABVCVect3@@@Z 004056e0 f   PSINS.obj
 0001:00004770       ??GCQuat@@QBE?AV0@ABVCVect3@@@Z 00405770 f   PSINS.obj
 0001:000047f0       ??GCQuat@@QBE?AVCVect3@@ABV0@@Z 004057f0 f   PSINS.obj
 0001:00004930       ??DCQuat@@QBE?AV0@ABV0@@Z  00405930 f   PSINS.obj
 0001:00004a60       ??XCQuat@@QAEAAV0@ABV0@@Z  00405a60 f   PSINS.obj
 0001:00004ab0       ??ZCQuat@@QAEAAV0@ABVCVect3@@@Z 00405ab0 f   PSINS.obj
 0001:00004b30       ??S@YA?AVCQuat@@ABV0@@Z    00405b30 f   PSINS.obj
 0001:00004bb0       ??DCQuat@@QBE?AVCVect3@@ABV1@@Z 00405bb0 f   PSINS.obj
 0001:00004d40       ?SetYaw@CQuat@@QAEXN@Z     00405d40 f   PSINS.obj
 0001:00004dc0       ?normlize@@YANPAVCQuat@@@Z 00405dc0 f   PSINS.obj
 0001:00004e70       ?q2rv@@YA?AVCVect3@@ABVCQuat@@@Z 00405e70 f   PSINS.obj
 0001:00004fa0       ?qq2phi@@YA?AVCVect3@@ABVCQuat@@0@Z 00405fa0 f   PSINS.obj
 0001:00005010       ?addmu@@YA?AVCQuat@@ABV1@ABVCVect3@@@Z 00406010 f   PSINS.obj
 0001:00005070       ?UpDown@@YA?AVCQuat@@ABV1@@Z 00406070 f   PSINS.obj
 0001:00005100       ??0CMat3@@QAE@XZ           00406100 f   PSINS.obj
 0001:00005130       ??0CMat3@@QAE@N@Z          00406130 f   PSINS.obj
 0001:000051e0       ??0CMat3@@QAE@PBN@Z        004061e0 f   PSINS.obj
 0001:000052f0       ??0CMat3@@QAE@PBM@Z        004062f0 f   PSINS.obj
 0001:000053d0       ??0CMat3@@QAE@NNN@Z        004063d0 f   PSINS.obj
 0001:00005490       ??0CMat3@@QAE@NNNNNNNNN@Z  00406490 f   PSINS.obj
 0001:00005540       ??0CMat3@@QAE@ABVCVect3@@00H@Z 00406540 f   PSINS.obj
 0001:000056c0       ?sv2att@@YA?AVCVect3@@ABV1@N0@Z 004066c0 f   PSINS.obj
 0001:00005810       ?dv2att@@YA?AVCVect3@@ABV1@000@Z 00406810 f   PSINS.obj
 0001:00005aa0       ?mv2att@@YA?AVCVect3@@HPBV1@0ZZ 00406aa0 f   PSINS.obj
 0001:00005ba0       ?vn2att@@YA?AVCVect3@@ABV1@@Z 00406ba0 f   PSINS.obj
 0001:00005c60       ?atss@@YA?AVCVect3@@AAV1@0@Z 00406c60 f   PSINS.obj
 0001:00005d30       ??G@YA?AVCMat3@@ABV0@@Z    00406d30 f   PSINS.obj
 0001:00005e00       ??S@YA?AVCMat3@@ABV0@@Z    00406e00 f   PSINS.obj
 0001:00005eb0       ??DCMat3@@QBE?AV0@ABV0@@Z  00406eb0 f   PSINS.obj
 0001:00006080       ??HCMat3@@QBE?AV0@ABV0@@Z  00407080 f   PSINS.obj
 0001:00006160       ??YCMat3@@QAEAAV0@ABV0@@Z  00407160 f   PSINS.obj
 0001:00006230       ??HCMat3@@QBE?AV0@ABVCVect3@@@Z 00407230 f   PSINS.obj
 0001:000062a0       ??YCMat3@@QAEAAV0@ABVCVect3@@@Z 004072a0 f   PSINS.obj
 0001:00006300       ??GCMat3@@QBE?AV0@ABV0@@Z  00407300 f   PSINS.obj
 0001:000063e0       ??DCMat3@@QBE?AV0@N@Z      004073e0 f   PSINS.obj
 0001:000064c0       ??RCMat3@@QAEAANHH@Z       004074c0 f   PSINS.obj
 0001:00006500       ?SetRow@CMat3@@QAEXHABVCVect3@@@Z 00407500 f   PSINS.obj
 0001:00006570       ?SetClm@CMat3@@QAEXHABVCVect3@@@Z 00407570 f   PSINS.obj
 0001:000065e0       ?GetRow@CMat3@@QBE?AVCVect3@@H@Z 004075e0 f   PSINS.obj
 0001:00006660       ?GetClm@CMat3@@QBE?AVCVect3@@H@Z 00407660 f   PSINS.obj
 0001:000066e0       ?Rot@@YA?AVCMat3@@ND@Z     004076e0 f   PSINS.obj
 0001:00006860       ?rotz@@YA?AVCVect3@@ABV1@N@Z 00407860 f   PSINS.obj
 0001:00006910       ?rcijk@@YA?AVCMat3@@ABV1@H@Z 00407910 f   PSINS.obj
 0001:00006cf0       ?symmetry@@YAXAAVCMat3@@@Z 00407cf0 f   PSINS.obj
 0001:00006d90       ??D@YA?AVCMat3@@NABV0@@Z   00407d90 f   PSINS.obj
 0001:00006e60       ??DCMat3@@QBE?AVCVect3@@ABV1@@Z 00407e60 f   PSINS.obj
 0001:00006f30       ?dotmul@@YA?AVCMat3@@ABV1@0@Z 00407f30 f   PSINS.obj
 0001:00007000       ?det@@YANABVCMat3@@@Z      00408000 f   PSINS.obj
 0001:00007090       ?trace@@YANABVCMat3@@@Z    00408090 f   PSINS.obj
 0001:000070c0       ?pow@@YA?AVCMat3@@ABV1@H@Z 004080c0 f   PSINS.obj
 0001:00007150       ?a2qua@@YA?AVCQuat@@NNN@Z  00408150 f   PSINS.obj
 0001:00007290       ?a2qua@@YA?AVCQuat@@ABVCVect3@@@Z 00408290 f   PSINS.obj
 0001:00007300       ?a2mat@@YA?AVCMat3@@ABVCVect3@@@Z 00408300 f   PSINS.obj
 0001:00007450       ?ar2mat@@YA?AVCMat3@@ABVCVect3@@@Z 00408450 f   PSINS.obj
 0001:000075a0       ?ar2qua@@YA?AVCQuat@@ABVCVect3@@@Z 004085a0 f   PSINS.obj
 0001:00007600       ?m2att@@YA?AVCVect3@@ABVCMat3@@@Z 00408600 f   PSINS.obj
 0001:00007740       ?m2attr@@YA?AVCVect3@@ABVCMat3@@@Z 00408740 f   PSINS.obj
 0001:00007800       ?q2attr@@YA?AVCVect3@@ABVCQuat@@@Z 00408800 f   PSINS.obj
 0001:00007860       ?m2rv@@YA?AVCVect3@@ABVCMat3@@@Z 00408860 f   PSINS.obj
 0001:00007970       ?m2qua@@YA?AVCQuat@@ABVCMat3@@@Z 00408970 f   PSINS.obj
 0001:00007c40       ?q2att@@YA?AVCVect3@@ABVCQuat@@@Z 00408c40 f   PSINS.obj
 0001:00007db0       ?q2mat@@YA?AVCMat3@@ABVCQuat@@@Z 00408db0 f   PSINS.obj
 0001:00007f10       ?Ka2Cba@@YA?AVCMat3@@ABV1@AAVCVect3@@@Z 00408f10 f   PSINS.obj
 0001:00008010       ?Cba2Ka@@YA?AVCMat3@@ABV1@ABVCVect3@@@Z 00409010 f   PSINS.obj
 0001:000080b0       ?Ka22Kpn@@YAXABVCVect3@@0AAV1@1@Z 004090b0 f   PSINS.obj
 0001:00008170       ?Kpn2Ka2@@YAXABVCVect3@@0AAV1@1@Z 00409170 f   PSINS.obj
 0001:00008220       ?KgMdf@@YAXAAVCMat3@@PBNH@Z 00409220 f   PSINS.obj
 0001:000085a0       ?KaMdf@@YAXAAVCMat3@@PBNH@Z 004095a0 f   PSINS.obj
 0001:00008820       ?adj@@YA?AVCMat3@@ABV1@@Z  00409820 f   PSINS.obj
 0001:00008980       ?inv@@YA?AVCMat3@@ABV1@@Z  00409980 f   PSINS.obj
 0001:00008a20       ?diag@@YA?AVCVect3@@ABVCMat3@@@Z 00409a20 f   PSINS.obj
 0001:00008a80       ?diag@@YA?AVCMat3@@ABVCVect3@@@Z 00409a80 f   PSINS.obj
 0001:00008b10       ?diag@@YA?AVCMat3@@NNN@Z   00409b10 f   PSINS.obj
 0001:00008bd0       ?askew@@YA?AVCMat3@@ABV1@H@Z 00409bd0 f   PSINS.obj
 0001:00008d00       ?MMT@@YA?AVCMat3@@ABV1@0@Z 00409d00 f   PSINS.obj
 0001:00008e90       ?trMMT@@YANABVCMat3@@0@Z   00409e90 f   PSINS.obj
 0001:00008f50       ?norm@@YANABVCMat3@@@Z     00409f50 f   PSINS.obj
 0001:00008fa0       ?sfoam@@YA?AVCMat3@@ABV1@H@Z 00409fa0 f   PSINS.obj
 0001:000096b0       ??0CMat@@QAE@XZ            0040a6b0 f   PSINS.obj
 0001:000096e0       ??0CMat@@QAE@HH@Z          0040a6e0 f   PSINS.obj
 0001:00009740       ??0CMat@@QAE@HHN@Z         0040a740 f   PSINS.obj
 0001:000097d0       ??0CMat@@QAA@HHNNZZ        0040a7d0 f   PSINS.obj
 0001:00009880       ??0CMat@@QAE@HHPBN@Z       0040a880 f   PSINS.obj
 0001:00009900       ??0CMat@@QAA@HPBVCVect@@ZZ 0040a900 f   PSINS.obj
 0001:000099a0       ?Reset@CMat@@QAEXHH@Z      0040a9a0 f   PSINS.obj
 0001:000099f0       ?Clear@CMat@@QAEXN@Z       0040a9f0 f   PSINS.obj
 0001:00009a60       ?ClearRow@CMat@@QAEXHN@Z   0040aa60 f   PSINS.obj
 0001:00009ad0       ?ClearClm@CMat@@QAEXHN@Z   0040aad0 f   PSINS.obj
 0001:00009b40       ?ClearRC@CMat@@QAEXHHN@Z   0040ab40 f   PSINS.obj
 0001:00009bb0       ??DCMat@@QBE?AV0@ABV0@@Z   0040abb0 f   PSINS.obj
 0001:00009da0       ??DCMat@@QBE?AV0@ABVCMat3@@@Z 0040ada0 f   PSINS.obj
 0001:00009e30       ??DCMat@@QBE?AVCVect@@ABV1@@Z 0040ae30 f   PSINS.obj
 0001:00009f80       ??HCMat@@QBE?AV0@ABV0@@Z   0040af80 f   PSINS.obj
 0001:0000a080       ??YCMat@@QAEAAV0@ABVCVect@@@Z 0040b080 f   PSINS.obj
 0001:0000a110       ??GCMat@@QBE?AV0@ABV0@@Z   0040b110 f   PSINS.obj
 0001:0000a210       ??DCMat@@QBE?AV0@N@Z       0040b210 f   PSINS.obj
 0001:0000a2f0       ??4CMat@@QAEAAV0@N@Z       0040b2f0 f   PSINS.obj
 0001:0000a360       ??YCMat@@QAEAAV0@ABV0@@Z   0040b360 f   PSINS.obj
 0001:0000a3e0       ??ZCMat@@QAEAAV0@ABV0@@Z   0040b3e0 f   PSINS.obj
 0001:0000a460       ??XCMat@@QAEAAV0@N@Z       0040b460 f   PSINS.obj
 0001:0000a4d0       ??ECMat@@QAEAAV0@XZ        0040b4d0 f   PSINS.obj
 0001:0000a550       ??S@YA?AVCMat@@ABV0@@Z     0040b550 f   PSINS.obj
 0001:0000a650       ?symmetry@@YAXAAVCMat@@@Z  0040b650 f   PSINS.obj
 0001:0000a740       ?trace@@YANABVCMat@@@Z     0040b740 f   PSINS.obj
 0001:0000a7c0       ?dotmul@@YA?AVCMat@@ABV1@0@Z 0040b7c0 f   PSINS.obj
 0001:0000a8b0       ??RCMat@@QAEAANHH@Z        0040b8b0 f   PSINS.obj
 0001:0000a900       ?SetRow@CMat@@QAAXHNZZ     0040b900 f   PSINS.obj
 0001:0000a990       ?SetRow@CMat@@QAEXHABVCVect@@@Z 0040b990 f   PSINS.obj
 0001:0000aa10       ?SetClm@CMat@@QAAXHNZZ     0040ba10 f   PSINS.obj
 0001:0000aaa0       ?SetClm@CMat@@QAEXHABVCVect@@@Z 0040baa0 f   PSINS.obj
 0001:0000ab20       ?SetClmVect3@CMat@@QAEXHHABVCVect3@@@Z 0040bb20 f   PSINS.obj
 0001:0000abb0       ?SetClmVect3@CMat@@QAEXHHABVCVect3@@0@Z 0040bbb0 f   PSINS.obj
 0001:0000ac80       ?SetClmVect3@CMat@@QAEXHHABVCVect3@@00@Z 0040bc80 f   PSINS.obj
 0001:0000ad80       ?SetRowVect3@CMat@@QAEXHHABVCVect3@@@Z 0040bd80 f   PSINS.obj
 0001:0000add0       ?SetRowVect3@CMat@@QAEXHHABVCVect3@@0@Z 0040bdd0 f   PSINS.obj
 0001:0000ae30       ?SetRowVect3@CMat@@QAEXHHABVCVect3@@00@Z 0040be30 f   PSINS.obj
 0001:0000aeb0       ?GetRowVect3@CMat@@QBE?AVCVect3@@HH@Z 0040beb0 f   PSINS.obj
 0001:0000af00       ?GetClmVect3@CMat@@QBE?AVCVect3@@HH@Z 0040bf00 f   PSINS.obj
 0001:0000afb0       ?SetDiagVect3@CMat@@QAEXHHABVCVect3@@@Z 0040bfb0 f   PSINS.obj
 0001:0000b040       ?GetDiagVect3@CMat@@QBE?AVCVect3@@HH@Z 0040c040 f   PSINS.obj
 0001:0000b100       ?SetAskew@CMat@@QAEXHHABVCVect3@@@Z 0040c100 f   PSINS.obj
 0001:0000b1f0       ?SetMat3@CMat@@QAEXHHABVCMat3@@@Z 0040c1f0 f   PSINS.obj
 0001:0000b280       ?SetMat3@CMat@@QAEXHHABVCMat3@@0@Z 0040c280 f   PSINS.obj
 0001:0000b340       ?SetMat3@CMat@@QAEXHHABVCMat3@@00@Z 0040c340 f   PSINS.obj
 0001:0000b440       ?GetMat3@CMat@@QBE?AVCMat3@@HH@Z 0040c440 f   PSINS.obj
 0001:0000b500       ?SubAddMat3@CMat@@QAEXHHABVCMat3@@@Z 0040c500 f   PSINS.obj
 0001:0000b590       ?GetRow@CMat@@QBE?AVCVect@@H@Z 0040c590 f   PSINS.obj
 0001:0000b670       ?GetRow@CMat@@QAEXAAVCVect@@H@Z 0040c670 f   PSINS.obj
 0001:0000b720       ?GetClm@CMat@@QBE?AVCVect@@H@Z 0040c720 f   PSINS.obj
 0001:0000b800       ?GetClm@CMat@@QBA?AV1@HHZZ 0040c800 f   PSINS.obj
 0001:0000b980       ?GetClm@CMat@@QAEXAAVCVect@@H@Z 0040c980 f   PSINS.obj
 0001:0000ba20       ?ZeroRow@CMat@@QAEXH@Z     0040ca20 f   PSINS.obj
 0001:0000ba90       ?ZeroClm@CMat@@QAEXH@Z     0040ca90 f   PSINS.obj
 0001:0000bb00       ?ZeroRC@CMat@@QAEXHH@Z     0040cb00 f   PSINS.obj
 0001:0000bb60       ?SetDiag@CMat@@QAAXNZZ     0040cb60 f   PSINS.obj
 0001:0000bc40       ?SetDiag2@CMat@@QAAXNZZ    0040cc40 f   PSINS.obj
 0001:0000bd20       ?SetAscend@CMat@@QAEXNN@Z  0040cd20 f   PSINS.obj
 0001:0000bd90       ?norm1@@YANABVCMat@@@Z     0040cd90 f   PSINS.obj
 0001:0000bdd0       ?normInf@@YANABVCMat@@@Z   0040cdd0 f   PSINS.obj
 0001:0000be10       ?diag@@YA?AVCVect@@ABVCMat@@@Z 0040ce10 f   PSINS.obj
 0001:0000bef0       ?eye@@YA?AVCMat@@H@Z       0040cef0 f   PSINS.obj
 0001:0000bfb0       ?MatExam@@YA?AVCMat@@HH@Z  0040cfb0 f   PSINS.obj
 0001:0000c040       ?inv4@@YA?AVCMat@@ABV1@@Z  0040d040 f   PSINS.obj
 0001:0000c320       ?inv6@@YA?AVCMat@@ABV1@@Z  0040d320 f   PSINS.obj
 0001:0000c5d0       ?lss@@YA?AVCVect@@ABVCMat@@ABV1@@Z 0040d5d0 f   PSINS.obj
 0001:0000c710       ?RowMul@@YAXAAVCMat@@ABV1@1HH@Z 0040d710 f   PSINS.obj
 0001:0000c830       ?RowMulT@@YAXAAVCMat@@ABV1@1HH@Z 0040d830 f   PSINS.obj
 0001:0000c950       ?diag@@YA?AVCMat@@ABVCVect@@@Z 0040d950 f   PSINS.obj
 0001:0000ca60       ?DVMDVafa@@YAXABVCVect@@AAVCMat@@N@Z 0040da60 f   PSINS.obj
 0001:0000cb50       ??0CVect@@QAE@XZ           0040db50 f   PSINS.obj
 0001:0000cb80       ??0CVect@@QAE@HH@Z         0040db80 f   PSINS.obj
 0001:0000cbf0       ??0CVect@@QAE@HN@Z         0040dbf0 f   PSINS.obj
 0001:0000cc70       ??0CVect@@QAE@HPBN@Z       0040dc70 f   PSINS.obj
 0001:0000ccf0       ??0CVect@@QAA@HNNZZ        0040dcf0 f   PSINS.obj
 0001:0000cdd0       ??0CVect@@QAE@ABVCVect3@@@Z 0040ddd0 f   PSINS.obj
 0001:0000ce60       ??0CVect@@QAE@ABVCVect3@@V1@@Z 0040de60 f   PSINS.obj
 0001:0000cf10       ?Clear@CVect@@QAEXXZ       0040df10 f   PSINS.obj
 0001:0000cf70       ?Reset@CVect@@QAEXHH@Z     0040df70 f   PSINS.obj
 0001:0000cfe0       ??G@YA?AVCVect@@ABV0@@Z    0040dfe0 f   PSINS.obj
 0001:0000d080       ??S@YA?AVCVect@@ABV0@@Z    0040e080 f   PSINS.obj
 0001:0000d0e0       ??DCVect@@QBE?AV0@ABVCMat@@@Z 0040e0e0 f   PSINS.obj
 0001:0000d240       ??DCVect@@QBE?AVCMat@@ABV0@@Z 0040e240 f   PSINS.obj
 0001:0000d400       ??HCVect@@QBE?AV0@ABV0@@Z  0040e400 f   PSINS.obj
 0001:0000d4e0       ??GCVect@@QBE?AV0@ABV0@@Z  0040e4e0 f   PSINS.obj
 0001:0000d5c0       ??DCVect@@QBE?AV0@N@Z      0040e5c0 f   PSINS.obj
 0001:0000d6a0       ??4CVect@@QAEAAV0@N@Z      0040e6a0 f   PSINS.obj
 0001:0000d710       ??4CVect@@QAEAAV0@PBN@Z    0040e710 f   PSINS.obj
 0001:0000d780       ??4CVect@@QAEAAV0@ABVCMat3@@@Z 0040e780 f   PSINS.obj
 0001:0000d7f0       ??YCVect@@QAEAAV0@ABV0@@Z  0040e7f0 f   PSINS.obj
 0001:0000d870       ??ZCVect@@QAEAAV0@ABV0@@Z  0040e870 f   PSINS.obj
 0001:0000d8f0       ??XCVect@@QAEAAV0@N@Z      0040e8f0 f   PSINS.obj
 0001:0000d960       ?dot@@YANABVCVect@@0@Z     0040e960 f   PSINS.obj
 0001:0000d9e0       ?dotmul@@YA?AVCVect@@ABV1@0@Z 0040e9e0 f   PSINS.obj
 0001:0000dad0       ?pow@@YA?AVCVect@@ABV1@H@Z 0040ead0 f   PSINS.obj
 0001:0000dbc0       ?abs@@YA?AVCVect@@ABV1@@Z  0040ebc0 f   PSINS.obj
 0001:0000dcd0       ?neg@@YAXAAVCVect@@QBHH@Z  0040ecd0 f   PSINS.obj
 0001:0000dd60       ?enlarge@@YAXAAVCVect@@NQBHH@Z 0040ed60 f   PSINS.obj
 0001:0000ddf0       ?norm@@YANABVCVect@@@Z     0040edf0 f   PSINS.obj
 0001:0000de30       ?norm1@@YANABVCVect@@@Z    0040ee30 f   PSINS.obj
 0001:0000de70       ?normInf@@YANABVCVect@@@Z  0040ee70 f   PSINS.obj
 0001:0000deb0       ??RCVect@@QAEAANH@Z        0040eeb0 f   PSINS.obj
 0001:0000dee0       ?Set@CVect@@QAAXNZZ        0040eee0 f   PSINS.obj
 0001:0000df70       ?Set2@CVect@@QAAXNZZ       0040ef70 f   PSINS.obj
 0001:0000e000       ?SetVect3@CVect@@QAEXHABVCVect3@@@Z 0040f000 f   PSINS.obj
 0001:0000e040       ?Set2Vect3@CVect@@QAEXHABVCVect3@@@Z 0040f040 f   PSINS.obj
 0001:0000e0c0       ?SetAscend@CVect@@QAEXNN@Z 0040f0c0 f   PSINS.obj
 0001:0000e130       ?SetBit@CVect@@QAEXIN@Z    0040f130 f   PSINS.obj
 0001:0000e1a0       ?SetBit@CVect@@QAEXIABVCVect3@@@Z 0040f1a0 f   PSINS.obj
 0001:0000e230       ?Seti2j@CVect@@QAEXHHN@Z   0040f230 f   PSINS.obj
 0001:0000e2b0       ?GetVect3@CVect@@QBE?AVCVect3@@H@Z 0040f2b0 f   PSINS.obj
 0001:0000e2f0       ?mean@@YANABVCVect@@@Z     0040f2f0 f   PSINS.obj
 0001:0000e360       ?sort@@YA?AVCVect@@ABV1@@Z 0040f360 f   PSINS.obj
 0001:0000e480       ??0CPolyfit@@QAE@XZ        0040f480 f   PSINS.obj
 0001:0000e4b0       ?Init@CPolyfit@@UAEXNHN@Z  0040f4b0 f   PSINS.obj
 0001:0000e5f0       ?SetP@CPolyfit@@QAAXNZZ    0040f5f0 f   PSINS.obj
 0001:0000e670       ?SetUD@CPolyfit@@QAAXNZZ   0040f670 f   PSINS.obj
 0001:0000e760       ?SetHk@CPolyfit@@QAAXNZZ   0040f760 f   PSINS.obj
 0001:0000e7e0       ?UpdateP@CPolyfit@@QAEXN@Z 0040f7e0 f   PSINS.obj
 0001:0000ea60       ?Update@CPolyfit@@QAEXNN@Z 0040fa60 f   PSINS.obj
 0001:0000eb80       ?eval@CPolyfit@@QAENN@Z    0040fb80 f   PSINS.obj
 0001:0000ec50       ??0CPolyfit3@@QAE@XZ       0040fc50 f   PSINS.obj
 0001:0000ecb0       ??_H@YGXPAXIHP6EX0@Z@Z     0040fcb0 f i PSINS.obj
 0001:0000ed10       ?Init@CPolyfit3@@UAEXNHN@Z 0040fd10 f   PSINS.obj
 0001:0000eda0       ?Update@CPolyfit3@@QAEXABVCVect3@@N@Z 0040fda0 f   PSINS.obj
 0001:0000ef00       ?eval@CPolyfit3@@QAE?AVCVect3@@N@Z 0040ff00 f   PSINS.obj
 0001:0000f020       ??0CIIR@@QAE@XZ            00410020 f   PSINS.obj
 0001:0000f050       ??0CIIR@@QAE@PAN0H@Z       00410050 f   PSINS.obj
 0001:0000f110       ?Update@CIIR@@QAENN@Z      00410110 f   PSINS.obj
 0001:0000f220       ??0CIIRV3@@QAE@XZ          00410220 f   PSINS.obj
 0001:0000f290       ??0CIIRV3@@QAE@PAN0H00H00H@Z 00410290 f   PSINS.obj
 0001:0000f3b0       ?Update@CIIRV3@@QAE?AVCVect3@@ABV2@@Z 004103b0 f   PSINS.obj
 0001:0000f470       ??0CRAvar@@QAE@XZ          00410470 f   PSINS.obj
 0001:0000f4a0       ??0CRAvar@@QAE@HH@Z        004104a0 f   PSINS.obj
 0001:0000f520       ?set@CRAvar@@QAEXNNNNH@Z   00410520 f   PSINS.obj
 0001:0000f640       ?set@CRAvar@@QAEXABVCVect3@@000@Z 00410640 f   PSINS.obj
 0001:0000f700       ?set@CRAvar@@QAEXABVCVect@@000@Z 00410700 f   PSINS.obj
 0001:0000f7d0       ?Update@CRAvar@@QAEXNNH@Z  004107d0 f   PSINS.obj
 0001:0000f9d0       ?Update@CRAvar@@QAEXABVCVect3@@N@Z 004109d0 f   PSINS.obj
 0001:0000fa50       ?Update@CRAvar@@QAEXABVCVect@@N@Z 00410a50 f   PSINS.obj
 0001:0000fad0       ??RCRAvar@@QBENH@Z         00410ad0 f   PSINS.obj
 0001:0000fb50       ??0CVAR@@QAE@HN@Z          00410b50 f   PSINS.obj
 0001:0000fc10       ?Update@CVAR@@QAENNH@Z     00410c10 f   PSINS.obj
 0001:0000fd90       ??0CVARn@@QAE@XZ           00410d90 f   PSINS.obj
 0001:0000fdd0       ??0CVARn@@QAE@HH@Z         00410dd0 f   PSINS.obj
 0001:0000ff50       ??1CVARn@@QAE@XZ           00410f50 f   PSINS.obj
 0001:0000ffe0       ?Reset@CVARn@@QAEXXZ       00410fe0 f   PSINS.obj
 0001:00010070       ?Update@CVARn@@QAEHPBN@Z   00411070 f   PSINS.obj
 0001:000102b0       ?Update@CVARn@@QAAHNZZ     004112b0 f   PSINS.obj
 0001:00010340       ??0CContLarge@@QAE@XZ      00411340 f   PSINS.obj
 0001:00010370       ??0CContLarge@@QAE@NNH@Z   00411370 f   PSINS.obj
 0001:000103e0       ?Update@CContLarge@@QAEHNN@Z 004113e0 f   PSINS.obj
 0001:000104a0       ??0CAbnomalCnt@@QAE@XZ     004114a0 f   PSINS.obj
 0001:000104d0       ??0CAbnomalCnt@@QAE@HNNN@Z 004114d0 f   PSINS.obj
 0001:00010580       ?Update@CAbnomalCnt@@QAEHNN@Z 00411580 f   PSINS.obj
 0001:00010640       ??0CWzhold@@QAE@XZ         00411640 f   PSINS.obj
 0001:00010670       ?Init@CWzhold@@QAEXNNNH@Z  00411670 f   PSINS.obj
 0001:00010730       ?Reset@CWzhold@@QAEXXZ     00411730 f   PSINS.obj
 0001:000107a0       ?Update@CWzhold@@QAEHN@Z   004117a0 f   PSINS.obj
 0001:00010ae0       ??0CMaxMin@@QAE@HHM@Z      00411ae0 f   PSINS.obj
 0001:00010b30       ?Init@CMaxMin@@QAEXHHM@Z   00411b30 f   PSINS.obj
 0001:00010c60       ?Restart@CMaxMin@@QAEXXZ   00411c60 f   PSINS.obj
 0001:00010cb0       ?Update@CMaxMin@@QAEHM@Z   00411cb0 f   PSINS.obj
 0001:00010e90       ??0CMaxMinn@@QAE@HHHM@Z    00411e90 f   PSINS.obj
 0001:00010ef0       ??_FCMaxMin@@QAEXXZ        00411ef0 f i PSINS.obj
 0001:00010f30       ?Init@CMaxMinn@@QAEXHHHM@Z 00411f30 f   PSINS.obj
 0001:00010fd0       ?Restart@CMaxMinn@@QAEXXZ  00411fd0 f   PSINS.obj
 0001:00011040       ?Update@CMaxMinn@@QAAHMZZ  00412040 f   PSINS.obj
 0001:000110e0       ?Update@CMaxMinn@@QAEHABVCVect3@@@Z 004120e0 f   PSINS.obj
 0001:00011170       ?Update@CMaxMinn@@QAEHABVCVect3@@0@Z 00412170 f   PSINS.obj
 0001:00011250       ?Update@CMaxMinn@@QAEHABVCVect3@@00@Z 00412250 f   PSINS.obj
 0001:00011380       ?Update@CMaxMinn@@QAEHABVCVect3@@000@Z 00412380 f   PSINS.obj
 0001:00011500       ?Update@CMaxMinn@@QAEHABVCVect3@@0000@Z 00412500 f   PSINS.obj
 0001:000116e0       ?ResFloat@CMaxMinn@@QAEMHH@Z 004126e0 f   PSINS.obj
 0001:00011760       ?ResVect3@CMaxMinn@@QAE?AVCVect3@@HH@Z 00412760 f   PSINS.obj
 0001:00011930       ??0CKalman@@QAE@XZ         00412930 f   PSINS.obj
 0001:00011b90       ??0CKalman@@QAE@HH@Z       00412b90 f   PSINS.obj
 0001:00011e10       ?Init@CKalman@@QAEXHH@Z    00412e10 f   PSINS.obj
 0001:00012400       ?SetRmmbt@CKalman@@QAEXNNNN@Z 00413400 f   PSINS.obj
 0001:00012500       ?SetRmaxcount@CKalman@@QAEXH@Z 00413500 f   PSINS.obj
 0001:00012570       ?SetInnoMaxcount@CKalman@@QAEXH@Z 00413570 f   PSINS.obj
 0001:000125e0       ?SetZmm@CKalman@@QAEXHHNH@Z 004135e0 f   PSINS.obj
 0001:00012660       ?SetZmmVn@CKalman@@QAEXABVCVect3@@H@Z 00413660 f   PSINS.obj
 0001:000126e0       ?SetZmmPos@CKalman@@QAEXABVCVect3@@H@Z 004136e0 f   PSINS.obj
 0001:00012760       ?TimeUpdate@CKalman@@QAEXNH@Z 00413760 f   PSINS.obj
 0001:00012980       ?SetStatMask@CKalman@@QAEXIHIHI@Z 00413980 f   PSINS.obj
 0001:00012bb0       ?SetMeasMask@CKalman@@QAEXIH@Z 00413bb0 f   PSINS.obj
 0001:00012c70       ?SetMeasFlag@CKalman@@QAEXIH@Z 00413c70 f   PSINS.obj
 0001:00012ce0       ?SetMeasStop@CKalman@@QAEXIN@Z 00413ce0 f   PSINS.obj
 0001:00012d80       ?SetRadptStop@CKalman@@QAEXIN@Z 00413d80 f   PSINS.obj
 0001:00012dd0       ?MeasUpdate@CKalman@@QAEHN@Z 00413dd0 f   PSINS.obj
 0001:00013170       ?MeasUD@@YAXQAN0QBNN0H@Z   00414170 f   PSINS.obj
 0001:000134a0       ?RAdaptive@CKalman@@QAEHHNN@Z 004144a0 f   PSINS.obj
 0001:000136c0       ?RPkFading@CKalman@@QAEXH@Z 004146c0 f   PSINS.obj
 0001:000137b0       ?ZmmPkSet@CKalman@@QAEXH@Z 004147b0 f   PSINS.obj
 0001:00013880       ?XPConstrain@CKalman@@QAEXXZ 00414880 f   PSINS.obj
 0001:00013bc0       ?PmaxPminCheck@CKalman@@QAEXXZ 00414bc0 f   PSINS.obj
 0001:00013cc0       ?Feedback@CKalman@@UAEXHN@Z 00414cc0 f   PSINS.obj
 0001:00013f10       ?FeedbackAll@CKalman@@QAEXXZ 00414f10 f   PSINS.obj
 0001:00014040       ?RtFading@CKalman@@QAEXHN@Z 00415040 f   PSINS.obj
 0001:00014190       ?fusion@@YAXPAN0PBN1H00@Z  00415190 f   PSINS.obj
 0001:00014340       ?fusion@@YAXAAVCVect3@@0V1@1@Z 00415340 f   PSINS.obj
 0001:00014390       ?fusion@@YAXAAVCVect3@@0V1@100@Z 00415390 f   PSINS.obj
 0001:000143e0       ??0CSINSTDKF@@QAE@XZ       004153e0 f   PSINS.obj
 0001:000144c0       ??0CSINSTDKF@@QAE@HH@Z     004154c0 f   PSINS.obj
 0001:000145e0       ?Init@CSINSTDKF@@QAEXABVCSINS@@@Z 004155e0 f   PSINS.obj
 0001:00014800       ?TDReset@CSINSTDKF@@QAEXXZ 00415800 f   PSINS.obj
 0001:00014870       ?Innovationi@CSINSTDKF@@QAENH@Z 00415870 f   PSINS.obj
 0001:00014920       ?TDUpdate@CSINSTDKF@@QAEHPBVCVect3@@0HNH@Z 00415920 f   PSINS.obj
 0001:00015760       ?MeasUpdate@CSINSTDKF@@QAEXABVCVect@@NN@Z 00416760 f   PSINS.obj
 0001:00015920       ?MarkovGyro@CSINSTDKF@@QAEXABVCVect3@@0H@Z 00416920 f   PSINS.obj
 0001:000159a0       ?MarkovAcc@CSINSTDKF@@QAEXABVCVect3@@0H@Z 004169a0 f   PSINS.obj
 0001:00015a20       ?SetYaw@CSINSTDKF@@QAEXNHH@Z 00416a20 f   PSINS.obj
 0001:00015c20       ?PSetVertCh@CSINSTDKF@@QAEXNNN@Z 00416c20 f   PSINS.obj
 0001:00015d00       ?SetCalcuBurden@CSINSTDKF@@QAENIH@Z 00416d00 f   PSINS.obj
 0001:00015e80       ??0CSINSGNSS@@QAE@XZ       00416e80 f   PSINS.obj
 0001:00015ee0       ??0CSINSGNSS@@QAE@HHNH@Z   00416ee0 f   PSINS.obj
 0001:00016210       ?Init@CSINSGNSS@@QAEXABVCSINS@@H@Z 00417210 f   PSINS.obj
 0001:000175b0       ?SetFt@CSINSGNSS@@UAEXH@Z  004185b0 f   PSINS.obj
 0001:00017e00       ?SetHk@CSINSGNSS@@UAEXH@Z  00418e00 f   PSINS.obj
 0001:00017f60       ?Feedback@CSINSGNSS@@UAEXHN@Z 00418f60 f   PSINS.obj
 0001:000185c0       ?SetMeasGNSS@CSINSGNSS@@QAEXABVCVect3@@0N@Z 004195c0 f   PSINS.obj
 0001:00018790       ?MeasGNSSZvStop@CSINSGNSS@@QAEXAAVCVect3@@N@Z 00419790 f   PSINS.obj
 0001:00018850       ?MeasGNSSZpStop@CSINSGNSS@@QAEXAAVCVect3@@N@Z 00419850 f   PSINS.obj
 0001:00018910       ?MeasGNSSZp2X@CSINSGNSS@@QAEXAAVCVect3@@@Z 00419910 f   PSINS.obj
 0001:000189d0       ?Leveling@CSINSGNSS@@QAEXXZ 004199d0 f   PSINS.obj
 0001:00018a90       ?Update@CSINSGNSS@@QAEHPBVCVect3@@0HNH@Z 00419a90 f   PSINS.obj
 0001:00018b20       ??6CSINSGNSS@@QAEXAAVCFileRdWt@@@Z 00419b20 f   PSINS.obj
 0001:00018c20       ?LogXk@CSINSGNSS@@QAEXXZ   00419c20 f   PSINS.obj
 0001:00019090       ??0CSysClbt@@QAE@ABVCVect3@@NH@Z 0041a090 f   PSINS.obj
 0001:000191a0       ?SetHk@CSysClbt@@UAEXH@Z   0041a1a0 f i PSINS.obj
 0001:000191d0       ?SetMeas@CSysClbt@@UAEXXZ  0041a1d0 f i PSINS.obj
 0001:00019200       ?Init@CSysClbt@@QAEXN@Z    0041a200 f   PSINS.obj
 0001:00019a00       ?NextIter@CSysClbt@@QAEXABVCQuat@@@Z 0041aa00 f   PSINS.obj
 0001:00019ed0       ?SetFt@CSysClbt@@UAEXH@Z   0041aed0 f   PSINS.obj
 0001:0001a350       ?Feedback@CSysClbt@@UAEXHN@Z 0041b350 f   PSINS.obj
 0001:0001a5a0       ?Update@CSysClbt@@QAEHPBVCVect3@@0HNH@Z 0041b5a0 f   PSINS.obj
 0001:0001a6b0       ?Log@CSysClbt@@QAEXXZ      0041b6b0 f   PSINS.obj
 0001:0001a860       ?LogXk@CSysClbt@@QAEXXZ    0041b860 f   PSINS.obj
 0001:0001abe0       ??0CPOS618@@QAE@XZ         0041bbe0 f   PSINS.obj
 0001:0001ac80       ??0CPOS618@@QAE@NNH@Z      0041bc80 f   PSINS.obj
 0001:0001aec0       ??1CPOS618@@QAE@XZ         0041bec0 f   PSINS.obj
 0001:0001b0b0       ??_GCRMemory@@QAEPAXI@Z    0041c0b0 f i PSINS.obj
 0001:0001b110       ??_GCSmooth@@QAEPAXI@Z     0041c110 f i PSINS.obj
 0001:0001b170       ??_GCFileRdWt@@QAEPAXI@Z   0041c170 f i PSINS.obj
 0001:0001b1d0       ?Load@CPOS618@@QAEHPADNN@Z 0041c1d0 f   PSINS.obj
 0001:0001b640       ?Init@CPOS618@@QAEXNABVCVect3@@@Z 0041c640 f   PSINS.obj
 0001:0001bb00       ?Forward@CPOS618@@QAEXXZ   0041cb00 f   PSINS.obj
 0001:0001be80       ?Backward@CPOS618@@QAEXXZ  0041ce80 f   PSINS.obj
 0001:0001c320       ?Reverse@CPOS618@@QAEXXZ   0041d320 f   PSINS.obj
 0001:0001c550       ?Smooth@CPOS618@@QAEXXZ    0041d550 f   PSINS.obj
 0001:0001c580       ?Process@CPOS618@@QAEXPADH@Z 0041d580 f   PSINS.obj
 0001:0001c660       ??0CSINSGNSSCNS@@QAE@XZ    0041d660 f   PSINS.obj
 0001:0001c6c0       ??0CSINSGNSSCNS@@QAE@N@Z   0041d6c0 f   PSINS.obj
 0001:0001c790       ?SetCNS@CSINSGNSSCNS@@QAEXHHHNNN@Z 0041d790 f   PSINS.obj
 0001:0001c830       ?Init@CSINSGNSSCNS@@QAEXABVCSINS@@H@Z 0041d830 f   PSINS.obj
 0001:0001cc20       ?SetHk@CSINSGNSSCNS@@UAEXH@Z 0041dc20 f   PSINS.obj
 0001:0001ccd0       ?Feedback@CSINSGNSSCNS@@UAEXHN@Z 0041dcd0 f   PSINS.obj
 0001:0001cd60       ?SetMeasCNS@CSINSGNSSCNS@@QAEXAAVCQuat@@@Z 0041dd60 f   PSINS.obj
 0001:0001ce50       ?SetMeasCNS@CSINSGNSSCNS@@QAEXAAVCVect3@@@Z 0041de50 f   PSINS.obj
 0001:0001cf10       ??0CSINSGNSSDR@@QAE@XZ     0041df10 f   PSINS.obj
 0001:0001cf90       ?SetHk@CSINSGNSSDR@@UAEXH@Z 0041df90 f i PSINS.obj
 0001:0001cfc0       ??0CSINSGNSSDR@@QAE@N@Z    0041dfc0 f   PSINS.obj
 0001:0001d150       ?Init@CSINSGNSSDR@@QAEXABVCSINS@@H@Z 0041e150 f   PSINS.obj
 0001:0001d760       ?SetFt@CSINSGNSSDR@@UAEXH@Z 0041e760 f   PSINS.obj
 0001:0001d8f0       ?Feedback@CSINSGNSSDR@@UAEXHN@Z 0041e8f0 f   PSINS.obj
 0001:0001d9e0       ?SetMeas@CSINSGNSSDR@@UAEXXZ 0041e9e0 f   PSINS.obj
 0001:0001da70       ?SetMeasGNSS@CSINSGNSSDR@@QAEXABVCVect3@@0N@Z 0041ea70 f   PSINS.obj
 0001:0001dcb0       ?Update@CSINSGNSSDR@@QAEHPBVCVect3@@0NHNH@Z 0041ecb0 f   PSINS.obj
 0001:0001de10       ??0CSINSGNSSOD@@QAE@XZ     0041ee10 f   PSINS.obj
 0001:0001df20       ?SetMeas@CSINSGNSSOD@@UAEXXZ 0041ef20 f i PSINS.obj
 0001:0001df50       ??0CSINSGNSSOD@@QAE@HHNH@Z 0041ef50 f   PSINS.obj
 0001:0001e1a0       ?Init@CSINSGNSSOD@@QAEXABVCSINS@@H@Z 0041f1a0 f   PSINS.obj
 0001:0001e230       ?SetDistance@CSINSGNSSOD@@QAEXN@Z 0041f230 f   PSINS.obj
 0001:0001e2f0       ?ODKappa@CSINSGNSSOD@@QAE?AVCVect3@@ABV2@@Z 0041f2f0 f   PSINS.obj
 0001:0001e3f0       ?ODVelUpdate@CSINSGNSSOD@@QAEHN@Z 0041f3f0 f   PSINS.obj
 0001:0001ead0       ?Update@CSINSGNSSOD@@QAEHPBVCVect3@@0NHNH@Z 0041fad0 f   PSINS.obj
 0001:0001eb70       ??6CSINSGNSSOD@@QAEXAAVCFileRdWt@@@Z 0041fb70 f   PSINS.obj
 0001:0001ece0       ??0CAutoDrive@@QAE@XZ      0041fce0 f   PSINS.obj
 0001:0001ed50       ?SetMeas@CAutoDrive@@UAEXXZ 0041fd50 f i PSINS.obj
 0001:0001ed80       ??0CAutoDrive@@QAE@N@Z     0041fd80 f   PSINS.obj
 0001:0001ef50       ?Init@CAutoDrive@@QAEXABVCSINS@@H@Z 0041ff50 f   PSINS.obj
 0001:0001f430       ?SetFt@CAutoDrive@@UAEXH@Z 00420430 f   PSINS.obj
 0001:0001f470       ?SetHk@CAutoDrive@@UAEXH@Z 00420470 f   PSINS.obj
 0001:0001f4a0       ?Feedback@CAutoDrive@@UAEXHN@Z 004204a0 f   PSINS.obj
 0001:0001f570       ?ZUPTtest@CAutoDrive@@QAEXXZ 00420570 f   PSINS.obj
 0001:0001f670       ?ZIHRtest@CAutoDrive@@QAEXXZ 00420670 f   PSINS.obj
 0001:0001f770       ?NHCtest@CAutoDrive@@QAEXXZ 00420770 f   PSINS.obj
 0001:0001f8c0       ?SetGNSSFixMode@CAutoDrive@@QAEXH@Z 004208c0 f   PSINS.obj
 0001:0001fa90       ?Update@CAutoDrive@@QAEHPBVCVect3@@0NHNH@Z 00420a90 f   PSINS.obj
 0001:0001fcd0       ??0CSGOClbt@@QAE@N@Z       00420cd0 f   PSINS.obj
 0001:0001fda0       ?Init@CSGOClbt@@QAEXABVCSINS@@H@Z 00420da0 f   PSINS.obj
 0001:000202f0       ?SetFt@CSGOClbt@@UAEXH@Z   004212f0 f   PSINS.obj
 0001:00020360       ?SetHk@CSGOClbt@@UAEXH@Z   00421360 f   PSINS.obj
 0001:00020420       ?Feedback@CSGOClbt@@UAEXHN@Z 00421420 f   PSINS.obj
 0001:00020560       ?Update@CSGOClbt@@QAEHPBVCVect3@@0NHNH@Z 00421560 f   PSINS.obj
 0001:00020640       ??0CVAutoPOS@@QAE@XZ       00421640 f   PSINS.obj
 0001:00020690       ??0CVAutoPOS@@QAE@N@Z      00421690 f   PSINS.obj
 0001:000206f0       ?Init@CVAutoPOS@@UAEXABVCSINS@@H@Z 004216f0 f   PSINS.obj
 0001:00020990       ?SetFt@CVAutoPOS@@UAEXH@Z  00421990 f   PSINS.obj
 0001:000209d0       ?SetHk@CVAutoPOS@@UAEXH@Z  004219d0 f   PSINS.obj
 0001:00020a00       ?Feedback@CVAutoPOS@@UAEXHN@Z 00421a00 f   PSINS.obj
 0001:00020ad0       ?Update@CVAutoPOS@@QAEHPBVCVect3@@0NHNH@Z 00421ad0 f   PSINS.obj
 0001:00020bb0       ?Init@CCAM@@QAEXABVCVect3@@0NN0@Z 00421bb0 f   PSINS.obj
 0001:00020c80       ?TUpdate@CCAM@@QAEXNN@Z    00421c80 f   PSINS.obj
 0001:00020d90       ?MUpdate@CCAM@@QAEXNN@Z    00421d90 f   PSINS.obj
 0001:00021080       ?Update@CCAM@@QAEXNNNN@Z   00422080 f   PSINS.obj
 0001:000210e0       ?Init@CCALLH@@QAEXABVCVect3@@0NN0@Z 004220e0 f   PSINS.obj
 0001:000211a0       ?Update@CCALLH@@QAEXN@Z    004221a0 f   PSINS.obj
 0001:00021230       ?Update@CCALLH@@QAEXABVCVect3@@@Z 00422230 f   PSINS.obj
 0001:000212c0       ?Update@CCALLH@@QAEXNABVCVect3@@@Z 004222c0 f   PSINS.obj
 0001:00021310       ?GetdPos@CCALLH@@QAE?AVCVect3@@ABVCSINS@@@Z 00422310 f   PSINS.obj
 0001:000213a0       ?GetdVn@CCALLH@@QAE?AVCVect3@@XZ 004223a0 f   PSINS.obj
 0001:00021420       ?GetPhi@CCALLH@@QAE?AVCVect3@@PAN@Z 00422420 f   PSINS.obj
 0001:000214c0       ?GetAVP@CCALLH@@QAENAAVCVect3@@00ABVCSINS@@@Z 004224c0 f   PSINS.obj
 0001:000215a0       ??0CGKP@@QAE@NN@Z          004225a0 f   PSINS.obj
 0001:000215f0       ?Init@CGKP@@QAEXNN@Z       004225f0 f   PSINS.obj
 0001:00021850       ?GKPCore@CGKP@@AAE?AVCVect3@@ABV2@@Z 00422850 f   PSINS.obj
 0001:00021c50       ?IGKPCore@CGKP@@AAE?AVCVect3@@ABV2@@Z 00422c50 f   PSINS.obj
 0001:000220f0       ?GKP@CGKP@@QAE?AVCVect3@@ABV2@@Z 004230f0 f   PSINS.obj
 0001:000221d0       ?IGKP@CGKP@@QAE?AVCVect3@@ABV2@@Z 004231d0 f   PSINS.obj
 0001:000222b0       ??0CEarth@@QAE@NNN@Z       004232b0 f   PSINS.obj
 0001:00022390       ?Init@CEarth@@QAEXNNN@Z    00423390 f   PSINS.obj
 0001:000224a0       ?Update@CEarth@@QAEXABVCVect3@@0H@Z 004234a0 f   PSINS.obj
 0001:000229b0       ?vn2dpos@CEarth@@QBE?AVCVect3@@ABV2@N@Z 004239b0 f   PSINS.obj
 0001:00022a40       ?vn2dpos@CEarth@@QBEXAAVCVect3@@ABV2@N@Z 00423a40 f   PSINS.obj
 0001:00022aa0       ?pos2g@@YANABVCVect3@@@Z   00423aa0 f   PSINS.obj
 0001:00022b20       ?pos2wnie@@YA?AVCVect3@@ABV1@@Z 00423b20 f   PSINS.obj
 0001:00022ba0       ??0CIMU@@QAE@XZ            00423ba0 f   PSINS.obj
 0001:000231f0       ?Reset@CIMU@@QAEXXZ        004241f0 f   PSINS.obj
 0001:000232c0       ?SetRFU@CIMU@@QAEXPBD@Z    004242c0 f   PSINS.obj
 0001:00023330       ?SetSf@CIMU@@QAEXABVCVect3@@0@Z 00424330 f   PSINS.obj
 0001:00023390       ?SetTemp@CIMU@@QAEXPANH@Z  00424390 f   PSINS.obj
 0001:00023460       ?SetKga@CIMU@@QAEXABVCMat3@@VCVect3@@0ABV3@@Z 00424460 f   PSINS.obj
 0001:000234e0       ?SetgSens@CIMU@@QAEXABVCMat3@@00@Z 004244e0 f   PSINS.obj
 0001:00023590       ?SetKa2@CIMU@@QAEXABVCVect3@@@Z 00424590 f   PSINS.obj
 0001:000235e0       ?SetKapn@CIMU@@QAEXABVCVect3@@@Z 004245e0 f   PSINS.obj
 0001:00023630       ?SetLvtGA@CIMU@@QAEXABVCVect3@@00N@Z 00424630 f   PSINS.obj
 0001:000236c0       ?SetTau@CIMU@@QAEXABVCVect3@@00@Z 004246c0 f   PSINS.obj
 0001:00023730       ?SetCba@CIMU@@QAEXABVCMat3@@@Z 00424730 f   PSINS.obj
 0001:00023a10       ?GetMeanwf@CIMU@@QAENAAVCVect3@@0H@Z 00424a10 f   PSINS.obj
 0001:00023b10       ?Update@CIMU@@QAENPBVCVect3@@0HN@Z 00424b10 f   PSINS.obj
 0001:00024cb0       ?IMURFU@@YAXPAVCVect3@@HPBD@Z 00425cb0 f   PSINS.obj
 0001:00024e10       ?IMURFU@@YAXPAVCVect3@@0HPBD@Z 00425e10 f   PSINS.obj
 0001:00024e70       ?IMUStatic@@YAXAAVCVect3@@000N@Z 00425e70 f   PSINS.obj
 0001:00024fa0       ?lsclbt@@YA?AVCMat@@AAV1@0@Z 00425fa0 f   PSINS.obj
 0001:00025270       ??0CIMUInc@@QAE@NN@Z       00426270 f   PSINS.obj
 0001:000252c0       ?Init@CIMUInc@@QAEXNN@Z    004262c0 f   PSINS.obj
 0001:00025430       ?Update@CIMUInc@@QAEXABVCVect3@@0@Z 00426430 f   PSINS.obj
 0001:00025600       ??0CIMUInv@@QAE@ABVCVect3@@00NN@Z 00426600 f   PSINS.obj
 0001:000257d0       ?Update@CIMUInv@@QAEXABVCVect3@@0@Z 004267d0 f   PSINS.obj
 0001:00025cb0       ??0CSINS@@QAE@NABVCVect3@@N@Z 00426cb0 f   PSINS.obj
 0001:00026030       ??0CSINS@@QAE@ABVCVect3@@00N@Z 00427030 f   PSINS.obj
 0001:00026390       ??0CSINS@@QAE@ABVCQuat@@ABVCVect3@@1N@Z 00427390 f   PSINS.obj
 0001:000266e0       ?Init@CSINS@@QAEXABVCVect3@@00N@Z 004276e0 f   PSINS.obj
 0001:00026740       ?Init@CSINS@@QAEXABVCQuat@@ABVCVect3@@1N@Z 00427740 f   PSINS.obj
 0001:00026c90       ?SetTauGA@CSINS@@QAEXABVCVect3@@0@Z 00427c90 f   PSINS.obj
 0001:00026eb0       ?Update@CSINS@@QAEXPBVCVect3@@0HN@Z 00427eb0 f   PSINS.obj
 0001:00027f50       ?Extrap@CSINS@@QAEXABVCVect3@@0N@Z 00428f50 f   PSINS.obj
 0001:00028110       ?Extrap@CSINS@@QAEXN@Z     00429110 f   PSINS.obj
 0001:00028290       ?lever@CSINS@@QAEXABVCVect3@@PAV2@1@Z 00429290 f   PSINS.obj
 0001:000284d0       ?lever2@CSINS@@QAEXABVCVect3@@PAV2@1PBV2@2@Z 004294d0 f   PSINS.obj
 0001:00028690       ?atss@CSINS@@QAEXPAN0@Z    00429690 f   PSINS.obj
 0001:00028710       ?etm@CSINS@@QAEXXZ         00429710 f   PSINS.obj
 0001:00028c40       ?AddErr@CSINS@@QAEXABVCVect3@@00@Z 00429c40 f   PSINS.obj
 0001:00028cf0       ?AddErr@CSINS@@QAEXNABVCVect3@@0@Z 00429cf0 f   PSINS.obj
 0001:00028d50       ?Leveling@CSINS@@QAEXH@Z   00429d50 f   PSINS.obj
 0001:00028ea0       ?Reverse@CSINS@@QAEXXZ     00429ea0 f   PSINS.obj
 0001:00028f70       ?isPPS@CSINS@@QAEHN@Z      00429f70 f   PSINS.obj
 0001:00029000       ?DebugStop@CSINS@@QAEXNHH@Z 0042a000 f   PSINS.obj
 0001:000290c0       ??0CDR@@QAE@XZ             0042a0c0 f   PSINS.obj
 0001:000291a0       ?Init@CDR@@QAEXABVCSINS@@ABVCVect3@@@Z 0042a1a0 f   PSINS.obj
 0001:00029230       ?Init@CDR@@QAEXABVCVect3@@00N@Z 0042a230 f   PSINS.obj
 0001:000293f0       ?Update@CDR@@QAEXABVCVect3@@NN0@Z 0042a3f0 f   PSINS.obj
 0001:000296b0       ?SetGCK@CDR@@QAEXN@Z       0042a6b0 f   PSINS.obj
 0001:000297d0       ?Leveling@CDR@@QAEXABVCVect3@@N@Z 0042a7d0 f   PSINS.obj
 0001:000299a0       ?Calibrate@CDR@@QAE?AVCVect3@@ABV2@00N@Z 0042a9a0 f   PSINS.obj
 0001:00029ba0       ??0CCNS@@QAE@XZ            0042aba0 f   PSINS.obj
 0001:00029d10       ?SetdT@CCNS@@QAEXNN@Z      0042ad10 f   PSINS.obj
 0001:00029d70       ?Setxyp@CCNS@@QAEXNN@Z     0042ad70 f   PSINS.obj
 0001:00029e60       ?JD@CCNS@@QAENHHHN@Z       0042ae60 f   PSINS.obj
 0001:00029f30       ?Precmat@CCNS@@QAE?AVCMat3@@N@Z 0042af30 f   PSINS.obj
 0001:0002a060       ?Equinox@CCNS@@QAEXN@Z     0042b060 f   PSINS.obj
 0001:0002a270       ?Nutmat@CCNS@@QAE?AVCMat3@@N@Z 0042b270 f   PSINS.obj
 0001:0002a360       ?GAST@CCNS@@QAENNN@Z       0042b360 f   PSINS.obj
 0001:0002a4b0       ?GetCie@CCNS@@QAE?AVCMat3@@NN@Z 0042b4b0 f   PSINS.obj
 0001:0002a630       ?GetCns@CCNS@@QAE?AVCMat3@@ABVCQuat@@ABVCVect3@@NABV2@@Z 0042b630 f   PSINS.obj
 0001:0002a780       ??0CAVPInterp@@QAE@XZ      0042b780 f   PSINS.obj
 0001:0002a820       ?Init@CAVPInterp@@QAEXABVCSINS@@NHH@Z 0042b820 f   PSINS.obj
 0001:0002a8c0       ?Init@CAVPInterp@@QAEXABVCVect3@@00NH@Z 0042b8c0 f   PSINS.obj
 0001:0002a9b0       ?Push@CAVPInterp@@QAEXABVCSINS@@H@Z 0042b9b0 f   PSINS.obj
 0001:0002aa40       ?Push@CAVPInterp@@QAEXABVCVect3@@00@Z 0042ba40 f   PSINS.obj
 0001:0002aaf0       ?Interp@CAVPInterp@@QAEHNH@Z 0042baf0 f   PSINS.obj
 0001:0002af20       ?timestr@@YAPADHPAD@Z      0042bf20 f   PSINS.obj
 0001:0002afd0       ?time2fname@@YAPADXZ       0042bfd0 f   PSINS.obj
 0001:0002b020       ?DirI@CFileRdWt@@SAXPBD@Z  0042c020 f   PSINS.obj
 0001:0002b0b0       ?DirO@CFileRdWt@@SAXPBD@Z  0042c0b0 f   PSINS.obj
 0001:0002b140       ?Dir@CFileRdWt@@SAXPBD0@Z  0042c140 f   PSINS.obj
 0001:0002b1a0       ??0CFileRdWt@@QAE@XZ       0042c1a0 f   PSINS.obj
 0001:0002b1d0       ??0CFileRdWt@@QAE@PBDH@Z   0042c1d0 f   PSINS.obj
 0001:0002b240       ??1CFileRdWt@@QAE@XZ       0042c240 f   PSINS.obj
 0001:0002b290       ?Init@CFileRdWt@@QAEXPBDH@Z 0042c290 f   PSINS.obj
 0001:0002b670       ?load@CFileRdWt@@QAEHHH@Z  0042c670 f   PSINS.obj
 0001:0002bb40       ?loadf32@CFileRdWt@@QAEHH@Z 0042cb40 f   PSINS.obj
 0001:0002bc30       ?load@CFileRdWt@@QAEJPAEJ@Z 0042cc30 f   PSINS.obj
 0001:0002bce0       ?bwseek@CFileRdWt@@QAEXHH@Z 0042cce0 f   PSINS.obj
 0001:0002bd50       ?filesize@CFileRdWt@@QAEJH@Z 0042cd50 f   PSINS.obj
 0001:0002be20       ?getl@CFileRdWt@@QAEHXZ    0042ce20 f   PSINS.obj
 0001:0002be80       ?savepos@CFileRdWt@@QAEJH@Z 0042ce80 f   PSINS.obj
 0001:0002bf10       ?restorepos@CFileRdWt@@QAEHH@Z 0042cf10 f   PSINS.obj
 0001:0002bf90       ?waitfor@CFileRdWt@@QAEHHNN@Z 0042cf90 f   PSINS.obj
 0001:0002c070       ??6CFileRdWt@@QAEAAV0@N@Z  0042d070 f   PSINS.obj
 0001:0002c0c0       ??6CFileRdWt@@QAEAAV0@ABVCVect3@@@Z 0042d0c0 f   PSINS.obj
 0001:0002c110       ??6CFileRdWt@@QAEAAV0@ABVCQuat@@@Z 0042d110 f   PSINS.obj
 0001:0002c160       ??6CFileRdWt@@QAEAAV0@ABVCMat3@@@Z 0042d160 f   PSINS.obj
 0001:0002c1b0       ??6CFileRdWt@@QAEAAV0@ABVCVect@@@Z 0042d1b0 f   PSINS.obj
 0001:0002c210       ??6CFileRdWt@@QAEAAV0@ABVCMat@@@Z 0042d210 f   PSINS.obj
 0001:0002c270       ??6CFileRdWt@@QAEAAV0@ABVCRAvar@@@Z 0042d270 f   PSINS.obj
 0001:0002c2d0       ??6CFileRdWt@@QAEAAV0@ABVCMaxMinn@@@Z 0042d2d0 f   PSINS.obj
 0001:0002c3e0       ??6CFileRdWt@@QAEAAV0@ABVCAlignsb@@@Z 0042d3e0 f   PSINS.obj
 0001:0002c450       ??6CFileRdWt@@QAEAAV0@ABVCAligni0@@@Z 0042d450 f   PSINS.obj
 0001:0002c4e0       ??6CFileRdWt@@QAEAAV0@ABVCPolyfit@@@Z 0042d4e0 f   PSINS.obj
 0001:0002c550       ??6CFileRdWt@@QAEAAV0@ABVCPolyfit3@@@Z 0042d550 f   PSINS.obj
 0001:0002c5c0       ??6CFileRdWt@@QAEAAV0@ABVCIMU@@@Z 0042d5c0 f   PSINS.obj
 0001:0002c630       ??6CFileRdWt@@QAEAAV0@ABVCSINS@@@Z 0042d630 f   PSINS.obj
 0001:0002c740       ??6CFileRdWt@@QAEAAV0@ABVCDR@@@Z 0042d740 f   PSINS.obj
 0001:0002c7d0       ??6CFileRdWt@@QAEAAV0@ABVCRMemory@@@Z 0042d7d0 f   PSINS.obj
 0001:0002c820       ??6CFileRdWt@@QAEAAV0@AAVCKalman@@@Z 0042d820 f   PSINS.obj
 0001:0002c900       ??5CFileRdWt@@QAEAAV0@AAN@Z 0042d900 f   PSINS.obj
 0001:0002c950       ??5CFileRdWt@@QAEAAV0@AAVCVect3@@@Z 0042d950 f   PSINS.obj
 0001:0002c9a0       ??5CFileRdWt@@QAEAAV0@AAVCQuat@@@Z 0042d9a0 f   PSINS.obj
 0001:0002c9f0       ??5CFileRdWt@@QAEAAV0@AAVCMat3@@@Z 0042d9f0 f   PSINS.obj
 0001:0002ca40       ??5CFileRdWt@@QAEAAV0@AAVCVect@@@Z 0042da40 f   PSINS.obj
 0001:0002caa0       ??5CFileRdWt@@QAEAAV0@AAVCMat@@@Z 0042daa0 f   PSINS.obj
 0001:0002cb00       ??0CFImuGnssSync@@QAE@PBDHN0H@Z 0042db00 f   PSINS.obj
 0001:0002ccd0       ??1CFImuGnssSync@@QAE@XZ   0042dcd0 f   PSINS.obj
 0001:0002cd40       ?load@CFImuGnssSync@@QAEHH@Z 0042dd40 f   PSINS.obj
 0001:0002cf70       ??0CFileLog@@QAE@XZ        0042df70 f   PSINS.obj
 0001:0002cfe0       ?LogSet@CFileLog@@QAEAAV1@HPBD@Z 0042dfe0 f   PSINS.obj
 0001:0002d100       ??1CFileLog@@QAE@XZ        0042e100 f   PSINS.obj
 0001:0002d170       ?LogDate@CFileLog@@QAEAAV1@H@Z 0042e170 f   PSINS.obj
 0001:0002d200       ?LogRunTime@CFileLog@@QAEAAV1@H@Z 0042e200 f   PSINS.obj
 0001:0002d280       ??6CFileLog@@QAEAAV0@PBD@Z 0042e280 f   PSINS.obj
 0001:0002d2e0       ??6CFileLog@@QAEAAV0@H@Z   0042e2e0 f   PSINS.obj
 0001:0002d340       ??6CFileLog@@QAEAAV0@M@Z   0042e340 f   PSINS.obj
 0001:0002d3b0       ??6CFileLog@@QAEAAV0@N@Z   0042e3b0 f   PSINS.obj
 0001:0002d410       ??6CFileLog@@QAEAAV0@ABVCVect3@@@Z 0042e410 f   PSINS.obj
 0001:0002d490       ??6CFileLog@@QAEAAV0@ABVCQuat@@@Z 0042e490 f   PSINS.obj
 0001:0002d520       ??6CFileLog@@QAEAAV0@ABVCVect@@@Z 0042e520 f   PSINS.obj
 0001:0002d5b0       ??6CFileLog@@QAEAAV0@ABVCMat3@@@Z 0042e5b0 f   PSINS.obj
 0001:0002d6a0       ??6CFileLog@@QAEAAV0@ABVCMat@@@Z 0042e6a0 f   PSINS.obj
 0001:0002d780       ?CMArray@CFileLog@@QAEAAV1@PBDPBNHHN0@Z 0042e780 f   PSINS.obj
 0001:0002d820       ?CArray@CFileLog@@QAEAAV1@PBDPBNHHN0@Z 0042e820 f   PSINS.obj
 0001:0002da80       ?MArray@CFileLog@@QAEAAV1@PBDPBNHHN0@Z 0042ea80 f   PSINS.obj
 0001:0002dc10       ?Flush@CFileLog@@QAEXH@Z   0042ec10 f   PSINS.obj
 0001:0002dc80       ??0CFileCfg@@QAE@XZ        0042ec80 f   PSINS.obj
 0001:0002dcc0       ??1CFileCfg@@QAE@XZ        0042ecc0 f   PSINS.obj
 0001:0002dd20       ??6CFileCfg@@QAEAAV0@PBD@Z 0042ed20 f   PSINS.obj
 0001:0002ddd0       ??5CFileCfg@@QAEAAV0@PBD@Z 0042edd0 f   PSINS.obj
 0001:0002dea0       ??6CFileCfg@@QAEAAV0@F@Z   0042eea0 f   PSINS.obj
 0001:0002def0       ??6CFileCfg@@QAEAAV0@H@Z   0042eef0 f   PSINS.obj
 0001:0002df40       ??6CFileCfg@@QAEAAV0@M@Z   0042ef40 f   PSINS.obj
 0001:0002df90       ??6CFileCfg@@QAEAAV0@N@Z   0042ef90 f   PSINS.obj
 0001:0002dfe0       ??6CFileCfg@@QAEAAV0@ABVCVect3@@@Z 0042efe0 f   PSINS.obj
 0001:0002e030       ??6CFileCfg@@QAEAAV0@ABVCQuat@@@Z 0042f030 f   PSINS.obj
 0001:0002e080       ??6CFileCfg@@QAEAAV0@ABVCMat3@@@Z 0042f080 f   PSINS.obj
 0001:0002e0d0       ??6CFileCfg@@QAEAAV0@ABVCMat@@@Z 0042f0d0 f   PSINS.obj
 0001:0002e130       ??5CFileCfg@@QAEAAV0@AAF@Z 0042f130 f   PSINS.obj
 0001:0002e1a0       ??5CFileCfg@@QAEAAV0@AAH@Z 0042f1a0 f   PSINS.obj
 0001:0002e210       ??5CFileCfg@@QAEAAV0@AAM@Z 0042f210 f   PSINS.obj
 0001:0002e290       ??5CFileCfg@@QAEAAV0@AAN@Z 0042f290 f   PSINS.obj
 0001:0002e320       ??5CFileCfg@@QAEAAV0@AAVCVect3@@@Z 0042f320 f   PSINS.obj
 0001:0002e3b0       ??5CFileCfg@@QAEAAV0@AAVCQuat@@@Z 0042f3b0 f   PSINS.obj
 0001:0002e450       ??5CFileCfg@@QAEAAV0@AAVCMat3@@@Z 0042f450 f   PSINS.obj
 0001:0002e4f0       ??4CFileCfg@@QAEAAV0@AAV0@@Z 0042f4f0 f   PSINS.obj
 0001:0002e530       ?WriteCfg@@YA?AVCFileCfg@@PBD0@Z 0042f530 f   PSINS.obj
 0001:0002e610       ?ReadCfg@@YA?AVCFileCfg@@PBD0@Z 0042f610 f   PSINS.obj
 0001:0002e6f0       ??0CRMemory@@QAE@XZ        0042f6f0 f   PSINS.obj
 0001:0002e720       ??0CRMemory@@QAE@JH@Z      0042f720 f   PSINS.obj
 0001:0002e7a0       ??0CRMemory@@QAE@PAEJH@Z   0042f7a0 f   PSINS.obj
 0001:0002e7f0       ?Init@CRMemory@@QAEXPAEJH@Z 0042f7f0 f   PSINS.obj
 0001:0002e890       ??1CRMemory@@QAE@XZ        0042f890 f   PSINS.obj
 0001:0002e8e0       ??4CRMemory@@QAEXABV0@@Z   0042f8e0 f   PSINS.obj
 0001:0002ea20       ?pop@CRMemory@@QAEEPAE@Z   0042fa20 f   PSINS.obj
 0001:0002eb10       ?get@CRMemory@@QAEPAEH@Z   0042fb10 f   PSINS.obj
 0001:0002eb70       ?set@CRMemory@@QAEPAEHPBE@Z 0042fb70 f   PSINS.obj
 0001:0002ec10       ?push@CRMemory@@QAEHPBE@Z  0042fc10 f   PSINS.obj
 0001:0002ed10       ??0CSmooth@@QAE@HH@Z       0042fd10 f   PSINS.obj
 0001:0002ee60       ??1CSmooth@@QAE@XZ         0042fe60 f   PSINS.obj
 0001:0002eed0       ?Update@CSmooth@@QAE?AVCVect@@PBNPAN@Z 0042fed0 f   PSINS.obj
 0001:0002f020       ??0CInterp@@QAE@PAPANHH@Z  00430020 f   PSINS.obj
 0001:0002f160       ??0CInterp@@QAE@PBDH@Z     00430160 f   PSINS.obj
 0001:0002f380       ??1CInterp@@QAE@XZ         00430380 f   PSINS.obj
 0001:0002f430       ?Interp@CInterp@@QAENNPAN@Z 00430430 f   PSINS.obj
 0001:0002f710       ?flipud@@YAPAEPAEHH@Z      00430710 f   PSINS.obj
 0001:0002f830       ?deal32@@YAXPAMZZ          00430830 f   PSINS.obj
 0001:0002f8b0       ?deal@@YAXPANZZ            004308b0 f   PSINS.obj
 0001:0002f930       ??0CContinuousCnt@@QAE@H@Z 00430930 f   PSINS.obj
 0001:0002f980       ?Update@CContinuousCnt@@QAEHH@Z 00430980 f   PSINS.obj
 0001:0002fa20       ?Alignsb@@YA?AVCVect3@@ABV1@0N@Z 00430a20 f   PSINS.obj
 0001:0002fc70       ?Alignsb@@YA?AVCVect3@@ABV1@00@Z 00430c70 f   PSINS.obj
 0001:0002fcd0       ??0CAlignsb@@QAE@NN@Z      00430cd0 f   PSINS.obj
 0001:0002fda0       ??0CAlignsb@@QAE@ABVCVect3@@N@Z 00430da0 f   PSINS.obj
 0001:0002fe70       ?Init@CAlignsb@@QAEXNN@Z   00430e70 f   PSINS.obj
 0001:0002fee0       ?Init@CAlignsb@@QAEXABVCVect3@@N@Z 00430ee0 f   PSINS.obj
 0001:0002ffc0       ?SetYaw@CAlignsb@@QAEXN@Z  00430fc0 f   PSINS.obj
 0001:00030000       ?Update@CAlignsb@@QAE?AVCQuat@@PBVCVect3@@0HN@Z 00431000 f   PSINS.obj
 0001:00030200       ??0CAligni0@@QAE@ABVCVect3@@0H@Z 00431200 f   PSINS.obj
 0001:00030360       ?Init@CAligni0@@QAEXABVCVect3@@0H@Z 00431360 f   PSINS.obj
 0001:000304f0       ?Update@CAligni0@@QAE?AVCQuat@@PBVCVect3@@0HNABV3@@Z 004314f0 f   PSINS.obj
 0001:00030b60       ??0CAligni0fit@@QAE@XZ     00431b60 f   PSINS.obj
 0001:00030c60       ??0CAligni0fit@@QAE@ABVCVect3@@@Z 00431c60 f   PSINS.obj
 0001:00030d70       ?Init@CAligni0fit@@QAEXABVCVect3@@@Z 00431d70 f   PSINS.obj
 0001:00030fc0       ?Update@CAligni0fit@@QAE?AVCQuat@@PBVCVect3@@0HN@Z 00431fc0 f   PSINS.obj
 0001:00031750       ?pi0t@CAligni0fit@@QAE?AVCVect3@@N@Z 00432750 f   PSINS.obj
 0001:00031870       ?pib0t@CAligni0fit@@QAE?AVCVect3@@N@Z 00432870 f   PSINS.obj
 0001:00031950       ??0CAlignkf@@QAE@XZ        00432950 f   PSINS.obj
 0001:000319b0       ??0CAlignkf@@QAE@N@Z       004329b0 f   PSINS.obj
 0001:00031a60       ??0CAlignkf@@QAE@ABVCSINS@@N@Z 00432a60 f   PSINS.obj
 0001:00031ae0       ?Init@CAlignkf@@QAEXABVCSINS@@@Z 00432ae0 f   PSINS.obj
 0001:00031fd0       ?Update@CAlignkf@@QAEHPBVCVect3@@0HNH@Z 00432fd0 f   PSINS.obj
 0001:000320b0       ?Update@CAlignkf@@QAEHPBVCVect3@@0HNABV2@H@Z 004330b0 f   PSINS.obj
 0001:000321a0       ??0CAligntrkang@@QAE@NNNN@Z 004331a0 f   PSINS.obj
 0001:00032280       ?Init@CAligntrkang@@QAEXABVCSINS@@@Z 00433280 f   PSINS.obj
 0001:00032760       ?Update@CAligntrkang@@QAEHPBVCVect3@@0HNABV2@H@Z 00433760 f   PSINS.obj
 0001:00032a70       ??0CAlignsv@@QAE@XZ        00433a70 f   PSINS.obj
 0001:00032ad0       ??0CAlignsv@@QAE@N@Z       00433ad0 f   PSINS.obj
 0001:00032b50       ??0CAlignsv@@QAE@ABVCVect3@@NNN@Z 00433b50 f   PSINS.obj
 0001:00032bf0       ?Init@CAlignsv@@QAEXABVCVect3@@NNN@Z 00433bf0 f   PSINS.obj
 0001:00032dd0       ??1CAlignsv@@QAE@XZ        00433dd0 f   PSINS.obj
 0001:00032e50       ?Update@CAlignsv@@QAEHPBVCVect3@@0H@Z 00433e50 f   PSINS.obj
 0001:000330a0       ??0CAligntf@@QAE@N@Z       004340a0 f   PSINS.obj
 0001:00033150       ??0CAligntf@@QAE@ABVCSINS@@N@Z 00434150 f   PSINS.obj
 0001:000331d0       ?Init@CAligntf@@QAEXABVCSINS@@@Z 004341d0 f   PSINS.obj
 0001:000336e0       ?SetFt@CAligntf@@UAEXH@Z   004346e0 f   PSINS.obj
 0001:00033760       ?SetHk@CAligntf@@UAEXH@Z   00434760 f   PSINS.obj
 0001:000338a0       ?Feedback@CAligntf@@UAEXHN@Z 004348a0 f   PSINS.obj
 0001:00033990       ?Update@CAligntf@@QAEHPBVCVect3@@0HNH@Z 00434990 f   PSINS.obj
 0001:00033a20       ?SetMeasVnAtt@CAligntf@@QAEXABVCVect3@@0@Z 00434a20 f   PSINS.obj
 0001:00033ba0       ??6CAligntf@@QAEXAAVCFileRdWt@@@Z 00434ba0 f   PSINS.obj
 0001:00033c60       ??0CUartPP@@QAE@HG@Z       00434c60 f   PSINS.obj
 0001:00033d30       ?checksum@CUartPP@@QAEHPBE@Z 00434d30 f   PSINS.obj
 0001:00033e10       ?push@CUartPP@@QAEHPBEH@Z  00434e10 f   PSINS.obj
 0001:00033ef0       ?nextIdx@CUartPP@@QAEHH@Z  00434ef0 f i PSINS.obj
 0001:00033f40       ?pop@CUartPP@@QAEHPAE@Z    00434f40 f   PSINS.obj
 0001:00034110       ?safeWrite@CUartPP@@QAEHAAVCFileRdWt@@H@Z 00435110 f   PSINS.obj
 0001:000341d0       ?chksum8@@YAEPBEH@Z        004351d0 f   PSINS.obj
 0001:00034220       ?chksum16@@YAGPBGH@Z       00435220 f   PSINS.obj
 0001:00034280       ?makefrm@@YAHPAXZZ         00435280 f   PSINS.obj
 0001:00034350       ?flt22db@@YANMM@Z          00435350 f   PSINS.obj
 0001:000343a0       ?db2flt2@@YAXNPAM0@Z       004353a0 f   PSINS.obj
 0001:00034430       ?iga2flt@@YAHPAMPBN1111@Z  00435430 f   PSINS.obj
 0001:00034770       ?swap16@@YAGG@Z            00435770 f   PSINS.obj
 0001:000347c0       ?swap24@@YAPAEPAE0@Z       004357c0 f   PSINS.obj
 0001:00034820       ?swap32@@YAII@Z            00435820 f   PSINS.obj
 0001:00034890       ?swap64@@YAKK@Z            00435890 f   PSINS.obj
 0001:00034930       ?swapbytes@@YAPAEPAEH@Z    00435930 f   PSINS.obj
 0001:00034a90       ?int24@@YAPAEPAEH@Z        00435a90 f   PSINS.obj
 0001:00034b00       ?diffint24@@YAHPBE0@Z      00435b00 f   PSINS.obj
 0001:00034be0       ?i24i32@@YAHPBE@Z          00435be0 f   PSINS.obj
 0001:00034c60       ?r2dm@@YANN@Z              00435c60 f   PSINS.obj
 0001:00034d00       ?dm2r@@YANN@Z              00435d00 f   PSINS.obj
 0001:00034da0       ?logtrigger@@YAHHN@Z       00435da0 f   PSINS.obj
 0001:00034e10       ?IsZero@@YAHNN@Z           00435e10 f i PSINS.obj
 0001:00034e60       ?sign@@YAHNN@Z             00435e60 f   PSINS.obj
 0001:00034ec0       ?range@@YANNNN@Z           00435ec0 f   PSINS.obj
 0001:00034f30       ?maxn@@YANPBNH@Z           00435f30 f   PSINS.obj
 0001:00034fa0       ?minn@@YANPBNH@Z           00435fa0 f   PSINS.obj
 0001:00035010       ?norm1@@YANPBNH@Z          00436010 f   PSINS.obj
 0001:00035090       ?norm@@YANPBNH@Z           00436090 f   PSINS.obj
 0001:00035110       ?normInf@@YANPBNH@Z        00436110 f   PSINS.obj
 0001:000351a0       ?attract@@YANNNN@Z         004361a0 f   PSINS.obj
 0001:00035210       ?polyval@@YANPBNHN@Z       00436210 f   PSINS.obj
 0001:00035270       ?atan2Ex@@YANNN@Z          00436270 f   PSINS.obj
 0001:00035310       ?diffYaw@@YANNN@Z          00436310 f   PSINS.obj
 0001:00035380       ?MKQt@@YANNN@Z             00436380 f   PSINS.obj
 0001:000353b0       ?MKQt@@YA?AVCVect3@@ABV1@0@Z 004363b0 f   PSINS.obj
 0001:00035440       ?unixt2gpst@@YANNH@Z       00436440 f   PSINS.obj
 0001:00035490       ?chkhdr@@YAHPBD0@Z         00436490 f   PSINS.obj
 0001:00035500       ?randn@@YANNN@Z            00436500 f   PSINS.obj
 0001:000355c0       ?randn@@YA?AVCVect3@@ABV1@0@Z 004365c0 f   PSINS.obj
 0001:00035670       ?randn@@YA?AVCVect@@ABV1@0@Z 00436670 f   PSINS.obj
 0001:00035770       ?randn@@YA?AVCMat3@@ABV1@ABN@Z 00436770 f   PSINS.obj
 0001:00035810       ?randn@@YA?AVCMat@@ABV1@ABN@Z 00436810 f   PSINS.obj
 0001:00035900       ?deci@@YAPAHHPAH@Z         00436900 f   PSINS.obj
 0001:00035a10       ?add@@YAXAAVCVect3@@ABV1@1@Z 00436a10 f   PSINS.obj
 0001:00035a70       ?add@@YAXAAVCMat3@@ABV1@1@Z 00436a70 f   PSINS.obj
 0001:00035b30       ?add@@YAXAAVCVect@@ABV1@1@Z 00436b30 f   PSINS.obj
 0001:00035bb0       ?add@@YAXAAVCMat@@ABV1@1@Z 00436bb0 f   PSINS.obj
 0001:00035c30       ?sub@@YAXAAVCVect3@@ABV1@1@Z 00436c30 f   PSINS.obj
 0001:00035c90       ?sub@@YAXAAVCMat3@@ABV1@1@Z 00436c90 f   PSINS.obj
 0001:00035d50       ?sub@@YAXAAVCVect@@ABV1@1@Z 00436d50 f   PSINS.obj
 0001:00035dd0       ?sub@@YAXAAVCMat@@ABV1@1@Z 00436dd0 f   PSINS.obj
 0001:00035e50       ?cros@@YAXAAVCVect3@@ABV1@1@Z 00436e50 f   PSINS.obj
 0001:00035ef0       ?dotmul@@YAXAAVCVect3@@ABV1@1@Z 00436ef0 f   PSINS.obj
 0001:00035f50       ?dotdiv@@YAXAAVCVect3@@ABV1@1@Z 00436f50 f   PSINS.obj
 0001:00035fb0       ?mul@@YAXAAVCVect3@@ABV1@ABN@Z 00436fb0 f   PSINS.obj
 0001:00036000       ?mul@@YAXAAVCMat3@@ABV1@ABN@Z 00437000 f   PSINS.obj
 0001:000360c0       ?mul@@YAXAAVCVect@@ABV1@ABN@Z 004370c0 f   PSINS.obj
 0001:00036150       ?mul@@YAXAAVCVect@@ABVCMat@@ABV1@@Z 00437150 f   PSINS.obj
 0001:00036230       ?mul@@YAXAAVCMat@@ABV1@ABN@Z 00437230 f   PSINS.obj
 0001:000362c0       ?mul@@YAXAAVCVect3@@ABVCMat3@@ABV1@@Z 004372c0 f   PSINS.obj
 0001:00036370       ?mul@@YAXAAVCVect3@@ABV1@ABVCMat3@@@Z 00437370 f   PSINS.obj
 0001:00036420       ?mul@@YAXAAVCMat3@@ABV1@1@Z 00437420 f   PSINS.obj
 0001:00036620       ?mul@@YAXAAVCQuat@@ABV1@1@Z 00437620 f   PSINS.obj
 0001:00036750       ?mul@@YAXAAVCVect3@@ABVCQuat@@ABV1@@Z 00437750 f   PSINS.obj
 0001:000368b0       ?_TT@@YAXAAVCMat3@@ABV1@@Z 004378b0 f   PSINS.obj
 0001:00036970       ?rv2q@@YAXAAVCQuat@@ABVCVect3@@@Z 00437970 f   PSINS.obj
 0001:00036a90       ?qdelphi@@YAXAAVCQuat@@ABVCVect3@@@Z 00437a90 f   PSINS.obj
 0001:00036bb0       ?q2mat@@YAXAAVCMat3@@ABVCQuat@@@Z 00437bb0 f   PSINS.obj
 0001:00036cf0       ?m2att@@YAXAAVCVect3@@ABVCMat3@@@Z 00437cf0 f   PSINS.obj
 0001:00036e80       _asinf                     00437e80 f i PSINS.obj
 0001:00036ec0       _atan2f                    00437ec0 f i PSINS.obj
 0001:00036f10       ?AXbt@@YAXAAVCVect3@@ABVCMat3@@ABV1@2ABN@Z 00437f10 f   PSINS.obj
 0001:00037000       ?ClassSizeDisp@@YAXH@Z     00438000 f   PSINS.obj
 0001:00037120       ?Demo_User@@YAXXZ          00438120 f   PSINS_Demo.obj
 0001:000371f0       ?Demo_CIIRV3@@YAXXZ        004381f0 f   PSINS_Demo.obj
 0001:000373d0       ?Demo_CMaxMin@@YAXXZ       004383d0 f   PSINS_Demo.obj
 0001:00037540       ?Demo_CVAR@@YAXXZ          00438540 f   PSINS_Demo.obj
 0001:00037690       ?Demo_CVARn@@YAXXZ         00438690 f   PSINS_Demo.obj
 0001:00037800       ?Demo_CRAvar@@YAXXZ        00438800 f   PSINS_Demo.obj
 0001:00037990       ?Demo_CSINS_static@@YAXXZ  00438990 f   PSINS_Demo.obj
 0001:00037d00       ?Demo_CSINS_Error@@YAXXZ   00438d00 f   PSINS_Demo.obj
 0001:000384a0       ?Demo_Extern_C_example@@YAXXZ 004394a0 f   PSINS_Demo.obj
 0001:000384c0       ?Demo_CAlignsv@@YAXXZ      004394c0 f   PSINS_Demo.obj
 0001:00038680       ??0CFileIMU6@@QAE@PBD@Z    00439680 f i PSINS_Demo.obj
 0001:00038920       ?load@CFileIMU6@@QAEHHH@Z  00439920 f i PSINS_Demo.obj
 0001:00038a30       ??1CFileIMU6@@QAE@XZ       00439a30 f i PSINS_Demo.obj
 0001:00038a70       ?Demo_CAligntf@@YAXXZ      00439a70 f   PSINS_Demo.obj
 0001:00038d30       ?Demo_CAlign_CSINS@@YAXXZ  00439d30 f   PSINS_Demo.obj
 0001:00038fc0       ?Demo_CSINSGNSS@@YAXXZ     00439fc0 f   PSINS_Demo.obj
 0001:000394d0       ??0CFileIMUGNSS@@QAE@PBD@Z 0043a4d0 f i PSINS_Demo.obj
 0001:000396d0       ?load@CFileIMUGNSS@@QAEHH@Z 0043a6d0 f i PSINS_Demo.obj
 0001:00039740       ??1CFileIMUGNSS@@QAE@XZ    0043a740 f i PSINS_Demo.obj
 0001:00039780       ?Demo_CSINSGNSSDR@@YAXXZ   0043a780 f   PSINS_Demo.obj
 0001:00039a60       ??0CFileRdSr49@@QAE@PBD@Z  0043aa60 f i PSINS_Demo.obj
 0001:00039b60       ?load@CFileRdSr49@@QAEHH@Z 0043ab60 f i PSINS_Demo.obj
 0001:00039d20       ?waitforgps@CFileRdSr49@@QAEHXZ 0043ad20 f i PSINS_Demo.obj
 0001:00039d90       ??0DataSensor49@@QAE@XZ    0043ad90 f i PSINS_Demo.obj
 0001:00039e20       ??1CFileRdSr49@@QAE@XZ     0043ae20 f i PSINS_Demo.obj
 0001:00039e60       ?Demo_SINSOD@@YAXXZ        0043ae60 f   PSINS_Demo.obj
 0001:0003a0f0       ?Demo_POS618@@YAXXZ        0043b0f0 f   PSINS_Demo.obj
 0001:0003a200       ?Demo_CNS_PrecNut@@YAXXZ   0043b200 f   PSINS_Demo.obj
 0001:0003a3e0       ?Demo_SINSCNS@@YAXXZ       0043b3e0 f   PSINS_Demo.obj
 0001:0003a730       ?Demo_IMUTempCompensate@@YAXXZ 0043b730 f   PSINS_Demo.obj
 0001:0003a820       ?Demo_CVCFileFind@@YAXXZ   0043b820 f   PSINS_Demo.obj
 0001:0003a840       ?Demo_DSP_main@@YAXXZ      0043b840 f   PSINS_Demo.obj
 0001:0003a860       ?Demo_CONSOLE_UART@@YAXXZ  0043b860 f   PSINS_Demo.obj
 0001:0003a880       ?Demo_COMMON_UART@@YAXXZ   0043b880 f   PSINS_Demo.obj
 0001:0003a8a0       ?Demo_Cfg@@YAXXZ           0043b8a0 f   PSINS_Demo.obj
 0001:0003aaa0       ?Demo_CPolyfit@@YAXXZ      0043baa0 f   PSINS_Demo.obj
 0001:0003ad10       ?Demo_CAligni0@@YAXXZ      0043bd10 f   PSINS_Demo.obj
 0001:0003afd0       ?Demo_SysClbt@@YAXXZ       0043bfd0 f   PSINS_Demo.obj
 0001:0003b450       ?Demo_GKP@@YAXXZ           0043c450 f   PSINS_Demo.obj
 0001:0003b630       ?Demo_CIMUInc@@YAXXZ       0043c630 f   PSINS_Demo.obj
 0001:0003b7b0       ?Demo_Extract_Txt_File@@YAXXZ 0043c7b0 f   PSINS_Demo.obj
 0001:0003b930       ?Demo_operator_pointer_run_time@@YAXXZ 0043c930 f   PSINS_Demo.obj
 0001:0003bb80       ?getRegKeyValues@@YA_NV?$basic_string@DU?$char_traits@D@std@@V?$allocator@D@2@@std@@AAV?$list@V?$basic_string@DU?$char_traits@D@std@@V?$allocator@D@2@@std@@V?$allocator@V?$basic_string@DU?$char_traits@D@std@@V?$allocator@D@2@@std@@@2@@2@@Z 0043cb80 f   SerialPort.obj
 0001:0003be90       ??0CSerialPort@itas109@@QAE@XZ 0043ce90 f   SerialPort.obj
 0001:0003bfe0       ??1CSerialPort@itas109@@UAE@XZ 0043cfe0 f   SerialPort.obj
 0001:0003c0d0       ?InitPort@CSerialPort@itas109@@QAEHPAUHWND__@@IIDIIKIKKKKK@Z 0043d0d0 f   SerialPort.obj
 0001:0003c670       ?CommThread@CSerialPort@itas109@@KGKPAX@Z 0043d670 f   SerialPort.obj
 0001:0003cad0       ?StartMonitoring@CSerialPort@itas109@@QAEHXZ 0043dad0 f   SerialPort.obj
 0001:0003cb40       ?ResumeMonitoring@CSerialPort@itas109@@QAEHXZ 0043db40 f   SerialPort.obj
 0001:0003cb90       ?SuspendMonitoring@CSerialPort@itas109@@QAEHXZ 0043db90 f   SerialPort.obj
 0001:0003cbe0       ?IsThreadSuspend@CSerialPort@itas109@@QAEHPAX@Z 0043dbe0 f   SerialPort.obj
 0001:0003cc50       ?ProcessErrorMessage@CSerialPort@itas109@@IAEXPAD@Z 0043dc50 f   SerialPort.obj
 0001:0003cd10       ?WriteChar@CSerialPort@itas109@@KAXPAV12@@Z 0043dd10 f   SerialPort.obj
 0001:0003d040       ?ReceiveChar@CSerialPort@itas109@@KAXPAV12@@Z 0043e040 f   SerialPort.obj
 0001:0003d300       ?ReceiveStr@CSerialPort@itas109@@KAXPAV12@@Z 0043e300 f   SerialPort.obj
 0001:0003d600       ?GetDCB@CSerialPort@itas109@@QAE?AU_DCB@@XZ 0043e600 f   SerialPort.obj
 0001:0003d640       ?GetCommEvents@CSerialPort@itas109@@QAEKXZ 0043e640 f   SerialPort.obj
 0001:0003d670       ?GetWriteBufferSize@CSerialPort@itas109@@QAEKXZ 0043e670 f   SerialPort.obj
 0001:0003d6a0       ?IsOpened@CSerialPort@itas109@@QAEHXZ 0043e6a0 f   SerialPort.obj
 0001:0003d6e0       ?ClosePort@CSerialPort@itas109@@QAEXXZ 0043e6e0 f   SerialPort.obj
 0001:0003d8a0       ?WriteToPort@CSerialPort@itas109@@QAEXPADI@Z 0043e8a0 f   SerialPort.obj
 0001:0003d990       ?WriteToPort@CSerialPort@itas109@@QAEXPAEI@Z 0043e990 f   SerialPort.obj
 0001:0003da80       ?GetVersion@CSerialPort@itas109@@QAE?AV?$basic_string@DU?$char_traits@D@std@@V?$allocator@D@2@@std@@XZ 0043ea80 f   SerialPort.obj
 0001:0003db20       ??0CSerialPortInfo@itas109@@QAE@XZ 0043eb20 f   SerialPort.obj
 0001:0003db50       ??1CSerialPortInfo@itas109@@QAE@XZ 0043eb50 f   SerialPort.obj
 0001:0003db80       ?availablePorts@CSerialPortInfo@itas109@@SA?AV?$list@V?$basic_string@DU?$char_traits@D@std@@V?$allocator@D@2@@std@@V?$allocator@V?$basic_string@DU?$char_traits@D@std@@V?$allocator@D@2@@std@@@2@@std@@XZ 0043eb80 f   SerialPort.obj
 0001:0003dc50       ??0?$basic_string@DU?$char_traits@D@std@@V?$allocator@D@2@@std@@QAE@ABV?$allocator@D@1@@Z 0043ec50 f i SerialPort.obj
 0001:0003dca0       ??0?$basic_string@DU?$char_traits@D@std@@V?$allocator@D@2@@std@@QAE@ABV01@@Z 0043eca0 f i SerialPort.obj
 0001:0003dd00       ??0?$basic_string@DU?$char_traits@D@std@@V?$allocator@D@2@@std@@QAE@PBDABV?$allocator@D@1@@Z 0043ed00 f i SerialPort.obj
 0001:0003dd60       ??1?$basic_string@DU?$char_traits@D@std@@V?$allocator@D@2@@std@@QAE@XZ 0043ed60 f i SerialPort.obj
 0001:0003dda0       ??4?$basic_string@DU?$char_traits@D@std@@V?$allocator@D@2@@std@@QAEAAV01@ABV01@@Z 0043eda0 f i SerialPort.obj
 0001:0003dde0       ?c_str@?$basic_string@DU?$char_traits@D@std@@V?$allocator@D@2@@std@@QBEPBDXZ 0043ede0 f i SerialPort.obj
 0001:0003de30       ??0?$list@UserialPortBuffer@@V?$allocator@UserialPortBuffer@@@std@@@std@@QAE@ABV?$allocator@UserialPortBuffer@@@1@@Z 0043ee30 f i SerialPort.obj
 0001:0003de90       ??1?$list@UserialPortBuffer@@V?$allocator@UserialPortBuffer@@@std@@@std@@QAE@XZ 0043ee90 f i SerialPort.obj
 0001:0003df10       ?begin@?$list@UserialPortBuffer@@V?$allocator@UserialPortBuffer@@@std@@@std@@QAE?AViterator@12@XZ 0043ef10 f i SerialPort.obj
 0001:0003df70       ?end@?$list@UserialPortBuffer@@V?$allocator@UserialPortBuffer@@@std@@@std@@QAE?AViterator@12@XZ 0043ef70 f i SerialPort.obj
 0001:0003dfc0       ?size@?$list@UserialPortBuffer@@V?$allocator@UserialPortBuffer@@@std@@@std@@QBEIXZ 0043efc0 f i SerialPort.obj
 0001:0003dff0       ?push_back@?$list@UserialPortBuffer@@V?$allocator@UserialPortBuffer@@@std@@@std@@QAEXABUserialPortBuffer@@@Z 0043eff0 f i SerialPort.obj
 0001:0003e040       ?erase@?$list@UserialPortBuffer@@V?$allocator@UserialPortBuffer@@@std@@@std@@QAE?AViterator@12@V312@@Z 0043f040 f i SerialPort.obj
 0001:0003e120       ??0iterator@?$list@UserialPortBuffer@@V?$allocator@UserialPortBuffer@@@std@@@std@@QAE@XZ 0043f120 f i SerialPort.obj
 0001:0003e160       ??Diterator@?$list@UserialPortBuffer@@V?$allocator@UserialPortBuffer@@@std@@@std@@QBEAAUserialPortBuffer@@XZ 0043f160 f i SerialPort.obj
 0001:0003e1a0       ??Eiterator@?$list@UserialPortBuffer@@V?$allocator@UserialPortBuffer@@@std@@@std@@QAE?AV012@H@Z 0043f1a0 f i SerialPort.obj
 0001:0003e1f0       ??9iterator@?$list@UserialPortBuffer@@V?$allocator@UserialPortBuffer@@@std@@@std@@QBE_NABV012@@Z 0043f1f0 f i SerialPort.obj
 0001:0003e240       ??0?$list@V?$basic_string@DU?$char_traits@D@std@@V?$allocator@D@2@@std@@V?$allocator@V?$basic_string@DU?$char_traits@D@std@@V?$allocator@D@2@@std@@@2@@std@@QAE@ABV?$allocator@V?$basic_string@DU?$char_traits@D@std@@V?$allocator@D@2@@std@@@1@@Z 0043f240 f i SerialPort.obj
 0001:0003e2a0       ??0?$list@V?$basic_string@DU?$char_traits@D@std@@V?$allocator@D@2@@std@@V?$allocator@V?$basic_string@DU?$char_traits@D@std@@V?$allocator@D@2@@std@@@2@@std@@QAE@ABV01@@Z 0043f2a0 f i SerialPort.obj
 0001:0003e330       ??1?$list@V?$basic_string@DU?$char_traits@D@std@@V?$allocator@D@2@@std@@V?$allocator@V?$basic_string@DU?$char_traits@D@std@@V?$allocator@D@2@@std@@@2@@std@@QAE@XZ 0043f330 f i SerialPort.obj
 0001:0003e3b0       ?empty@?$list@V?$basic_string@DU?$char_traits@D@std@@V?$allocator@D@2@@std@@V?$allocator@V?$basic_string@DU?$char_traits@D@std@@V?$allocator@D@2@@std@@@2@@std@@QBE_NXZ 0043f3b0 f i SerialPort.obj
 0001:0003e3f0       ?push_back@?$list@V?$basic_string@DU?$char_traits@D@std@@V?$allocator@D@2@@std@@V?$allocator@V?$basic_string@DU?$char_traits@D@std@@V?$allocator@D@2@@std@@@2@@std@@QAEXABV?$basic_string@DU?$char_traits@D@std@@V?$allocator@D@2@@2@@Z 0043f3f0 f i SerialPort.obj
 0001:0003e440       ?clear@?$list@V?$basic_string@DU?$char_traits@D@std@@V?$allocator@D@2@@std@@V?$allocator@V?$basic_string@DU?$char_traits@D@std@@V?$allocator@D@2@@std@@@2@@std@@QAEXXZ 0043f440 f i SerialPort.obj
 0001:0003e4a0       ?assign@?$basic_string@DU?$char_traits@D@std@@V?$allocator@D@2@@std@@QAEAAV12@ABV12@@Z 0043f4a0 f i SerialPort.obj
 0001:0003e4f0       ?assign@?$basic_string@DU?$char_traits@D@std@@V?$allocator@D@2@@std@@QAEAAV12@ABV12@II@Z 0043f4f0 f i SerialPort.obj
 0001:0003e670       ?copy@?$char_traits@D@std@@SAPADPADPBDI@Z 0043f670 f i SerialPort.obj
 0001:0003e6b0       ?size@?$basic_string@DU?$char_traits@D@std@@V?$allocator@D@2@@std@@QBEIXZ 0043f6b0 f i SerialPort.obj
 0001:0003e6e0       ?assign@?$basic_string@DU?$char_traits@D@std@@V?$allocator@D@2@@std@@QAEAAV12@PBD@Z 0043f6e0 f i SerialPort.obj
 0001:0003e730       ?length@?$char_traits@D@std@@SAIPBD@Z 0043f730 f i SerialPort.obj
 0001:0003e770       ?_Nullstr@?$basic_string@DU?$char_traits@D@std@@V?$allocator@D@2@@std@@CAPBDXZ 0043f770 f i SerialPort.obj
 0001:0003e7a0       ?_Tidy@?$basic_string@DU?$char_traits@D@std@@V?$allocator@D@2@@std@@AAEX_N@Z 0043f7a0 f i SerialPort.obj
 0001:0003e880       ?insert@?$list@UserialPortBuffer@@V?$allocator@UserialPortBuffer@@@std@@@std@@QAE?AViterator@12@V312@ABUserialPortBuffer@@@Z 0043f880 f i SerialPort.obj
 0001:0003e960       ?erase@?$list@UserialPortBuffer@@V?$allocator@UserialPortBuffer@@@std@@@std@@QAE?AViterator@12@V312@0@Z 0043f960 f i SerialPort.obj
 0001:0003e9d0       ?_Buynode@?$list@UserialPortBuffer@@V?$allocator@UserialPortBuffer@@@std@@@std@@IAEPAU_Node@12@PAU312@0@Z 0043f9d0 f i SerialPort.obj
 0001:0003ea60       ?_Freenode@?$list@UserialPortBuffer@@V?$allocator@UserialPortBuffer@@@std@@@std@@IAEXPAU_Node@12@@Z 0043fa60 f i SerialPort.obj
 0001:0003eaa0       ?_Next@_Acc@?$list@UserialPortBuffer@@V?$allocator@UserialPortBuffer@@@std@@@std@@SAAAPAU_Node@23@PAU423@@Z 0043faa0 f i SerialPort.obj
 0001:0003ead0       ?_Prev@_Acc@?$list@UserialPortBuffer@@V?$allocator@UserialPortBuffer@@@std@@@std@@SAAAPAU_Node@23@PAU423@@Z 0043fad0 f i SerialPort.obj
 0001:0003eb00       ?_Value@_Acc@?$list@UserialPortBuffer@@V?$allocator@UserialPortBuffer@@@std@@@std@@SAAAUserialPortBuffer@@PAU_Node@23@@Z 0043fb00 f i SerialPort.obj
 0001:0003eb30       ?destroy@?$allocator@UserialPortBuffer@@@std@@QAEXPAUserialPortBuffer@@@Z 0043fb30 f i SerialPort.obj
 0001:0003eb70       ??0const_iterator@?$list@UserialPortBuffer@@V?$allocator@UserialPortBuffer@@@std@@@std@@QAE@XZ 0043fb70 f i SerialPort.obj
 0001:0003eba0       ?_Mynode@const_iterator@?$list@UserialPortBuffer@@V?$allocator@UserialPortBuffer@@@std@@@std@@QBEPAU_Node@23@XZ 0043fba0 f i SerialPort.obj
 0001:0003ebd0       ??0iterator@?$list@UserialPortBuffer@@V?$allocator@UserialPortBuffer@@@std@@@std@@QAE@PAU_Node@12@@Z 0043fbd0 f i SerialPort.obj
 0001:0003ec10       ??Eiterator@?$list@UserialPortBuffer@@V?$allocator@UserialPortBuffer@@@std@@@std@@QAEAAV012@XZ 0043fc10 f i SerialPort.obj
 0001:0003ec60       ??8iterator@?$list@UserialPortBuffer@@V?$allocator@UserialPortBuffer@@@std@@@std@@QBE_NABV012@@Z 0043fc60 f i SerialPort.obj
 0001:0003eca0       ?begin@?$list@V?$basic_string@DU?$char_traits@D@std@@V?$allocator@D@2@@std@@V?$allocator@V?$basic_string@DU?$char_traits@D@std@@V?$allocator@D@2@@std@@@2@@std@@QAE?AViterator@12@XZ 0043fca0 f i SerialPort.obj
 0001:0003ed00       ??0CSerialPort@itas109@@QAE@ABV01@@Z 0043fd00 f i SerialPort.obj
 0001:0003ee90       ??0?$list@UserialPortBuffer@@V?$allocator@UserialPortBuffer@@@std@@@std@@QAE@ABV01@@Z 0043fe90 f i SerialPort.obj
 0001:0003ef20       ?begin@?$list@UserialPortBuffer@@V?$allocator@UserialPortBuffer@@@std@@@std@@QBE?AVconst_iterator@12@XZ 0043ff20 f i SerialPort.obj
 0001:0003ef80       ?end@?$list@UserialPortBuffer@@V?$allocator@UserialPortBuffer@@@std@@@std@@QBE?AVconst_iterator@12@XZ 0043ff80 f i SerialPort.obj
 0001:0003efd0       ?insert@?$list@UserialPortBuffer@@V?$allocator@UserialPortBuffer@@@std@@@std@@QAEXViterator@12@Vconst_iterator@12@1@Z 0043ffd0 f i SerialPort.obj
 0001:0003f040       ??Dconst_iterator@?$list@UserialPortBuffer@@V?$allocator@UserialPortBuffer@@@std@@@std@@QBEABUserialPortBuffer@@XZ 00440040 f i SerialPort.obj
 0001:0003f080       ??Econst_iterator@?$list@UserialPortBuffer@@V?$allocator@UserialPortBuffer@@@std@@@std@@QAEAAV012@XZ 00440080 f i SerialPort.obj
 0001:0003f0d0       ??9const_iterator@?$list@UserialPortBuffer@@V?$allocator@UserialPortBuffer@@@std@@@std@@QBE_NABV012@@Z 004400d0 f i SerialPort.obj
 0001:0003f120       ?begin@?$list@V?$basic_string@DU?$char_traits@D@std@@V?$allocator@D@2@@std@@V?$allocator@V?$basic_string@DU?$char_traits@D@std@@V?$allocator@D@2@@std@@@2@@std@@QBE?AVconst_iterator@12@XZ 00440120 f i SerialPort.obj
 0001:0003f180       ?end@?$list@V?$basic_string@DU?$char_traits@D@std@@V?$allocator@D@2@@std@@V?$allocator@V?$basic_string@DU?$char_traits@D@std@@V?$allocator@D@2@@std@@@2@@std@@QAE?AViterator@12@XZ 00440180 f i SerialPort.obj
 0001:0003f1d0       ?end@?$list@V?$basic_string@DU?$char_traits@D@std@@V?$allocator@D@2@@std@@V?$allocator@V?$basic_string@DU?$char_traits@D@std@@V?$allocator@D@2@@std@@@2@@std@@QBE?AVconst_iterator@12@XZ 004401d0 f i SerialPort.obj
 0001:0003f220       ?size@?$list@V?$basic_string@DU?$char_traits@D@std@@V?$allocator@D@2@@std@@V?$allocator@V?$basic_string@DU?$char_traits@D@std@@V?$allocator@D@2@@std@@@2@@std@@QBEIXZ 00440220 f i SerialPort.obj
 0001:0003f250       ?insert@?$list@V?$basic_string@DU?$char_traits@D@std@@V?$allocator@D@2@@std@@V?$allocator@V?$basic_string@DU?$char_traits@D@std@@V?$allocator@D@2@@std@@@2@@std@@QAE?AViterator@12@V312@ABV?$basic_string@DU?$char_traits@D@std@@V?$allocator@D@2@@2@@Z 00440250 f i SerialPort.obj
 0001:0003f330       ??4CSerialPort@itas109@@QAEAAV01@ABV01@@Z 00440330 f i SerialPort.obj
 0001:0003f4d0       ??4?$list@UserialPortBuffer@@V?$allocator@UserialPortBuffer@@@std@@@std@@QAEAAV01@ABV01@@Z 004404d0 f i SerialPort.obj
 0001:0003f5e0       ?insert@?$list@V?$basic_string@DU?$char_traits@D@std@@V?$allocator@D@2@@std@@V?$allocator@V?$basic_string@DU?$char_traits@D@std@@V?$allocator@D@2@@std@@@2@@std@@QAEXViterator@12@Vconst_iterator@12@1@Z 004405e0 f i SerialPort.obj
 0001:0003f650       ?erase@?$list@V?$basic_string@DU?$char_traits@D@std@@V?$allocator@D@2@@std@@V?$allocator@V?$basic_string@DU?$char_traits@D@std@@V?$allocator@D@2@@std@@@2@@std@@QAE?AViterator@12@V312@0@Z 00440650 f i SerialPort.obj
 0001:0003f6c0       ?_Buynode@?$list@V?$basic_string@DU?$char_traits@D@std@@V?$allocator@D@2@@std@@V?$allocator@V?$basic_string@DU?$char_traits@D@std@@V?$allocator@D@2@@std@@@2@@std@@IAEPAU_Node@12@PAU312@0@Z 004406c0 f i SerialPort.obj
 0001:0003f750       ??_GCSerialPort@itas109@@UAEPAXI@Z 00440750 f i SerialPort.obj
 0001:0003f7b0       ??_ECSerialPort@itas109@@UAEPAXI@Z 004407b0 f i SerialPort.obj
 0001:0003f850       ?_Freenode@?$list@V?$basic_string@DU?$char_traits@D@std@@V?$allocator@D@2@@std@@V?$allocator@V?$basic_string@DU?$char_traits@D@std@@V?$allocator@D@2@@std@@@2@@std@@IAEXPAU_Node@12@@Z 00440850 f i SerialPort.obj
 0001:0003f890       ?assign@?$basic_string@DU?$char_traits@D@std@@V?$allocator@D@2@@std@@QAEAAV12@PBDI@Z 00440890 f i SerialPort.obj
 0001:0003f900       ??4CSerialPortInfo@itas109@@QAEAAV01@ABV01@@Z 00440900 f i SerialPort.obj
 0001:0003f940       ?erase@?$basic_string@DU?$char_traits@D@std@@V?$allocator@D@2@@std@@QAEAAV12@II@Z 00440940 f i SerialPort.obj
 0001:0003fa10       ?move@?$char_traits@D@std@@SAPADPADPBDI@Z 00440a10 f i SerialPort.obj
 0001:0003fa50       ?capacity@?$basic_string@DU?$char_traits@D@std@@V?$allocator@D@2@@std@@QBEIXZ 00440a50 f i SerialPort.obj
 0001:0003fa80       ?_Eos@?$basic_string@DU?$char_traits@D@std@@V?$allocator@D@2@@std@@AAEXI@Z 00440a80 f i SerialPort.obj
 0001:0003fae0       ?assign@?$char_traits@D@std@@SAXAADABD@Z 00440ae0 f i SerialPort.obj
 0001:0003fb10       ?_Grow@?$basic_string@DU?$char_traits@D@std@@V?$allocator@D@2@@std@@AAE_NI_N@Z 00440b10 f i SerialPort.obj
 0001:0003fc70       ?_Refcnt@?$basic_string@DU?$char_traits@D@std@@V?$allocator@D@2@@std@@AAEAAEPBD@Z 00440c70 f i SerialPort.obj
 0001:0003fca0       ?deallocate@?$allocator@D@std@@QAEXPAXI@Z 00440ca0 f i SerialPort.obj
 0001:0003fce0       ?_Charalloc@?$allocator@UserialPortBuffer@@@std@@QAEPADI@Z 00440ce0 f i SerialPort.obj
 0001:0003fd20       ?deallocate@?$allocator@UserialPortBuffer@@@std@@QAEXPAXI@Z 00440d20 f i SerialPort.obj
 0001:0003fd60       ?construct@?$allocator@UserialPortBuffer@@@std@@QAEXPAUserialPortBuffer@@ABU3@@Z 00440d60 f i SerialPort.obj
 0001:0003fda0       ??0const_iterator@?$list@UserialPortBuffer@@V?$allocator@UserialPortBuffer@@@std@@@std@@QAE@PAU_Node@12@@Z 00440da0 f i SerialPort.obj
 0001:0003fde0       ??8const_iterator@?$list@UserialPortBuffer@@V?$allocator@UserialPortBuffer@@@std@@@std@@QBE_NABV012@@Z 00440de0 f i SerialPort.obj
 0001:0003fe20       ?erase@?$list@V?$basic_string@DU?$char_traits@D@std@@V?$allocator@D@2@@std@@V?$allocator@V?$basic_string@DU?$char_traits@D@std@@V?$allocator@D@2@@std@@@2@@std@@QAE?AViterator@12@V312@@Z 00440e20 f i SerialPort.obj
 0001:0003ff00       ?_Next@_Acc@?$list@V?$basic_string@DU?$char_traits@D@std@@V?$allocator@D@2@@std@@V?$allocator@V?$basic_string@DU?$char_traits@D@std@@V?$allocator@D@2@@std@@@2@@std@@SAAAPAU_Node@23@PAU423@@Z 00440f00 f i SerialPort.obj
 0001:0003ff30       ?_Prev@_Acc@?$list@V?$basic_string@DU?$char_traits@D@std@@V?$allocator@D@2@@std@@V?$allocator@V?$basic_string@DU?$char_traits@D@std@@V?$allocator@D@2@@std@@@2@@std@@SAAAPAU_Node@23@PAU423@@Z 00440f30 f i SerialPort.obj
 0001:0003ff60       ?_Value@_Acc@?$list@V?$basic_string@DU?$char_traits@D@std@@V?$allocator@D@2@@std@@V?$allocator@V?$basic_string@DU?$char_traits@D@std@@V?$allocator@D@2@@std@@@2@@std@@SAAAV?$basic_string@DU?$char_traits@D@std@@V?$allocator@D@2@@3@PAU_Node@23@@Z 00440f60 f i SerialPort.obj
 0001:0003ff90       ?_Charalloc@?$allocator@V?$basic_string@DU?$char_traits@D@std@@V?$allocator@D@2@@std@@@std@@QAEPADI@Z 00440f90 f i SerialPort.obj
 0001:0003ffd0       ?deallocate@?$allocator@V?$basic_string@DU?$char_traits@D@std@@V?$allocator@D@2@@std@@@std@@QAEXPAXI@Z 00440fd0 f i SerialPort.obj
 0001:00040010       ?construct@?$allocator@V?$basic_string@DU?$char_traits@D@std@@V?$allocator@D@2@@std@@@std@@QAEXPAV?$basic_string@DU?$char_traits@D@std@@V?$allocator@D@2@@2@ABV32@@Z 00441010 f i SerialPort.obj
[...]
FIXUPS: 48eeb 63 34 47 1e d 2f 15 11 1d 21 14 26 19d 18 19 19 a fffff11c
FIXUPS: 483f6 19f 20 57 14 32 64 140 13b0 ce b9 31 1e 2a 1b 131 25 123
FIXUPS: 4a058 30 75 32 22 26 14 170 55 53 ffffef4d 21 7e c8 33 49 fffff766
FIXUPS: 48d44 2a 18 38 16 220b 21 d a 13 16 13 28 14 15 14 7 17 6b 20 fffff300
FIXUPS: 4a496 18 a6 10 fffff089 34 24 cb 67 133 18 21 34 30 a8 e2 e12 a
FIXUPS: 4a92c 25 b2 65 ce 36 12 38 4c 31 16 f 17 37 19 92 18 20 62 a f3
FIXUPS: 4aefa 24 f 1f 12 1e 26 f 1c 15fe 16 c fffff28f 3d 49 132 31 fffffdb3
FIXUPS: 4b837 7 10 fffffe9c 5e 7 fffffead fffffc8f 38 78 fffffeb4 22 fffff37a
FIXUPS: 4a5bd 92 3f 6a 15 31 51 ba 3c 27 3515 23 ffffe9b6 1c3 17 fffff167
FIXUPS: 4baf8 53 1d 2b 2c c 3a e 11 2f 44 c 3e e 11 182 1d8 1ac 2b 33 1b6
FIXUPS: 4c50e 27 36 44 c 21a7 2a fffffe95 59 fffffed3 3a ffffff09 1b c
FIXUPS: 4e4c7 29 2a fffffec1 45 fffffd3d a fffff6ef 4b 15d 19 18 c 25 15
FIXUPS: 4dab0 5b 52 6c c7 53 66 53 20f3 76 4a 3d 76 6c 62 20 77 27 70 46
FIXUPS: 50275 35 44 35 1c 147 8a 32 24 f ffffea9a fffffc37 2a 2a 227 fffff9f7
FIXUPS: 4e8cb dd 23f fffffaf9 a94 9 19 a4 1aa 1d 118 1de 32 97 1f 58 a8
FIXUPS: 4f907 33 43 64 46 41 12 2f 4d 23 10 70 24 5a 46 2f c1 24 e5 1734
FIXUPS: 515a5 40 14 59 14 3f 6b fffffaa5 2f 80 36 fffffda5 2a 29 3b 51
FIXUPS: 50f81 fffffd83 1ae fffffb5e 108 10 3e 54 4b 28 fffffadd 2a3 ffffe709
FIXUPS: 4f0e3 47 284c 3c 6ef 192 19 de0 7e5 236 11a 9e a3 102 119 ffffd958
FIXUPS: 51830 64 fffffebb 19 38 1d fffffb6a 17 31 30 18 3f c 13 70 10 5c
FIXUPS: 51553 42d3 35 fffffd2b a a fffffd1b 98 f6 fffff628 23 5 111 43
FIXUPS: 54cee 4a 12 5 25e 35 35 1e8 fffff83a fffffbc0 b6 7f 24 62 38 61
FIXUPS: 54865 28 ffffd0c6 4c63 1e 13 22 fffffe07 36 28 1f 29 26 17 12 1c
FIXUPS: 561fb ffffff70 d 11 2f 25 fffffdfa 50 c 5a fffffa21 18 11b 21 4b
FIXUPS: 55caa 17 b5 fffff92e 2557 10 30 10 30 10 fffff74a a7 fffffa75 21
FIXUPS: 56f33 24 2a 23 fffffd00 1c 77 3a 59 15 17 1d 14 13 14 1a 19 fffffcd3
FIXUPS: 56b9e 94 2b fffff903 1b66 2a 44 4b fffffe4d 2a 44 4b ffffff11 fffffe19
FIXUPS: 57dd8 ffffffa0 17 fffff815 41 8c 14 26f 19 1c 13 2a 3a 10 13 16
FIXUPS: 579ff 1e 41 93 20 68 17f0 21 20 1d 11 15 15 fffffabc 37 fffffc5f
FIXUPS: 58e13 2d 2f fffffaff 29 19 2c fffffd2e 85 69 33 8c 34 fffffd06
FIXUPS: 58663 13 24 17 fffffd19 14 ffffff70 2b 20e2 6c fffffc80 1d fffffe7b
FIXUPS: 59b42 48 141 52 35 140 fffffb7c 5f fffffbaa 4d 40 40 43 4d 40 43
FIXUPS: 59847 50 4d 65 60 fffffb20 fffffadb 2a0 5a 34 37 2367 43 ffffff4b
FIXUPS: 5b1a2 43 33 24 bd 2d 9b 32 43 c 10 c fffff35c 14d eb 1c8 8c 152
FIXUPS: 5ae05 238 13 fffff1f7 21 35 35 13a c 10 c 2217 c 19 42 3c a7 19
FIXUPS: 5c7d6 c 21 fffff822 19 d9 13f 9e fffff9e4 70 4f 1df fffffa1f a7
FIXUPS: 5b6d9 73 1c 1f 49 11 71 5f 1d c 47 fffa5a78 30 ba 13 5be2b 1a 13
FIXUPS: 5d316 30 30 fffffd65 13 2b c 2a 50 c 2b 3d c 3a fffffe06 fffff8e7
FIXUPS: 5c3f4 45 29 3a 40 3e 33 4b 59 fffa51b6 45 7 c 7 7 17 31 ca 2a 44
FIXUPS: 1994 12 2b 17 f f 12 1a 5ba05 b fffa461f d 39 1a fffff56e 19 3f
FIXUPS: 113f d3 bd 85 36b19 35 13 36 13 120 12 12 12 12 12 12 12 12 12
FIXUPS: 380d2 12 17 a d fffc946c 21 15 26 92 41 2e 7 3d 7 28 52 34cd2 10
FIXUPS: 36540 34 42 39 21 1f e 1c 49 93 30 2d 4a 2a 13 2d 75 30 b6f 1b8
FIXUPS: 37a11 19 15 48 25 d ef 19e 7c 89 ffffcdfd d 226 4d 1e 10b a1 17
FIXUPS: 350fe 52 7 9 32 2e 20c 27 184 3b 100 3b 54 22 548 9d 3a8 10 19b
FIXUPS: 362b9 2c 16 11c 1c ffffe4b5 18 17 18 18 17 28 41 1f 19 10 43 28
FIXUPS: 34a94 1e 13 2c 15 16 10 1e a d 21 10 85 7 7 7 7 7 7 fffff5bc 5c
FIXUPS: 34270 17 b8 ae af 85 50 1f 31 27 c9 16 3c 14 14 19 d 43 19 1c 16
FIXUPS: 347f5 16 16 16 26 a 13 10 46 fffff2fd 10 121 2e 23 26 9 3c 2982b
FIXUPS: 5d5f1 fffd682f 26 13 46 4f ac 9 43 30 80 13 30 e e 29 9 13 45 e
FIXUPS: 3419b 15 10 fffff13d 1f f2 c4 f5 31 1f 31 2a 6f 67 3a 30 2f 1e
FIXUPS: 3381c 24 b 86 24 35 c0 4a 2f 2e 1a 19 35 1a 26 40 1a ffffef3d 3b
FIXUPS: 32bbb a7 9c 72 a7 4b 1f 31 27 a5 45 46 1e 3d 42 43 c 26 20 24 29
FIXUPS: 331a9 30 e 66 9 13 44 12 1f fffff3f9 25 13 35 ab 19 17 7 7 7 7
FIXUPS: 3285a 48 2a 3b 1d 1c 31 e e 19 13 30 e e 29 9 13 45 e e 15 fffff8eb
FIXUPS: 323bb 7 18 21 d 10 3e d 10 10 a 4a d 30 10 a 2b 51 7 7 d 40 22
FIXUPS: 32642 21 18 a 7 7 1b 16 fffff6e4 b4 65 d 10 10 5d 4a 20 4c 27 13
FIXUPS: 32083 7 7 c 2f 2a 3c 1f 16 19 43 10 49 af 23 4d 7 10 7 4b fffff7a9
FIXUPS: 31b81 b b b b b e e e e e 2c e e 10 2b b b b b b e e e e e 2c e
FIXUPS: 31d46 c 10 fffff8e8 a 10 31 3d c 23 24 7 9 16 2b 2c 16 2f 16 e4
FIXUPS: 318fa 3d 10 3c a6 10 44 d 10 10 a 40 10 a 7 fffff681 25 3b 2e b
FIXUPS: 3123a b b e e e e e e e e 2c e e e e 14 10 4a 12d 1f 5c 1e 2b 2d
FIXUPS: 31609 d fffff6ff b e 2c e 18 10 34 b b b b e 2c e 14 10 4d 9 1c
FIXUPS: 30fa1 d 9a f 2f 5e 10 28 22 7 28 22 fffff256 27 17 2d1a4 b fffd2e8b
FIXUPS: 30659 a5 2f 35 1d 27 2f 14 18 1a 22c 13 f 15 15 15 93 75 74 13
FIXUPS: 30c59 46 1f 36 b b fffff218 3b 16 15 27 37 29 50 40 28 f 73 2d41e
FIXUPS: 5d573 b fffd2c21 28 11 2c 32 49 6 f d 47 18 4c 24 2d227 c d c fffd2106
FIXUPS: 2f6df 2de46 b fffd2228 1e 1b 3c 10 df 19 5e 2c 15 1d 75 10 2da
FIXUPS: 2fd05 4a e e 23 29 3d 5e 2d6f3 c fffd294e 22 3c 19 fffff1aa 48
FIXUPS: 2f11b 4a 27 49 28 48 35 4b 43 4d 1e 2b 53 1e 2b 51 1e 2e ac 9 11
FIXUPS: 2f5ab 37 1d 2def6 b fffd2163 9 11 e fffff4fb 31 20 15 13 55 1a
FIXUPS: 2ecf6 1a 3f c 1a 17 17 1c 4b 15 1a 58 3c 13 3d 13 3d 13 3d 13 3d
FIXUPS: 2f020 3d 13 3d fffff44c 10 75 f 10 68 34 34 d 10 ac 15 14 10 57
FIXUPS: 2e7ef 19 6e 21 1d 15 77 31 45 31 31 29 13 13 7b 1d 15 fffff5a1
FIXUPS: 2e0c6 1d 10 32 13 23 43 c 1a 22 10 28 25 d 1f 46 d 10 43 d 10 48
FIXUPS: 2e387 10 52 d 10 5b d 10 6e fffff4a3 3d 13 3d 13 4b 13 4d 13 e4
FIXUPS: 2dbe4 14 3d 13 14 28 21 d 13 37 21 1a 56 24 11b 27 6a 58 16 6f
FIXUPS: 2e07a c fffff613 7 7 7 7 7 45 7 7 7 7 7 d 62 7 7 7 7 d 47 13 7f
FIXUPS: 2d8aa 7 7 7 7 7 1d 42 13 3d fffff881 4d 13 49 13 dd 7 7 7 7 7 7
FIXUPS: 2d3d5 4e 7 7 7 d 58 c 7 7 7 d 63 12 5f 12 54 7 7 d fffff634 15
FIXUPS: 2cc77 1a 26 13 53 25 32 21 e 1d 48 4b 11 10 59 2a 76 10 8d 11 3d
FIXUPS: 2d09c 13 3d 13 3d 13 3d 13 4b ffffef73 20 10 75 15 13 42 19 3b
FIXUPS: 2c333 27 13 15 1d 2a 2e 2d 20 11f 9b 64 5e 26 23 3c 100 f2 1b3
FIXUPS: 2cb2a 5a 25 7b ffffedf7 d 15c 1c4 27 a 35 6 46 30 a 45 30 a 36
FIXUPS: 2bf13 37 c 20 1f 1f 13 29 1c 31 18 32 1c 2a 18 32 1c fffff3f6 28
FIXUPS: 2b55b 7 2b 25 16 d a 38 55 19 1c 26 10 a 7 d 2e 19 38 3a 18 18
FIXUPS: 2b7ec e e 10 58 33 d 144 fffff45c 65 10 24 19 b8 2a 25 a 7 32 f0
FIXUPS: 2b172 2e 23 1c 25 36 28 3d 1c 24 28 a 7 38 c5 1d 29 41 4b 1e fffff2b6
FIXUPS: 2a811 7 138 a d a 22 3c 14 8 37 1f 43 25 23 f 12 25 12 18 2f 1f
FIXUPS: 2abc4 e e e e 16 10 e4 128 fffff362 54 27 16 61 a 25 2b 2a 5d 72
FIXUPS: 2a3e5 a2 13 13 35 1b 33 a 30 16 22 40 a d a 7 28 2b 32 10 6f fffff528
FIXUPS: 29c66 12 12 3c f d 47 9 d 8b 56 7 1e 42 5f 28 27 2f 33 103 d 5b
FIXUPS: 2a110 e e e e e e e e fffff2e3 31 16 1c c3 19 31 37 10 31 10 1c
FIXUPS: 296c5 38 58 61 ff 4c 59 38 10 57 2b 28 33 d 27 7 2d 13 b7 63 fffff317
FIXUPS: 28f3b c7 1b 13 7 32 16 22 19 27 25 4f 30 7 13 7 36 16 2f d 19 d
FIXUPS: 29279 b7 19 30 3b 16 37 16 36 fffff219 16 30 58 a d a 7 32 32 a
FIXUPS: 287cc 16 2d 13 16 3b 44 a d a 7 28 2b 2a 34 430 5b 77 45 1e f fffff2e4
FIXUPS: 281f2 32 16 2d 13 16 3b 19 28 2a 2b 34 39 22 27 7 32 27 7 2f 16
FIXUPS: 284ed 16 2d 20 32 30 16 32 32 a fffff0ec d 256 13 9 c 20 1d a d8
FIXUPS: 27b2e 4c d0 11 16 10 2ca 22 27 7 32 26 7 39 1d 2f 4c 33 a 4a 30
FIXUPS: 281b5 fffff35f e e e e e e e e e e e e e e e e e e e e e e e e
FIXUPS: 27672 e 14 14 1c 10 42 fffffbe0 e e e 14 14 1d c 10 51 e e e e
FIXUPS: 27418 e e e e e e e e e e e e e e e e e fffffc30 e e e e e e e
FIXUPS: 271a6 e e e e e e e e e e e e e e e e e e e e e e e fffffc1e e
FIXUPS: 26f22 e e e e e e e e e 14 14 29 a c 10 5b e e e e e e e e e e
FIXUPS: 2710c e e fffffc1e e e e e e e e e e e e e e e e e e e e e e e
FIXUPS: 26e88 e e e e e e e e fffffa85 4f d 15 d a 32 21 7 3c 7 d a 16
FIXUPS: 26b2e 7 13 21 1e 7 d 15 d a 42 99 50 e e e e e fffff56d 10 2dc
FIXUPS: 26627 b b b b b e e e e 2c 72 10 36 4a 5f 36 7 16 38 7 28 7 f 10
FIXUPS: 26943 d 19 7 fffff5ba 39 a 7 1c 19 2c 13 13 b 6c 18 18 15 16 16
FIXUPS: 260f7 30 a 29 a d a 1c 16 17 16 17 16 17 16 32 fffff809 7 7 27
FIXUPS: 25abd 18 e 2b 1e 2e 7 c 15 15 15 15 18 17 4c 27 27 1c 54 de 6a
FIXUPS: 25e56 10 4d 16 10 10 3a fffff6a0 2d 2d 37 1a 19 c 98 c 45 42 42
FIXUPS: 25807 3a 10 1e a 1a 2e 1d 1d c 30 1d 1d c 30 1d 1d c 30 26 fffff219
FIXUPS: 24c9f 69 4a 25 7 33 28 7 ea 2f 59 c 29 c 1c 1c 5b 1c 1d 16 2f 25
FIXUPS: 250d0 35 a 16 7 68 f 50 3ac ffffe806 e e e e 15 3f0 595 10 3c 10
FIXUPS: 247f9 23 23 27 2d 30 2d 2d 30 2d 2d 30 25 69 33 67 4d c 15 15 f
FIXUPS: 23be5 e e e e e e e e e e e e e e e e e e e e e e e e e e e e e
FIXUPS: 23d89 e fffff501 3f e e e e e e e e 20 10 9e 6b d 5a 44 18 43 415
FIXUPS: 23a0e 7 1c 92 4d 33 1e 1b 1c 29 b b ffffe935 1b 16 1f 16 1f 40
FIXUPS: 225e1 73 37 1af 9b 28 5e af 2c 1e2 1f aa 1c 2c 5d 5e 2de 1f 4b
FIXUPS: 2316d 10 47 3c 41 10 ffffed0d 38 12 7 aa 13 45 18 d 4a 2a 2a 1d
FIXUPS: 221dd 1a 1a d 45 1c 1d d 40 c d 6d 1c 63 1c 81 1c 48 13 fffff567
FIXUPS: 21a82 43 4c 34 1c 25 12 65 34 3a 6b 38 1b 24 7 7 22 3a 8 17 1f
FIXUPS: 21e22 26 10 38 12 7 29 22 30 2a fffff456 1f 16 d 16 10 45 2e a
FIXUPS: 214a2 4b 67 4d 34 25 28 10 2f 19 45 19 41 b1 bc 81 33 31 d 3b d
FIXUPS: 21a31 2e fffff0b0 1c 30 2c 7 7 5c 62 8 50 13 41 20 1a 27 1c 10
FIXUPS: 20dcf 113 11c 10e a5 75 38 31 29 18 10 33 26 18 38 ffffefd8 31
FIXUPS: 203be 20 27 a 10 34 d 71 2e a 19 43 ec d 51 6a 1e 31 47 31 a 25
FIXUPS: 20835 10 13 13 16 22 10 224 fffff1cd 7 7 7 7 d 34 e e e 19 6b e
FIXUPS: 1fdcb e 88 17 17 12 1f 1c 12 1b 1b 19 42 32 b7 c8 bd 81 b8 fffff45c
FIXUPS: 1f83b d0 34 61 26 f 26 f 1d 12 27 10 19 f 1f 52 2e 10 10 8c 74
FIXUPS: 1fc5e 7 7 7 7 7 7 7 7 7 fffff312 e e e e e e e e e e e 71 73 d
FIXUPS: 1f188 41 2b 24 ff 1b 5f d 44 22c 43 7 16 80 a d 10 fffff55d 1d
FIXUPS: 1ec9f 50 25 13 13 29 16 30 16 16 25 37 e e e e e e e e e e e e
FIXUPS: 1eee7 e 19 77 e e fffff88c f 12 25 19 10 23 10 10 42 2e a 19 4b
FIXUPS: 1e9cd 60 21 d 47 2c 1a 1e 15 21 13 28 1a 1e 17 2b 2b 27 fffff326
FIXUPS: 1df82 73 e e e e 5c 24 19 a 13 11 16 12 20 43 17 12 35 78 d1 e7
FIXUPS: 1e4e5 8c 8e 38 31 27 a2 16 42 fffff092 42 c3 c6 80 63 38 31 c3
FIXUPS: 1dc0b 4e 2b 26 d 4a 13 19 22 85 1c 19 21 10 42 26 36 18 10 31 e
FIXUPS: 1df4d e fffff433 2a 8c 2c 11 55 67 7f 10 8 10 10 14 1c 12 1a 3fe77
FIXUPS: 5d4d2 fffc01af e e 19 39 e e 20 12 31 10 4f 26 18 fffff229 38 31
FIXUPS: 1cac7 15 10 3d 13 19 a6 58 137 87 12 3a 18 34 13 19 19 b4 175 77
FIXUPS: 1d1c4 12 16 2e 70 34 3a 18 56 ffffefc2 2d 59 28 c 2f 69 5a 15 30
FIXUPS: 1c554 30 65 24 20 40e5a d e e c fffbf18d 4f 10 9a 12 1f 44 9 cd
FIXUPS: 1c957 e 7e fffff421 22 42 46 415a7 b b c fffbea9f 47 47 47 47 47
FIXUPS: 1c0a2 2f 13 13 3a 13 13 3a 13 13 57 14 2a c d 55 1f 30 fffff516
FIXUPS: 1b826 7 7 7 7 10 60 29 34 33 16 85 7d 7f 3f 36 29 28 29 10 29 e
FIXUPS: 1bc69 61 e 32 47 1e b 39 22 fffff610 16 15 25 9b 1c 36 1a 17 18
FIXUPS: 1b596 37 58 53 20 5b 34 1f 7 7 7 7 7 7 7 7 38 1f 25 10 7 7 fffff75a
FIXUPS: 1af85 18 10 13 44 16 36 39 38 b8 10 13 16 13 27 2b 2b 13 16 13
FIXUPS: 1b296 24 1f 1f 10 16 1d 4b 18 18 17 ffffefb3 21 16f 174 cd 33 17a
FIXUPS: 1a92b 11 2c 10 16 29 11 15 10 7b e 12 191 3b 10 16 2d 192 3e 10
FIXUPS: 1ae9d 25 4b 2b 2a ffffecac 64 29 54 34 33 3d 32 31 3d 80 27 85
FIXUPS: 19fe9 8b 10 31 e e e 44 33 2f 10 74 32 9 43 2e 78 1f 1b fffff2ec
FIXUPS: 19666 2f 1a 1e 17 33 2c 33 d a0 17 a9 17 122 45 22 46 1e 1a 10
FIXUPS: 19bbb 7 7 7 7 7 7 7 7 7 7 fffff29f 16 13 16 24 22 16 10 4b 3f 1f
FIXUPS: 1900e 18 17 18 18 80 e4 18 81 1c 156 1c 92 15 2a a5 1c 22 40 2f
FIXUPS: 19635 fffff041 22 19 18 3a 40 43 22 31 28 f 111 16 e3 16 35 28
FIXUPS: 18b70 16 f 43 39 39 36 31 39 38 bf 10 4d 19 2a ffffe418 155 168
FIXUPS: 176aa c1 15c 45 38 31 2a 3f d 3f 41 163 157 15f 169 154 c0 15d
FIXUPS: 183a3 38 31 2a 151 16 40 2c 15 13 2c ffffe467 2b 2a 2e 2f 33 35
FIXUPS: 16bee 14 10 28f e e 19 33 e e a5 51 d1 1f 1f 1f 1f 1f 3f 19 11
FIXUPS: 17200 3b 1f 12 fffff38a 26 5c 23 f 34 3b 2e 22 4e 19 2f 7 31 7
FIXUPS: 1687f 38 f 16 19 f 10 3c 17 26 43 17 26 1c 38 17 24 ffffebae 32
FIXUPS: 1569b ac a7 66 d c8 3c 3d 39 233 53 2c 14 1b 1f1 99 61 da 35 89
FIXUPS: 16158 2b 2b 1fe d1 8e 19 f 72 f ffffed37 a d 34 39 10 44 10 2e
FIXUPS: 1540f e e e e e e e 21 19 36 e e e e e e e e 21 19 3e 20 ffffe9db
FIXUPS: 13ff0 50 2f f 13 16 f 4a 8 e 33 16 629 6 13 57 71 17c 128 ab 3cb
FIXUPS: 14f9b 18 22 5c 112 35 4c 2c 11 10 ffffe6ba a1 72 12 1f 1f 59 12
FIXUPS: 13ab8 1f 5c 12 1f 1f 1f ad d 157 d 19 25 b b 14 8d 22 19 2c 7 26
FIXUPS: 13f6b 7 fffff369 1c 73 57 18 10 5c 26 31 33 22 12b 37 40 1b 1b
FIXUPS: 136d6 3d 1b 1b d 13 25 38 20 7 24 2e 27 7 26 f fffff4a8 e e e e
FIXUPS: 12d90 e e 16 1c 10 10 1b 63 45 32 30 60 47 28 47 47 2b 28 2e 5a
FIXUPS: 13189 2e 41 8f 1c 1c fffff88d 16 19 39 e e e e e e e e e e e e
FIXUPS: 12c6a e e e e e e e e e e e e e e e fffffc50 e e e e e e e e e
FIXUPS: 12a18 e e e e e e e e e e e e e e e e e e e e e fffff92a 1b 1a
FIXUPS: 124b8 1b 1f 41 18 1b 1a 1b 1b 1a 1b 1b 1a 1b 1b 1a 1b 1b 22 10e
FIXUPS: 1281c 46 46 46 33 33 e e e fffff699 19 64 3a 42 18 1b 1f 3e 18
FIXUPS: 121d3 1a 1b 1b 1f 3e 18 1b 1a 1b 1b 1a 1b 1b 1f 3e 18 1b 1a 1b
FIXUPS: 12433 1a ffffe9eb e9 11 10 46 2a 1a 61 1e 10 1ed 59 88 d 3d4 d
FIXUPS: 11875 a6 a3 93 81 3b 10 16f d 225 18 10 31 d 47 4f ffffe026 c 22
FIXUPS: 10241 e e e 10 3c e e e 17 3e 44 25 43 1f 18 e 35 285 f c1 f 26e
FIXUPS: 10a3d 78 f 60 16 2cf ffffd87f 140 13 237 b1 12f d6 14f 10 30 10
FIXUPS: ee97 10 997 20d 9e 86 102 17 19 41 18 4b 43 a8 47 c 3c 19 12 99
FIXUPS: ff8c ffffd5d8 a 7 10 16 23 1b 2b 2b 1e d a 30 1e d a 33 25d 64
FIXUPS: da51 275 13 43e 11f 13 32 171 6d 6e 72 6e 50 ffffec43 36 a 7 10
FIXUPS: d2c0 a 10 3b 14 28 17 13 22 22 1a 10 39 7 13 d 21 43 7 7 7 13 10
FIXUPS: d514 a 7 10 fffff634 34 96 16 34 93 a7 10 30 10 41 97 1a 2c 82
FIXUPS: cfb9 28 4f 19 80 b 2c 2f 2b 32 6 24 43 7 d a 13 ffffdeef 32 af
FIXUPS: b219 32 8f 27f 2d b6 18d 2d b1 67a 7c d0 7e 388 7c 4d 1e 1e d 3e
FIXUPS: c664 ee 9e 19 71 fc 1af 20 d ffffd7ce 7 20 76 e2 66 19 25 4b 57
FIXUPS: a642 5e 236 13 83 2b 1d6 28 d 17 32 1a5 19 29 13 19 1c 48 10b 1c
FIXUPS: afbb af ffffe901 3f 4e 1f 45 1c 62 1f a1 1f 39 ff 31 15f f1 8 10
FIXUPS: 9fca 10 24 1d 9 17 15 ba 1e 16 138 46 26 2d a ffffed82 46 21 e
FIXUPS: 9131 11 1f 44 7 34 a 7 1c 35 b b b 1d 289 32 22 35 30 b b b 1d
FIXUPS: 978d 32 22 35 2c fffff0ff 7 1f 5d 8d 8d 72 77 52 1f bb 21 b 2f
FIXUPS: 8d7d 26 c3 9b 39 18 f f 11 27 10 a d 35 36 1b a d fffff3dc 31 15
FIXUPS: 84a4 16 16 16 e 9c 37 d 22 26 1e b 24 24 41 43 25 26 1b 27 b 20
FIXUPS: 87ec 3b d 22 2d 1a 43 fffff01b d6 81 81 81 81 31 232 1f b0 1c 2f
FIXUPS: 7ff7 11d 2e 59 13 13 13 13 13 e 7c 49 1f 3d 15 16 16 16 16 e ffffe860
FIXUPS: 6c26 e 1c 37 38 5a b6 1f 96 1f 34 19d 33 a5 1db a5 c1 1f 184 1c
FIXUPS: 76ad 1c 3e 13 5a 6b 56 1f 2d 13 4b ffffefbb 1f 1e 1a 1a 1a 1a 29
FIXUPS: 697d a 15 a 15 c b 15 a 15 a 15 c 21 a d 22 3b 46 c 3f 10 22 34
FIXUPS: 5db3 60 50 2f 68 23 4b 7 1f 39 10 a 22 31 10 1f 34 30 22 601 19
FIXUPS: 6715 18 14 f 52 d 10 3b 43 1f 1f ffffec03 ad 1e1 d 1f 1f 45 1f
FIXUPS: 57da 3d d 10 49 1d 14 51 7 1f 2c f9 3f 1c 37 1f 1f 66 1c 35 8 14e
FIXUPS: 5d6c 28 fffff22b 26 1b 14 14 d 2c 20 b 21 d 1b a d 22 96 1c 3a
FIXUPS: 52a5 2c 29 e 1f 52 18 c 17 2d 31 7 1f 32 fffff496 125 12 b 21 13
FIXUPS: 4a88 b 1c 33 8 242 3e 20 6 5d 7 10 2f 4c d 10 a 1f 1f 20 10 e 21
FIXUPS: 4f50 a 1f fffff2f6 13 13 23 33 1f 3c 15 16 16 23 5c 1f 32 10 1f
FIXUPS: 44ac e 42 50 30 e 42 42 42 32 27 29 29 27 1c8 6 fffff43a 69 1f
FIXUPS: 3e12 15 2e 52 41 1f 37 d 1f 4e 11 6 18 1a 1f 6 f f 19 4e 18 a 2f
FIXUPS: 4152 31 29 13 13 5f fffff0f6 2d 13 12 b 1c 82 8 1c7 54 10 28 41
FIXUPS: 3847 10 169 1c 64 1c b9 19 13 4b 1f 3c d 22 81 1f 33 15 16 ffffe68c
FIXUPS: 23b3 30 d 436 13 6c 1c 64 1c 8c 1c 64 1c be 1c 5a 1c 6c 1c 307
FIXUPS: 2f64 51 1c 13d 1f 37 13 12 b 1c ac ffffebc3 2a 5 d 51 d 35 10 30
FIXUPS: 1f3b 2e 5 d 33 d 33 10 30 d 99 3a d6 22 4e 22 34 22 25 22 14 19
FIXUPS: 236e 3a74f 1e 7 1a 74 fffc4f79 d 2c 11 19 25 23 1b 2a d 3b d 2b
FIXUPS: 1c66 55 2e 11 d 22 d 34 11 24 10 2a d 2c 3a74a 10 25 71 1d 51 26
FIXUPS: 3c6b5 87 52 18 3b 22 18 4c 28 26 2e 23 f 13 49 a 22 17 8 8 2c 3e
FIXUPS: 3ca4b 1e b fffff68d 29 2f 35 b 14 1c 36 2a 38 12 12 24 a 43 40
FIXUPS: 3c36b 24 12 2b 13 10 f f 12 1a 2151e c c b fffdeb0c 22 fffff8d6
FIXUPS: 3bd98 f f 3a b5 2a 37 17 f 7 7 7 7 7 7 2b 17 12 1a 21963 c b fffde6b0
FIXUPS: 3c016 15 19 16 2a 38 1a 1e fffff8d5 12 37 27 7 7 7 7 7 7 7 12 1a
FIXUPS: 5d8d7 c b fffde1f0 15 6c 20 d3 2f 27 7 1e 18 1a 21c08 b fffde41c
FIXUPS: 3bd52 13 fffff918 24 2b 17 f 12 1a 22189 c c b fffdde8b 15 12 29
FIXUPS: 3b7ba 49 14 c0 8 b 12 28 21 2c 27 7 7 7 7 7 7 fffff830 22695 b
FIXUPS: 3b229 11 69 20 13 10 25 10 8c 11 13 33 21 15 19 16 61 f 2c 2c 43
FIXUPS: 3b575 c c 3a 34 20 22 1e fffff859 19 16 1f 15 3f c 1f 3a 41 29
FIXUPS: 3b038 7 24 2b 17 f 12 1a 22777 c c b fffdd894 21 21 22 2b 7 10
FIXUPS: 3b1c6 12 fffff87a 22db5 c c b fffdd272 15 4a 1e 15 24 22ce2 b fffdd348
FIXUPS: 3abb2 23 55 ec 49 1c 36 b b e e e e 10 32 d 30 21 fffff791 20 11
FIXUPS: 3a6bc 23128 b fffdcf08 35 35 d 30 21 13 19 16 1b 15 4d c c 38 47
FIXUPS: 3a954 5a 7 7 7 12 2b 17 f 12 fffff609 26 49 15 1b 24 c 160 be 3e
FIXUPS: 3a394 29 3e 7 7 24 2b 17 f f 12 1a 232ee c c c b fffdcd36 15 e
FIXUPS: 3a582 5c 23175 c b fffdc5e4 24 13 19 16 2d c 1e 44 51 25 12 27
FIXUPS: 39f1f f 7 2b 17 f 12 1a 237c5 c c b fffdc844 21 13 19 fffff8e0
FIXUPS: 5d724 b fffdc218 da 30 d 30 24 15 19 16 1f 60 7 16 c c 3a 33 31
FIXUPS: 39c78 7 7 7 12 2b 17 f 12 1a 23a2b fffdbdbb 13 19 29 3e 24 21 f
FIXUPS: 395f0 2b 17 f 12 1a 2408a c c b fffdbfa8 15 e e e e c 20 37 43
FIXUPS: 39827 20 46 7 fffff855 38 38 2e 1a 22 a c c 1e d 15 22 25 15 22
FIXUPS: 39322 7 7 49 7 4e 27 32 7 7 2b 1a 1a 24243 b fffdbdfc fffff6b2
FIXUPS: 38bba 19 63 50 38 1a 1a 249c5 b fffdb65c 21 15 24 2f 35 33 1b 31
FIXUPS: 38e62 38 35 40 7 40 7 3a 7 4b 38 58 38 fffff726 1a 24e76 c b fffdb1c0
FIXUPS: 38853 16 2c 3b 4b 13 1c 7 17 1a 24d15 b fffdb30c 24 15 44 3e 24
FIXUPS: 38aa2 2f 64 7 1b a c b fffff8fb 1e 4f 7 7 7 7 17 1a 250fa b fffdaf4c
FIXUPS: 38593 18 3b 24 3b 7 7 17 1a 24fc3 b fffdb07c 15 16 3f 23 48 7 7
FIXUPS: 387c5 905e 1c236 e fffe3e07 d 36 13 13 32 5 d 73 10 ffff67d0 20
FIXUPS: 381b3 1c 19 cf 15 28 3a 2b 28 7 17 1a 2524e b fffdadfc 15 18 8dce
FIXUPS: 41221 34 17 35 2b 56 23 22 4c 16 1b 2e 17 1c61d fffe3a2b 17 1f
FIXUPS: 414b3 d 32 10 72 1a 76 10 d6 10 35 38 6d 1f fffff511 10 2e 10 34
FIXUPS: 40d96 b1 7 c e b 10 e b 10 c c 27 c9 10 2e 10 34 10 6e 10 30 1a
FIXUPS: 41145 17 69 10 fffff667 3b d 33 1d f 10 76 8 49 1d 15 10 39 10
FIXUPS: 40ab9 10 68 a 18 17 21 1a 13 24 15 2f c 25 f 62 10 fffff840 11
FIXUPS: 40534 f 8 c 15 11 d 1b 14 10 3a c 11 11 f 35 17 f 1a 2e 20 25 18
FIXUPS: 40771 13 13 56 16 13 13 fffff7ca c 11 11 f 34 10 30 1a 37 17 39
FIXUPS: 40153 17 3e 17 39 17 62 c 12 b e 11 b 15 c 1b 17 142 64 44 fffff484
FIXUPS: 3f99c f 1a 2e 20 25 18 37 d be 10 93 10 2f 1a 77 e 17 12d 6d 3b
FIXUPS: 3fedb f f b 10 31 e 17 3e 17 fffff60b e e 15 20 15 10 f 10 36 10
FIXUPS: 3f702 10 d 2e 10 82 17 28 11 3a 38 c 12 b e 11 b 15 c 1b 17 fffff988
FIXUPS: 3f2eb f f b 10 31 f f f 21 2e 12 36 f d 30 f f d 3d d 37 a 8 31
FIXUPS: 3f562 17 11 9 19 16 fffff920 21 32 e 17 3e 17 6a f d 32 7 c e b
FIXUPS: 3f0a3 e b 10 c c 27 36 10 33 10 35 18 34 17 43 20 1e767 fffe11c6
FIXUPS: 3ebd4 19 8 f 15 c 1a 1edc5 9 17 b fffe124e 10 40 14 10 3c c 10
FIXUPS: 3ed83 d 35 d 35 1e 3a 20 36 f f fffff86e 25 23 17 13 1a 1f 29 1f
FIXUPS: 3e853 21 1d 4b 13 1b 14 3f 16 d 4c 13 1b 14 3f 16 d 56 13 15 1a
FIXUPS: 5d9d4 17 fffe06c2 1e 19 21 31 1c 98 50 f 39 16 16 31 15 5a 1f 1e
FIXUPS: 3e3a4 20 3c 33 1c 98 50 f 39 16 16 2d 1f 111 1a fffff4af 3b 20
FIXUPS: 3dc42 67 15 1f 16 10 35 1f 2b 8 15 1a 9 15 e 3b 29 1c 9f 50 f 30
FIXUPS: 3dfa9 21 23 18 1b 10 5e fffff52f 15 18 1b 16 15 ae 21 1c 9f 50
FIXUPS: 3d823 20 2f 60 47 25 e 22 1c 14 e 37 34 34 37 37 50 25 41 12 3e
FIXUPS: 3d083 16 15 17 208f5 b fffdf753 23 b 33 19 4d 1c 28 1f 1c 5c 90
FIXUPS: 3d372 22 52 3a 15 18 19 6f 22 25 61 13 f f fffff5f0 7a 17 1f d
FIXUPS: 3cc84 63 e 11 9c 1d 28 f f d 2c 1b f 20 20afc c c b fffdf514 8a
FIXUPS: 3cf62 1d 40 10 57 1f 1f
