 PSINS

 Timestamp is 66b5d407 (Fri Aug 09 16:32:07 2024)

 Preferred load address is 00400000

 Start         Length     Name                   Class
 0001:00000000 0005c538H .text                   CODE
 0001:0005c540 00000703H .text$x                 CODE
 0002:00000000 00002758H .rdata                  DATA
 0002:00002758 0000017cH .rdata$r                DATA
 0002:000028d8 00000930H .xdata$x                DATA
 0002:00003210 00000699H .edata                  DATA
 0003:00000000 00000004H .CRT$XCA                DATA
 0003:00000004 00000024H .CRT$XCU                DATA
 0003:00000028 00000004H .CRT$XCZ                DATA
 0003:0000002c 00000004H .CRT$XIA                DATA
 0003:00000030 00000010H .CRT$XIC                DATA
 0003:00000040 00000004H .CRT$XIY                DATA
 0003:00000044 00000004H .CRT$XIZ                DATA
 0003:00000048 00000004H .CRT$XPA                DATA
 0003:0000004c 00000004H .CRT$XPX                DATA
 0003:00000050 00000004H .CRT$XPZ                DATA
 0003:00000054 00000004H .CRT$XTA                DATA
 0003:00000058 00000004H .CRT$XTB                DATA
 0003:0000005c 00000004H .CRT$XTZ                DATA
 0003:00000060 00003fe4H .data                   DATA
 0003:00004050 00001fd9H .bss                    DATA
 0004:00000000 0000003cH .idata$2                DATA
 0004:0000003c 00000014H .idata$3                DATA
 0004:00000050 0000019cH .idata$4                DATA
 0004:000001ec 0000019cH .idata$5                DATA
 0004:00000388 00000722H .idata$6                DATA

  Address         Publics by Value              Rva+Base     Lib:Object

 0001:00000000       ??0CKFApp@@QAE@N@Z         00401000 f   KFApp.obj
 0001:00000060       ?Init@CKFApp@@UAEXABVCSINS@@H@Z 00401060 f   KFApp.obj
 0001:000004a0       ?RTOutput@CSINSTDKF@@UAEXXZ 004014a0 f i KFApp.obj
 0001:000004d0       ?Miscellanous@CSINSTDKF@@UAEXXZ 004014d0 f i KFApp.obj
 0001:00000500       ?SecretAttitude@CSINSTDKF@@UAEXXZ 00401500 f i KFApp.obj
 0001:00000530       ?SetMeas@CSINSGNSS@@UAEXXZ 00401530 f i KFApp.obj
 0001:00000560       _main                      00401560 f   Main_SinsGps.obj
 0001:00000a20       ??1CFileRdSr@@QAE@XZ       00401a20 f i Main_SinsGps.obj
 0001:00000a60       ??0CFileRdSr@@QAE@PBD@Z    00401a60 f i Main_SinsGps.obj
 0001:00000b20       ?load@CFileRdSr@@QAEHH@Z   00401b20 f i Main_SinsGps.obj
 0001:00000b70       ??0DataSensor@@QAE@XZ      00401b70 f i Main_SinsGps.obj
 0001:00001160       ??0CGLV@@QAE@NNN@Z         00402160 f   PSINS.obj
 0001:00001460       ?toc@CGLV@@QAEHH@Z         00402460 f   PSINS.obj
 0001:000014d0       ??1CGLV@@QAE@XZ            004024d0 f   PSINS.obj
 0001:00001510       ??0CVect3@@QAE@XZ          00402510 f   PSINS.obj
 0001:00001540       ??0CVect3@@QAE@N@Z         00402540 f   PSINS.obj
 0001:000015a0       ??0CVect3@@QAE@NNN@Z       004025a0 f   PSINS.obj
 0001:00001600       ??0CVect3@@QAE@PBN@Z       00402600 f   PSINS.obj
 0001:00001670       ??0CVect3@@QAE@PBM@Z       00402670 f   PSINS.obj
 0001:000016d0       ??0CVect3@@QAE@PBHN@Z      004026d0 f   PSINS.obj
 0001:00001740       ?IsZero@@YAHABVCVect3@@N@Z 00402740 f   PSINS.obj
 0001:000017e0       ?IsZeroXY@@YAHABVCVect3@@N@Z 004027e0 f   PSINS.obj
 0001:00001860       ?IsNaN@@YAHABVCVect3@@@Z   00402860 f   PSINS.obj
 0001:00001890       ?IsRad@@YAHABVCVect3@@H@Z  00402890 f   PSINS.obj
 0001:00001910       ?AccScale@@YANABVCVect3@@NN@Z 00402910 f   PSINS.obj
 0001:00001960       ??HCVect3@@QBE?AV0@ABV0@@Z 00402960 f   PSINS.obj
 0001:000019e0       ??GCVect3@@QBE?AV0@ABV0@@Z 004029e0 f   PSINS.obj
 0001:00001a60       ??DCVect3@@QBE?AV0@ABV0@@Z 00402a60 f   PSINS.obj
 0001:00001b10       ??DCVect3@@QBE?AV0@N@Z     00402b10 f   PSINS.obj
 0001:00001b90       ??DCVect3@@QBE?AV0@ABVCMat3@@@Z 00402b90 f   PSINS.obj
 0001:00001c60       ??KCVect3@@QBE?AV0@N@Z     00402c60 f   PSINS.obj
 0001:00001ce0       ??KCVect3@@QBE?AV0@ABV0@@Z 00402ce0 f   PSINS.obj
 0001:00001d60       ??4CVect3@@QAEAAV0@N@Z     00402d60 f   PSINS.obj
 0001:00001dc0       ??4CVect3@@QAEAAV0@PBN@Z   00402dc0 f   PSINS.obj
 0001:00001e30       ??YCVect3@@QAEAAV0@ABV0@@Z 00402e30 f   PSINS.obj
 0001:00001e90       ??ZCVect3@@QAEAAV0@ABV0@@Z 00402e90 f   PSINS.obj
 0001:00001ef0       ??XCVect3@@QAEAAV0@N@Z     00402ef0 f   PSINS.obj
 0001:00001f50       ??_0CVect3@@QAEAAV0@N@Z    00402f50 f   PSINS.obj
 0001:00001fb0       ??_0CVect3@@QAEAAV0@ABV0@@Z 00402fb0 f   PSINS.obj
 0001:00002010       ??D@YA?AVCVect3@@NABV0@@Z  00403010 f   PSINS.obj
 0001:00002080       ??G@YA?AVCVect3@@ABV0@@Z   00403080 f   PSINS.obj
 0001:000020f0       ??RCVect3@@QAEAANH@Z       004030f0 f   PSINS.obj
 0001:00002120       ?crossXY@@YANABVCVect3@@0@Z 00403120 f   PSINS.obj
 0001:00002160       ?vxv@@YA?AVCMat3@@ABVCVect3@@0@Z 00403160 f   PSINS.obj
 0001:00002250       ?sqrt@@YA?AVCVect3@@ABV1@@Z 00403250 f   PSINS.obj
 0001:000022d0       ?pow@@YA?AVCVect3@@ABV1@H@Z 004032d0 f   PSINS.obj
 0001:00002350       ?abs@@YA?AVCVect3@@ABV1@@Z 00403350 f   PSINS.obj
 0001:00002440       ?absp@@YA?AVCVect3@@ABV1@@Z 00403440 f   PSINS.obj
 0001:000024c0       ?absp@@YANN@Z              004034c0 f i PSINS.obj
 0001:00002510       ?maxabs@@YA?AVCVect3@@ABV1@0@Z 00403510 f   PSINS.obj
 0001:00002710       ?norm@@YANABVCVect3@@@Z    00403710 f   PSINS.obj
 0001:00002770       ?normlize@@YANPAVCVect3@@@Z 00403770 f   PSINS.obj
 0001:000027e0       ?normInf@@YANABVCVect3@@@Z 004037e0 f   PSINS.obj
 0001:00002920       ?normXY@@YANABVCVect3@@@Z  00403920 f   PSINS.obj
 0001:00002970       ?normXYInf@@YANABVCVect3@@@Z 00403970 f   PSINS.obj
 0001:00002a30       ?dot@@YANABVCVect3@@0@Z    00403a30 f   PSINS.obj
 0001:00002a80       ?dotmul@@YA?AVCVect3@@ABV1@0@Z 00403a80 f   PSINS.obj
 0001:00002b00       ?dotdiv@@YA?AVCVect3@@ABV1@0@Z 00403b00 f   PSINS.obj
 0001:00002b80       ?rv2q@@YA?AVCQuat@@ABVCVect3@@@Z 00403b80 f   PSINS.obj
 0001:00002cd0       ?rv2m@@YA?AVCMat3@@ABVCVect3@@@Z 00403cd0 f   PSINS.obj
 0001:00002d30       ?askew@@YA?AVCMat3@@ABVCVect3@@@Z 00403d30 f   PSINS.obj
 0001:00002dd0       ?pos2Cen@@YA?AVCMat3@@ABVCVect3@@@Z 00403dd0 f   PSINS.obj
 0001:00002ed0       ?pp2vn@@YA?AVCVect3@@ABV1@0NPAVCEarth@@@Z 00403ed0 f   PSINS.obj
 0001:00003020       ?pp2att@@YA?AVCVect3@@ABV1@0@Z 00404020 f   PSINS.obj
 0001:00003090       ?sinAng@@YANABVCVect3@@00@Z 00404090 f   PSINS.obj
 0001:00003180       ?MagYaw@@YANABVCVect3@@0N@Z 00404180 f   PSINS.obj
 0001:00003270       ?xyz2blh@@YA?AVCVect3@@ABV1@@Z 00404270 f   PSINS.obj
 0001:00003430       ?blh2xyz@@YA?AVCVect3@@ABV1@@Z 00404430 f   PSINS.obj
 0001:00003540       ?Vxyz2enu@@YA?AVCVect3@@ABV1@0@Z 00404540 f   PSINS.obj
 0001:000035a0       ?v2double@@YA?AVCVect3@@N@Z 004045a0 f   PSINS.obj
 0001:00003670       ?v3double@@YA?AVCVect3@@N@Z 00404670 f   PSINS.obj
 0001:00003770       ?v5double@@YAXNAAVCVect3@@0@Z 00404770 f   PSINS.obj
 0001:00003860       ?v2flt@@YAXPAMPBVCVect3@@ZZ 00404860 f   PSINS.obj
 0001:000038f0       ?sort@@YA?AVCVect3@@ABV1@@Z 004048f0 f   PSINS.obj
 0001:000039c0       ?median@@YANABN00@Z        004049c0 f   PSINS.obj
 0001:00003a20       ?median@@YANABVCVect3@@@Z  00404a20 f   PSINS.obj
 0001:00003b00       ?dm2r@@YA?AVCVect3@@ABV1@H@Z 00404b00 f   PSINS.obj
 0001:00003bd0       ?v3mmm@@YA?AVCVect3@@ABV1@00PAV1@H0@Z 00404bd0 f   PSINS.obj
 0001:00003e50       ?fopp@@YA?AVCVect3@@ABV1@00@Z 00404e50 f   PSINS.obj
 0001:00003f50       ?fopp@@YA?AVCVect3@@ABV1@000@Z 00404f50 f   PSINS.obj
 0001:000040a0       ?tp2att@@YA?AVCVect3@@ABV1@00@Z 004050a0 f   PSINS.obj
 0001:00004230       ?addw@@YA?AVCVect3@@ABV1@0NN@Z 00405230 f   PSINS.obj
 0001:000042e0       ?attract@@YA?AVCVect3@@ABV1@00@Z 004052e0 f   PSINS.obj
 0001:00004440       ?ff2muxy@@YA?AVCVect3@@ABV1@0PBD1@Z 00405440 f   PSINS.obj
 0001:00004550       ?ff2mu@@YA?AVCVect3@@ABV1@0N@Z 00405550 f   PSINS.obj
 0001:00004650       ??0CQuat@@QAE@XZ           00405650 f   PSINS.obj
 0001:00004680       ??0CQuat@@QAE@NABVCVect3@@@Z 00405680 f   PSINS.obj
 0001:000046f0       ??0CQuat@@QAE@NNNN@Z       004056f0 f   PSINS.obj
 0001:00004760       ??0CQuat@@QAE@PBN@Z        00405760 f   PSINS.obj
 0001:000047f0       ??HCQuat@@QBE?AV0@ABVCVect3@@@Z 004057f0 f   PSINS.obj
 0001:00004880       ??GCQuat@@QBE?AV0@ABVCVect3@@@Z 00405880 f   PSINS.obj
 0001:00004900       ??GCQuat@@QBE?AVCVect3@@ABV0@@Z 00405900 f   PSINS.obj
 0001:00004a40       ??DCQuat@@QBE?AV0@ABV0@@Z  00405a40 f   PSINS.obj
 0001:00004b70       ??XCQuat@@QAEAAV0@ABV0@@Z  00405b70 f   PSINS.obj
 0001:00004bc0       ??ZCQuat@@QAEAAV0@ABVCVect3@@@Z 00405bc0 f   PSINS.obj
 0001:00004c40       ??S@YA?AVCQuat@@ABV0@@Z    00405c40 f   PSINS.obj
 0001:00004cc0       ??DCQuat@@QBE?AVCVect3@@ABV1@@Z 00405cc0 f   PSINS.obj
 0001:00004e50       ?SetYaw@CQuat@@QAEXN@Z     00405e50 f   PSINS.obj
 0001:00004ed0       ?normlize@@YANPAVCQuat@@@Z 00405ed0 f   PSINS.obj
 0001:00004f80       ?q2rv@@YA?AVCVect3@@ABVCQuat@@@Z 00405f80 f   PSINS.obj
 0001:000050b0       ?qq2phi@@YA?AVCVect3@@ABVCQuat@@0@Z 004060b0 f   PSINS.obj
 0001:00005120       ?addmu@@YA?AVCQuat@@ABV1@ABVCVect3@@@Z 00406120 f   PSINS.obj
 0001:00005180       ?UpDown@@YA?AVCQuat@@ABV1@@Z 00406180 f   PSINS.obj
 0001:00005210       ??0CMat3@@QAE@XZ           00406210 f   PSINS.obj
 0001:00005240       ??0CMat3@@QAE@N@Z          00406240 f   PSINS.obj
 0001:000052f0       ??0CMat3@@QAE@PBN@Z        004062f0 f   PSINS.obj
 0001:00005400       ??0CMat3@@QAE@PBM@Z        00406400 f   PSINS.obj
 0001:000054e0       ??0CMat3@@QAE@NNN@Z        004064e0 f   PSINS.obj
 0001:000055a0       ??0CMat3@@QAE@NNNNNNNNN@Z  004065a0 f   PSINS.obj
 0001:00005650       ??0CMat3@@QAE@ABVCVect3@@00H@Z 00406650 f   PSINS.obj
 0001:000057d0       ?sv2att@@YA?AVCVect3@@ABV1@N0@Z 004067d0 f   PSINS.obj
 0001:00005920       ?dv2att@@YA?AVCVect3@@ABV1@000@Z 00406920 f   PSINS.obj
 0001:00005bb0       ?mv2att@@YA?AVCVect3@@HPBV1@0ZZ 00406bb0 f   PSINS.obj
 0001:00005cb0       ?vn2att@@YA?AVCVect3@@ABV1@@Z 00406cb0 f   PSINS.obj
 0001:00005d70       ?atss@@YA?AVCVect3@@AAV1@0@Z 00406d70 f   PSINS.obj
 0001:00005e40       ??G@YA?AVCMat3@@ABV0@@Z    00406e40 f   PSINS.obj
 0001:00005f10       ??S@YA?AVCMat3@@ABV0@@Z    00406f10 f   PSINS.obj
 0001:00005fc0       ??DCMat3@@QBE?AV0@ABV0@@Z  00406fc0 f   PSINS.obj
 0001:00006190       ??HCMat3@@QBE?AV0@ABV0@@Z  00407190 f   PSINS.obj
 0001:00006270       ??YCMat3@@QAEAAV0@ABV0@@Z  00407270 f   PSINS.obj
 0001:00006340       ??HCMat3@@QBE?AV0@ABVCVect3@@@Z 00407340 f   PSINS.obj
 0001:000063b0       ??YCMat3@@QAEAAV0@ABVCVect3@@@Z 004073b0 f   PSINS.obj
 0001:00006410       ??GCMat3@@QBE?AV0@ABV0@@Z  00407410 f   PSINS.obj
 0001:000064f0       ??DCMat3@@QBE?AV0@N@Z      004074f0 f   PSINS.obj
 0001:000065d0       ??RCMat3@@QAEAANHH@Z       004075d0 f   PSINS.obj
 0001:00006610       ?SetRow@CMat3@@QAEXHABVCVect3@@@Z 00407610 f   PSINS.obj
 0001:00006680       ?SetClm@CMat3@@QAEXHABVCVect3@@@Z 00407680 f   PSINS.obj
 0001:000066f0       ?GetRow@CMat3@@QBE?AVCVect3@@H@Z 004076f0 f   PSINS.obj
 0001:00006770       ?GetClm@CMat3@@QBE?AVCVect3@@H@Z 00407770 f   PSINS.obj
 0001:000067f0       ?Rot@@YA?AVCMat3@@ND@Z     004077f0 f   PSINS.obj
 0001:00006970       ?rotz@@YA?AVCVect3@@ABV1@N@Z 00407970 f   PSINS.obj
 0001:00006a20       ?rcijk@@YA?AVCMat3@@ABV1@H@Z 00407a20 f   PSINS.obj
 0001:00006e00       ?symmetry@@YAXAAVCMat3@@@Z 00407e00 f   PSINS.obj
 0001:00006ea0       ??D@YA?AVCMat3@@NABV0@@Z   00407ea0 f   PSINS.obj
 0001:00006f70       ??DCMat3@@QBE?AVCVect3@@ABV1@@Z 00407f70 f   PSINS.obj
 0001:00007040       ?dotmul@@YA?AVCMat3@@ABV1@0@Z 00408040 f   PSINS.obj
 0001:00007110       ?det@@YANABVCMat3@@@Z      00408110 f   PSINS.obj
 0001:000071a0       ?trace@@YANABVCMat3@@@Z    004081a0 f   PSINS.obj
 0001:000071d0       ?pow@@YA?AVCMat3@@ABV1@H@Z 004081d0 f   PSINS.obj
 0001:00007260       ?a2qua@@YA?AVCQuat@@NNN@Z  00408260 f   PSINS.obj
 0001:000073a0       ?a2qua@@YA?AVCQuat@@ABVCVect3@@@Z 004083a0 f   PSINS.obj
 0001:00007410       ?a2mat@@YA?AVCMat3@@ABVCVect3@@@Z 00408410 f   PSINS.obj
 0001:00007560       ?ar2mat@@YA?AVCMat3@@ABVCVect3@@@Z 00408560 f   PSINS.obj
 0001:000076b0       ?ar2qua@@YA?AVCQuat@@ABVCVect3@@@Z 004086b0 f   PSINS.obj
 0001:00007710       ?m2att@@YA?AVCVect3@@ABVCMat3@@@Z 00408710 f   PSINS.obj
 0001:00007850       ?m2attr@@YA?AVCVect3@@ABVCMat3@@@Z 00408850 f   PSINS.obj
 0001:00007910       ?q2attr@@YA?AVCVect3@@ABVCQuat@@@Z 00408910 f   PSINS.obj
 0001:00007970       ?m2rv@@YA?AVCVect3@@ABVCMat3@@@Z 00408970 f   PSINS.obj
 0001:00007a80       ?m2qua@@YA?AVCQuat@@ABVCMat3@@@Z 00408a80 f   PSINS.obj
 0001:00007d50       ?q2att@@YA?AVCVect3@@ABVCQuat@@@Z 00408d50 f   PSINS.obj
 0001:00007ec0       ?q2mat@@YA?AVCMat3@@ABVCQuat@@@Z 00408ec0 f   PSINS.obj
 0001:00008020       ?Ka2Cba@@YA?AVCMat3@@ABV1@AAVCVect3@@@Z 00409020 f   PSINS.obj
 0001:00008120       ?Cba2Ka@@YA?AVCMat3@@ABV1@ABVCVect3@@@Z 00409120 f   PSINS.obj
 0001:000081c0       ?Ka22Kpn@@YAXABVCVect3@@0AAV1@1@Z 004091c0 f   PSINS.obj
 0001:00008280       ?Kpn2Ka2@@YAXABVCVect3@@0AAV1@1@Z 00409280 f   PSINS.obj
 0001:00008330       ?KgMdf@@YAXAAVCMat3@@PBNH@Z 00409330 f   PSINS.obj
 0001:000086b0       ?KaMdf@@YAXAAVCMat3@@PBNH@Z 004096b0 f   PSINS.obj
 0001:00008930       ?adj@@YA?AVCMat3@@ABV1@@Z  00409930 f   PSINS.obj
 0001:00008a90       ?inv@@YA?AVCMat3@@ABV1@@Z  00409a90 f   PSINS.obj
 0001:00008b30       ?diag@@YA?AVCVect3@@ABVCMat3@@@Z 00409b30 f   PSINS.obj
 0001:00008b90       ?diag@@YA?AVCMat3@@ABVCVect3@@@Z 00409b90 f   PSINS.obj
 0001:00008c20       ?diag@@YA?AVCMat3@@NNN@Z   00409c20 f   PSINS.obj
 0001:00008ce0       ?askew@@YA?AVCMat3@@ABV1@H@Z 00409ce0 f   PSINS.obj
 0001:00008e10       ?MMT@@YA?AVCMat3@@ABV1@0@Z 00409e10 f   PSINS.obj
 0001:00008fa0       ?trMMT@@YANABVCMat3@@0@Z   00409fa0 f   PSINS.obj
 0001:00009060       ?norm@@YANABVCMat3@@@Z     0040a060 f   PSINS.obj
 0001:000090b0       ?sfoam@@YA?AVCMat3@@ABV1@H@Z 0040a0b0 f   PSINS.obj
 0001:000097c0       ??0CMat@@QAE@XZ            0040a7c0 f   PSINS.obj
 0001:000097f0       ??0CMat@@QAE@HH@Z          0040a7f0 f   PSINS.obj
 0001:00009850       ??0CMat@@QAE@HHN@Z         0040a850 f   PSINS.obj
 0001:000098e0       ??0CMat@@QAA@HHNNZZ        0040a8e0 f   PSINS.obj
 0001:00009990       ??0CMat@@QAE@HHPBN@Z       0040a990 f   PSINS.obj
 0001:00009a10       ??0CMat@@QAA@HPBVCVect@@ZZ 0040aa10 f   PSINS.obj
 0001:00009ab0       ?Reset@CMat@@QAEXHH@Z      0040aab0 f   PSINS.obj
 0001:00009b00       ?Clear@CMat@@QAEXN@Z       0040ab00 f   PSINS.obj
 0001:00009b70       ?ClearRow@CMat@@QAEXHN@Z   0040ab70 f   PSINS.obj
 0001:00009be0       ?ClearClm@CMat@@QAEXHN@Z   0040abe0 f   PSINS.obj
 0001:00009c50       ?ClearRC@CMat@@QAEXHHN@Z   0040ac50 f   PSINS.obj
 0001:00009cc0       ??DCMat@@QBE?AV0@ABV0@@Z   0040acc0 f   PSINS.obj
 0001:00009eb0       ??DCMat@@QBE?AV0@ABVCMat3@@@Z 0040aeb0 f   PSINS.obj
 0001:00009f40       ??DCMat@@QBE?AVCVect@@ABV1@@Z 0040af40 f   PSINS.obj
 0001:0000a090       ??HCMat@@QBE?AV0@ABV0@@Z   0040b090 f   PSINS.obj
 0001:0000a190       ??YCMat@@QAEAAV0@ABVCVect@@@Z 0040b190 f   PSINS.obj
 0001:0000a220       ??GCMat@@QBE?AV0@ABV0@@Z   0040b220 f   PSINS.obj
 0001:0000a320       ??DCMat@@QBE?AV0@N@Z       0040b320 f   PSINS.obj
 0001:0000a400       ??4CMat@@QAEAAV0@N@Z       0040b400 f   PSINS.obj
 0001:0000a470       ??YCMat@@QAEAAV0@ABV0@@Z   0040b470 f   PSINS.obj
 0001:0000a4f0       ??ZCMat@@QAEAAV0@ABV0@@Z   0040b4f0 f   PSINS.obj
 0001:0000a570       ??XCMat@@QAEAAV0@N@Z       0040b570 f   PSINS.obj
 0001:0000a5e0       ??ECMat@@QAEAAV0@XZ        0040b5e0 f   PSINS.obj
 0001:0000a660       ??S@YA?AVCMat@@ABV0@@Z     0040b660 f   PSINS.obj
 0001:0000a760       ?symmetry@@YAXAAVCMat@@@Z  0040b760 f   PSINS.obj
 0001:0000a850       ?trace@@YANABVCMat@@@Z     0040b850 f   PSINS.obj
 0001:0000a8d0       ?dotmul@@YA?AVCMat@@ABV1@0@Z 0040b8d0 f   PSINS.obj
 0001:0000a9c0       ??RCMat@@QAEAANHH@Z        0040b9c0 f   PSINS.obj
 0001:0000aa10       ?SetRow@CMat@@QAAXHNZZ     0040ba10 f   PSINS.obj
 0001:0000aaa0       ?SetRow@CMat@@QAEXHABVCVect@@@Z 0040baa0 f   PSINS.obj
 0001:0000ab20       ?SetClm@CMat@@QAAXHNZZ     0040bb20 f   PSINS.obj
 0001:0000abb0       ?SetClm@CMat@@QAEXHABVCVect@@@Z 0040bbb0 f   PSINS.obj
 0001:0000ac30       ?SetClmVect3@CMat@@QAEXHHABVCVect3@@@Z 0040bc30 f   PSINS.obj
 0001:0000acc0       ?SetClmVect3@CMat@@QAEXHHABVCVect3@@0@Z 0040bcc0 f   PSINS.obj
 0001:0000ad90       ?SetClmVect3@CMat@@QAEXHHABVCVect3@@00@Z 0040bd90 f   PSINS.obj
 0001:0000ae90       ?SetRowVect3@CMat@@QAEXHHABVCVect3@@@Z 0040be90 f   PSINS.obj
 0001:0000aee0       ?SetRowVect3@CMat@@QAEXHHABVCVect3@@0@Z 0040bee0 f   PSINS.obj
 0001:0000af40       ?SetRowVect3@CMat@@QAEXHHABVCVect3@@00@Z 0040bf40 f   PSINS.obj
 0001:0000afc0       ?GetRowVect3@CMat@@QBE?AVCVect3@@HH@Z 0040bfc0 f   PSINS.obj
 0001:0000b010       ?GetClmVect3@CMat@@QBE?AVCVect3@@HH@Z 0040c010 f   PSINS.obj
 0001:0000b0c0       ?SetDiagVect3@CMat@@QAEXHHABVCVect3@@@Z 0040c0c0 f   PSINS.obj
 0001:0000b150       ?GetDiagVect3@CMat@@QBE?AVCVect3@@HH@Z 0040c150 f   PSINS.obj
 0001:0000b210       ?SetAskew@CMat@@QAEXHHABVCVect3@@@Z 0040c210 f   PSINS.obj
 0001:0000b300       ?SetMat3@CMat@@QAEXHHABVCMat3@@@Z 0040c300 f   PSINS.obj
 0001:0000b390       ?SetMat3@CMat@@QAEXHHABVCMat3@@0@Z 0040c390 f   PSINS.obj
 0001:0000b450       ?SetMat3@CMat@@QAEXHHABVCMat3@@00@Z 0040c450 f   PSINS.obj
 0001:0000b550       ?GetMat3@CMat@@QBE?AVCMat3@@HH@Z 0040c550 f   PSINS.obj
 0001:0000b610       ?SubAddMat3@CMat@@QAEXHHABVCMat3@@@Z 0040c610 f   PSINS.obj
 0001:0000b6a0       ?GetRow@CMat@@QBE?AVCVect@@H@Z 0040c6a0 f   PSINS.obj
 0001:0000b780       ?GetRow@CMat@@QAEXAAVCVect@@H@Z 0040c780 f   PSINS.obj
 0001:0000b830       ?GetClm@CMat@@QBE?AVCVect@@H@Z 0040c830 f   PSINS.obj
 0001:0000b910       ?GetClm@CMat@@QBA?AV1@HHZZ 0040c910 f   PSINS.obj
 0001:0000ba90       ?GetClm@CMat@@QAEXAAVCVect@@H@Z 0040ca90 f   PSINS.obj
 0001:0000bb30       ?ZeroRow@CMat@@QAEXH@Z     0040cb30 f   PSINS.obj
 0001:0000bba0       ?ZeroClm@CMat@@QAEXH@Z     0040cba0 f   PSINS.obj
 0001:0000bc10       ?ZeroRC@CMat@@QAEXHH@Z     0040cc10 f   PSINS.obj
 0001:0000bc70       ?SetDiag@CMat@@QAAXNZZ     0040cc70 f   PSINS.obj
 0001:0000bd50       ?SetDiag2@CMat@@QAAXNZZ    0040cd50 f   PSINS.obj
 0001:0000be30       ?SetAscend@CMat@@QAEXNN@Z  0040ce30 f   PSINS.obj
 0001:0000bea0       ?norm1@@YANABVCMat@@@Z     0040cea0 f   PSINS.obj
 0001:0000bee0       ?normInf@@YANABVCMat@@@Z   0040cee0 f   PSINS.obj
 0001:0000bf20       ?diag@@YA?AVCVect@@ABVCMat@@@Z 0040cf20 f   PSINS.obj
 0001:0000c000       ?eye@@YA?AVCMat@@H@Z       0040d000 f   PSINS.obj
 0001:0000c0c0       ?MatExam@@YA?AVCMat@@HH@Z  0040d0c0 f   PSINS.obj
 0001:0000c150       ?inv4@@YA?AVCMat@@ABV1@@Z  0040d150 f   PSINS.obj
 0001:0000c430       ?inv6@@YA?AVCMat@@ABV1@@Z  0040d430 f   PSINS.obj
 0001:0000c6e0       ?lss@@YA?AVCVect@@ABVCMat@@ABV1@@Z 0040d6e0 f   PSINS.obj
 0001:0000c820       ?RowMul@@YAXAAVCMat@@ABV1@1HH@Z 0040d820 f   PSINS.obj
 0001:0000c940       ?RowMulT@@YAXAAVCMat@@ABV1@1HH@Z 0040d940 f   PSINS.obj
 0001:0000ca60       ?diag@@YA?AVCMat@@ABVCVect@@@Z 0040da60 f   PSINS.obj
 0001:0000cb70       ?DVMDVafa@@YAXABVCVect@@AAVCMat@@N@Z 0040db70 f   PSINS.obj
 0001:0000cc60       ??0CVect@@QAE@XZ           0040dc60 f   PSINS.obj
 0001:0000cc90       ??0CVect@@QAE@HH@Z         0040dc90 f   PSINS.obj
 0001:0000cd00       ??0CVect@@QAE@HN@Z         0040dd00 f   PSINS.obj
 0001:0000cd80       ??0CVect@@QAE@HPBN@Z       0040dd80 f   PSINS.obj
 0001:0000ce00       ??0CVect@@QAA@HNNZZ        0040de00 f   PSINS.obj
 0001:0000cee0       ??0CVect@@QAE@ABVCVect3@@@Z 0040dee0 f   PSINS.obj
 0001:0000cf70       ??0CVect@@QAE@ABVCVect3@@V1@@Z 0040df70 f   PSINS.obj
 0001:0000d020       ?Clear@CVect@@QAEXXZ       0040e020 f   PSINS.obj
 0001:0000d080       ?Reset@CVect@@QAEXHH@Z     0040e080 f   PSINS.obj
 0001:0000d0f0       ??G@YA?AVCVect@@ABV0@@Z    0040e0f0 f   PSINS.obj
 0001:0000d190       ??S@YA?AVCVect@@ABV0@@Z    0040e190 f   PSINS.obj
 0001:0000d1f0       ??DCVect@@QBE?AV0@ABVCMat@@@Z 0040e1f0 f   PSINS.obj
 0001:0000d350       ??DCVect@@QBE?AVCMat@@ABV0@@Z 0040e350 f   PSINS.obj
 0001:0000d510       ??HCVect@@QBE?AV0@ABV0@@Z  0040e510 f   PSINS.obj
 0001:0000d5f0       ??GCVect@@QBE?AV0@ABV0@@Z  0040e5f0 f   PSINS.obj
 0001:0000d6d0       ??DCVect@@QBE?AV0@N@Z      0040e6d0 f   PSINS.obj
 0001:0000d7b0       ??4CVect@@QAEAAV0@N@Z      0040e7b0 f   PSINS.obj
 0001:0000d820       ??4CVect@@QAEAAV0@PBN@Z    0040e820 f   PSINS.obj
 0001:0000d890       ??4CVect@@QAEAAV0@ABVCMat3@@@Z 0040e890 f   PSINS.obj
 0001:0000d900       ??YCVect@@QAEAAV0@ABV0@@Z  0040e900 f   PSINS.obj
 0001:0000d980       ??ZCVect@@QAEAAV0@ABV0@@Z  0040e980 f   PSINS.obj
 0001:0000da00       ??XCVect@@QAEAAV0@N@Z      0040ea00 f   PSINS.obj
 0001:0000da70       ?dot@@YANABVCVect@@0@Z     0040ea70 f   PSINS.obj
 0001:0000daf0       ?dotmul@@YA?AVCVect@@ABV1@0@Z 0040eaf0 f   PSINS.obj
 0001:0000dbe0       ?pow@@YA?AVCVect@@ABV1@H@Z 0040ebe0 f   PSINS.obj
 0001:0000dcd0       ?abs@@YA?AVCVect@@ABV1@@Z  0040ecd0 f   PSINS.obj
 0001:0000dde0       ?neg@@YAXAAVCVect@@QBHH@Z  0040ede0 f   PSINS.obj
 0001:0000de70       ?enlarge@@YAXAAVCVect@@NQBHH@Z 0040ee70 f   PSINS.obj
 0001:0000df00       ?norm@@YANABVCVect@@@Z     0040ef00 f   PSINS.obj
 0001:0000df40       ?norm1@@YANABVCVect@@@Z    0040ef40 f   PSINS.obj
 0001:0000df80       ?normInf@@YANABVCVect@@@Z  0040ef80 f   PSINS.obj
 0001:0000dfc0       ??RCVect@@QAEAANH@Z        0040efc0 f   PSINS.obj
 0001:0000dff0       ?Set@CVect@@QAAXNZZ        0040eff0 f   PSINS.obj
 0001:0000e080       ?Set2@CVect@@QAAXNZZ       0040f080 f   PSINS.obj
 0001:0000e110       ?SetVect3@CVect@@QAEXHABVCVect3@@@Z 0040f110 f   PSINS.obj
 0001:0000e150       ?Set2Vect3@CVect@@QAEXHABVCVect3@@@Z 0040f150 f   PSINS.obj
 0001:0000e1d0       ?SetAscend@CVect@@QAEXNN@Z 0040f1d0 f   PSINS.obj
 0001:0000e240       ?SetBit@CVect@@QAEXIN@Z    0040f240 f   PSINS.obj
 0001:0000e2b0       ?SetBit@CVect@@QAEXIABVCVect3@@@Z 0040f2b0 f   PSINS.obj
 0001:0000e340       ?Seti2j@CVect@@QAEXHHN@Z   0040f340 f   PSINS.obj
 0001:0000e3c0       ?GetVect3@CVect@@QBE?AVCVect3@@H@Z 0040f3c0 f   PSINS.obj
 0001:0000e400       ?mean@@YANABVCVect@@@Z     0040f400 f   PSINS.obj
 0001:0000e470       ?sort@@YA?AVCVect@@ABV1@@Z 0040f470 f   PSINS.obj
 0001:0000e590       ??0CPolyfit@@QAE@XZ        0040f590 f   PSINS.obj
 0001:0000e5c0       ?Init@CPolyfit@@UAEXNHN@Z  0040f5c0 f   PSINS.obj
 0001:0000e700       ?SetP@CPolyfit@@QAAXNZZ    0040f700 f   PSINS.obj
 0001:0000e780       ?SetUD@CPolyfit@@QAAXNZZ   0040f780 f   PSINS.obj
 0001:0000e870       ?SetHk@CPolyfit@@QAAXNZZ   0040f870 f   PSINS.obj
 0001:0000e8f0       ?UpdateP@CPolyfit@@QAEXN@Z 0040f8f0 f   PSINS.obj
 0001:0000eb70       ?Update@CPolyfit@@QAEXNN@Z 0040fb70 f   PSINS.obj
 0001:0000ec90       ?eval@CPolyfit@@QAENN@Z    0040fc90 f   PSINS.obj
 0001:0000ed60       ??0CPolyfit3@@QAE@XZ       0040fd60 f   PSINS.obj
 0001:0000edc0       ??_H@YGXPAXIHP6EX0@Z@Z     0040fdc0 f i PSINS.obj
 0001:0000ee20       ?Init@CPolyfit3@@UAEXNHN@Z 0040fe20 f   PSINS.obj
 0001:0000eeb0       ?Update@CPolyfit3@@QAEXABVCVect3@@N@Z 0040feb0 f   PSINS.obj
 0001:0000f010       ?eval@CPolyfit3@@QAE?AVCVect3@@N@Z 00410010 f   PSINS.obj
 0001:0000f130       ??0CIIR@@QAE@XZ            00410130 f   PSINS.obj
 0001:0000f160       ??0CIIR@@QAE@PAN0H@Z       00410160 f   PSINS.obj
 0001:0000f220       ?Update@CIIR@@QAENN@Z      00410220 f   PSINS.obj
 0001:0000f330       ??0CIIRV3@@QAE@XZ          00410330 f   PSINS.obj
 0001:0000f3a0       ??0CIIRV3@@QAE@PAN0H00H00H@Z 004103a0 f   PSINS.obj
 0001:0000f4c0       ?Update@CIIRV3@@QAE?AVCVect3@@ABV2@@Z 004104c0 f   PSINS.obj
 0001:0000f580       ??0CRAvar@@QAE@XZ          00410580 f   PSINS.obj
 0001:0000f5b0       ??0CRAvar@@QAE@HH@Z        004105b0 f   PSINS.obj
 0001:0000f630       ?set@CRAvar@@QAEXNNNNH@Z   00410630 f   PSINS.obj
 0001:0000f750       ?set@CRAvar@@QAEXABVCVect3@@000@Z 00410750 f   PSINS.obj
 0001:0000f810       ?set@CRAvar@@QAEXABVCVect@@000@Z 00410810 f   PSINS.obj
 0001:0000f8e0       ?Update@CRAvar@@QAEXNNH@Z  004108e0 f   PSINS.obj
 0001:0000fae0       ?Update@CRAvar@@QAEXABVCVect3@@N@Z 00410ae0 f   PSINS.obj
 0001:0000fb60       ?Update@CRAvar@@QAEXABVCVect@@N@Z 00410b60 f   PSINS.obj
 0001:0000fbe0       ??RCRAvar@@QBENH@Z         00410be0 f   PSINS.obj
 0001:0000fc60       ??0CVAR@@QAE@HN@Z          00410c60 f   PSINS.obj
 0001:0000fd20       ?Update@CVAR@@QAENNH@Z     00410d20 f   PSINS.obj
 0001:0000fea0       ??0CVARn@@QAE@XZ           00410ea0 f   PSINS.obj
 0001:0000fee0       ??0CVARn@@QAE@HH@Z         00410ee0 f   PSINS.obj
 0001:00010060       ??1CVARn@@QAE@XZ           00411060 f   PSINS.obj
 0001:000100f0       ?Reset@CVARn@@QAEXXZ       004110f0 f   PSINS.obj
 0001:00010180       ?Update@CVARn@@QAEHPBN@Z   00411180 f   PSINS.obj
 0001:000103c0       ?Update@CVARn@@QAAHNZZ     004113c0 f   PSINS.obj
 0001:00010450       ??0CContLarge@@QAE@XZ      00411450 f   PSINS.obj
 0001:00010480       ??0CContLarge@@QAE@NNH@Z   00411480 f   PSINS.obj
 0001:000104f0       ?Update@CContLarge@@QAEHNN@Z 004114f0 f   PSINS.obj
 0001:000105b0       ??0CAbnomalCnt@@QAE@XZ     004115b0 f   PSINS.obj
 0001:000105e0       ??0CAbnomalCnt@@QAE@HNNN@Z 004115e0 f   PSINS.obj
 0001:00010690       ?Update@CAbnomalCnt@@QAEHNN@Z 00411690 f   PSINS.obj
 0001:00010750       ??0CWzhold@@QAE@XZ         00411750 f   PSINS.obj
 0001:00010780       ?Init@CWzhold@@QAEXNNNH@Z  00411780 f   PSINS.obj
 0001:00010840       ?Reset@CWzhold@@QAEXXZ     00411840 f   PSINS.obj
 0001:000108b0       ?Update@CWzhold@@QAEHN@Z   004118b0 f   PSINS.obj
 0001:00010bf0       ??0CMaxMin@@QAE@HHM@Z      00411bf0 f   PSINS.obj
 0001:00010c40       ?Init@CMaxMin@@QAEXHHM@Z   00411c40 f   PSINS.obj
 0001:00010d70       ?Restart@CMaxMin@@QAEXXZ   00411d70 f   PSINS.obj
 0001:00010dc0       ?Update@CMaxMin@@QAEHM@Z   00411dc0 f   PSINS.obj
 0001:00010fa0       ??0CMaxMinn@@QAE@HHHM@Z    00411fa0 f   PSINS.obj
 0001:00011000       ??_FCMaxMin@@QAEXXZ        00412000 f i PSINS.obj
 0001:00011040       ?Init@CMaxMinn@@QAEXHHHM@Z 00412040 f   PSINS.obj
 0001:000110e0       ?Restart@CMaxMinn@@QAEXXZ  004120e0 f   PSINS.obj
 0001:00011150       ?Update@CMaxMinn@@QAAHMZZ  00412150 f   PSINS.obj
 0001:000111f0       ?Update@CMaxMinn@@QAEHABVCVect3@@@Z 004121f0 f   PSINS.obj
 0001:00011280       ?Update@CMaxMinn@@QAEHABVCVect3@@0@Z 00412280 f   PSINS.obj
 0001:00011360       ?Update@CMaxMinn@@QAEHABVCVect3@@00@Z 00412360 f   PSINS.obj
 0001:00011490       ?Update@CMaxMinn@@QAEHABVCVect3@@000@Z 00412490 f   PSINS.obj
 0001:00011610       ?Update@CMaxMinn@@QAEHABVCVect3@@0000@Z 00412610 f   PSINS.obj
 0001:000117f0       ?ResFloat@CMaxMinn@@QAEMHH@Z 004127f0 f   PSINS.obj
 0001:00011870       ?ResVect3@CMaxMinn@@QAE?AVCVect3@@HH@Z 00412870 f   PSINS.obj
 0001:00011a40       ??0CKalman@@QAE@XZ         00412a40 f   PSINS.obj
 0001:00011ca0       ??0CKalman@@QAE@HH@Z       00412ca0 f   PSINS.obj
 0001:00011f20       ?Init@CKalman@@QAEXHH@Z    00412f20 f   PSINS.obj
 0001:00012510       ?SetRmmbt@CKalman@@QAEXNNNN@Z 00413510 f   PSINS.obj
 0001:00012610       ?SetRmaxcount@CKalman@@QAEXH@Z 00413610 f   PSINS.obj
 0001:00012680       ?SetInnoMaxcount@CKalman@@QAEXH@Z 00413680 f   PSINS.obj
 0001:000126f0       ?SetZmm@CKalman@@QAEXHHNH@Z 004136f0 f   PSINS.obj
 0001:00012770       ?SetZmmVn@CKalman@@QAEXABVCVect3@@H@Z 00413770 f   PSINS.obj
 0001:000127f0       ?SetZmmPos@CKalman@@QAEXABVCVect3@@H@Z 004137f0 f   PSINS.obj
 0001:00012870       ?TimeUpdate@CKalman@@QAEXNH@Z 00413870 f   PSINS.obj
 0001:00012a90       ?SetStatMask@CKalman@@QAEXIHIHI@Z 00413a90 f   PSINS.obj
 0001:00012cc0       ?SetMeasMask@CKalman@@QAEXIH@Z 00413cc0 f   PSINS.obj
 0001:00012d80       ?SetMeasFlag@CKalman@@QAEXIH@Z 00413d80 f   PSINS.obj
 0001:00012df0       ?SetMeasStop@CKalman@@QAEXIN@Z 00413df0 f   PSINS.obj
 0001:00012e90       ?SetRadptStop@CKalman@@QAEXIN@Z 00413e90 f   PSINS.obj
 0001:00012ee0       ?MeasUpdate@CKalman@@QAEHN@Z 00413ee0 f   PSINS.obj
 0001:00013280       ?MeasUD@@YAXQAN0QBNN0H@Z   00414280 f   PSINS.obj
 0001:000135b0       ?RAdaptive@CKalman@@QAEHHNN@Z 004145b0 f   PSINS.obj
 0001:000137d0       ?RPkFading@CKalman@@QAEXH@Z 004147d0 f   PSINS.obj
 0001:000138c0       ?ZmmPkSet@CKalman@@QAEXH@Z 004148c0 f   PSINS.obj
 0001:00013990       ?XPConstrain@CKalman@@QAEXXZ 00414990 f   PSINS.obj
 0001:00013cd0       ?PmaxPminCheck@CKalman@@QAEXXZ 00414cd0 f   PSINS.obj
 0001:00013dd0       ?Feedback@CKalman@@UAEXHN@Z 00414dd0 f   PSINS.obj
 0001:00014020       ?FeedbackAll@CKalman@@QAEXXZ 00415020 f   PSINS.obj
 0001:00014150       ?RtFading@CKalman@@QAEXHN@Z 00415150 f   PSINS.obj
 0001:000142a0       ?fusion@@YAXPAN0PBN1H00@Z  004152a0 f   PSINS.obj
 0001:00014450       ?fusion@@YAXAAVCVect3@@0V1@1@Z 00415450 f   PSINS.obj
 0001:000144a0       ?fusion@@YAXAAVCVect3@@0V1@100@Z 004154a0 f   PSINS.obj
 0001:000144f0       ??0CSINSTDKF@@QAE@XZ       004154f0 f   PSINS.obj
 0001:000145d0       ??0CSINSTDKF@@QAE@HH@Z     004155d0 f   PSINS.obj
 0001:000146f0       ?Init@CSINSTDKF@@QAEXABVCSINS@@@Z 004156f0 f   PSINS.obj
 0001:00014910       ?TDReset@CSINSTDKF@@QAEXXZ 00415910 f   PSINS.obj
 0001:00014980       ?Innovationi@CSINSTDKF@@QAENH@Z 00415980 f   PSINS.obj
 0001:00014a30       ?TDUpdate@CSINSTDKF@@QAEHPBVCVect3@@0HNH@Z 00415a30 f   PSINS.obj
 0001:00015870       ?MeasUpdate@CSINSTDKF@@QAEXABVCVect@@NN@Z 00416870 f   PSINS.obj
 0001:00015a30       ?MarkovGyro@CSINSTDKF@@QAEXABVCVect3@@0H@Z 00416a30 f   PSINS.obj
 0001:00015ab0       ?MarkovAcc@CSINSTDKF@@QAEXABVCVect3@@0H@Z 00416ab0 f   PSINS.obj
 0001:00015b30       ?SetYaw@CSINSTDKF@@QAEXNHH@Z 00416b30 f   PSINS.obj
 0001:00015d30       ?PSetVertCh@CSINSTDKF@@QAEXNNN@Z 00416d30 f   PSINS.obj
 0001:00015e10       ?SetCalcuBurden@CSINSTDKF@@QAENIH@Z 00416e10 f   PSINS.obj
 0001:00015f90       ??0CSINSGNSS@@QAE@XZ       00416f90 f   PSINS.obj
 0001:00015ff0       ??0CSINSGNSS@@QAE@HHNH@Z   00416ff0 f   PSINS.obj
 0001:00016320       ?Init@CSINSGNSS@@QAEXABVCSINS@@H@Z 00417320 f   PSINS.obj
 0001:000176c0       ?SetFt@CSINSGNSS@@UAEXH@Z  004186c0 f   PSINS.obj
 0001:00017f10       ?SetHk@CSINSGNSS@@UAEXH@Z  00418f10 f   PSINS.obj
 0001:00018070       ?Feedback@CSINSGNSS@@UAEXHN@Z 00419070 f   PSINS.obj
 0001:000186d0       ?SetMeasGNSS@CSINSGNSS@@QAEXABVCVect3@@0N@Z 004196d0 f   PSINS.obj
 0001:000188a0       ?MeasGNSSZvStop@CSINSGNSS@@QAEXAAVCVect3@@N@Z 004198a0 f   PSINS.obj
 0001:00018960       ?MeasGNSSZpStop@CSINSGNSS@@QAEXAAVCVect3@@N@Z 00419960 f   PSINS.obj
 0001:00018a20       ?MeasGNSSZp2X@CSINSGNSS@@QAEXAAVCVect3@@@Z 00419a20 f   PSINS.obj
 0001:00018ae0       ?Leveling@CSINSGNSS@@QAEXXZ 00419ae0 f   PSINS.obj
 0001:00018ba0       ?Update@CSINSGNSS@@QAEHPBVCVect3@@0HNH@Z 00419ba0 f   PSINS.obj
 0001:00018c30       ??6CSINSGNSS@@QAEXAAVCFileRdWt@@@Z 00419c30 f   PSINS.obj
 0001:00018d30       ?LogXk@CSINSGNSS@@QAEXXZ   00419d30 f   PSINS.obj
 0001:000191a0       ??0CSysClbt@@QAE@ABVCVect3@@NH@Z 0041a1a0 f   PSINS.obj
 0001:000192b0       ?SetHk@CSysClbt@@UAEXH@Z   0041a2b0 f i PSINS.obj
 0001:000192e0       ?SetMeas@CSysClbt@@UAEXXZ  0041a2e0 f i PSINS.obj
 0001:00019310       ?Init@CSysClbt@@QAEXN@Z    0041a310 f   PSINS.obj
 0001:00019b10       ?NextIter@CSysClbt@@QAEXABVCQuat@@@Z 0041ab10 f   PSINS.obj
 0001:00019fe0       ?SetFt@CSysClbt@@UAEXH@Z   0041afe0 f   PSINS.obj
 0001:0001a460       ?Feedback@CSysClbt@@UAEXHN@Z 0041b460 f   PSINS.obj
 0001:0001a6b0       ?Update@CSysClbt@@QAEHPBVCVect3@@0HNH@Z 0041b6b0 f   PSINS.obj
 0001:0001a7c0       ?Log@CSysClbt@@QAEXXZ      0041b7c0 f   PSINS.obj
 0001:0001a970       ?LogXk@CSysClbt@@QAEXXZ    0041b970 f   PSINS.obj
 0001:0001acf0       ??0CPOS618@@QAE@XZ         0041bcf0 f   PSINS.obj
 0001:0001ad90       ??0CPOS618@@QAE@NNH@Z      0041bd90 f   PSINS.obj
 0001:0001afd0       ??1CPOS618@@QAE@XZ         0041bfd0 f   PSINS.obj
 0001:0001b1c0       ??_GCRMemory@@QAEPAXI@Z    0041c1c0 f i PSINS.obj
 0001:0001b220       ??_GCSmooth@@QAEPAXI@Z     0041c220 f i PSINS.obj
 0001:0001b280       ??_GCFileRdWt@@QAEPAXI@Z   0041c280 f i PSINS.obj
 0001:0001b2e0       ?Load@CPOS618@@QAEHPADNN@Z 0041c2e0 f   PSINS.obj
 0001:0001b750       ?Init@CPOS618@@QAEXNABVCVect3@@@Z 0041c750 f   PSINS.obj
 0001:0001bc10       ?Forward@CPOS618@@QAEXXZ   0041cc10 f   PSINS.obj
 0001:0001bf90       ?Backward@CPOS618@@QAEXXZ  0041cf90 f   PSINS.obj
 0001:0001c430       ?Reverse@CPOS618@@QAEXXZ   0041d430 f   PSINS.obj
 0001:0001c660       ?Smooth@CPOS618@@QAEXXZ    0041d660 f   PSINS.obj
 0001:0001c690       ?Process@CPOS618@@QAEXPADH@Z 0041d690 f   PSINS.obj
 0001:0001c770       ??0CSINSGNSSCNS@@QAE@XZ    0041d770 f   PSINS.obj
 0001:0001c7d0       ??0CSINSGNSSCNS@@QAE@N@Z   0041d7d0 f   PSINS.obj
 0001:0001c8a0       ?SetCNS@CSINSGNSSCNS@@QAEXHHHNNN@Z 0041d8a0 f   PSINS.obj
 0001:0001c940       ?Init@CSINSGNSSCNS@@QAEXABVCSINS@@H@Z 0041d940 f   PSINS.obj
 0001:0001cd30       ?SetHk@CSINSGNSSCNS@@UAEXH@Z 0041dd30 f   PSINS.obj
 0001:0001cde0       ?Feedback@CSINSGNSSCNS@@UAEXHN@Z 0041dde0 f   PSINS.obj
 0001:0001ce70       ?SetMeasCNS@CSINSGNSSCNS@@QAEXAAVCQuat@@@Z 0041de70 f   PSINS.obj
 0001:0001cf60       ?SetMeasCNS@CSINSGNSSCNS@@QAEXAAVCVect3@@@Z 0041df60 f   PSINS.obj
 0001:0001d020       ??0CSINSGNSSDR@@QAE@XZ     0041e020 f   PSINS.obj
 0001:0001d0a0       ?SetHk@CSINSGNSSDR@@UAEXH@Z 0041e0a0 f i PSINS.obj
 0001:0001d0d0       ??0CSINSGNSSDR@@QAE@N@Z    0041e0d0 f   PSINS.obj
 0001:0001d260       ?Init@CSINSGNSSDR@@QAEXABVCSINS@@H@Z 0041e260 f   PSINS.obj
 0001:0001d870       ?SetFt@CSINSGNSSDR@@UAEXH@Z 0041e870 f   PSINS.obj
 0001:0001da00       ?Feedback@CSINSGNSSDR@@UAEXHN@Z 0041ea00 f   PSINS.obj
 0001:0001daf0       ?SetMeas@CSINSGNSSDR@@UAEXXZ 0041eaf0 f   PSINS.obj
 0001:0001db80       ?SetMeasGNSS@CSINSGNSSDR@@QAEXABVCVect3@@0N@Z 0041eb80 f   PSINS.obj
 0001:0001ddc0       ?Update@CSINSGNSSDR@@QAEHPBVCVect3@@0NHNH@Z 0041edc0 f   PSINS.obj
 0001:0001df20       ??0CSINSGNSSOD@@QAE@XZ     0041ef20 f   PSINS.obj
 0001:0001e030       ?SetMeas@CSINSGNSSOD@@UAEXXZ 0041f030 f i PSINS.obj
 0001:0001e060       ??0CSINSGNSSOD@@QAE@HHNH@Z 0041f060 f   PSINS.obj
 0001:0001e2b0       ?Init@CSINSGNSSOD@@QAEXABVCSINS@@H@Z 0041f2b0 f   PSINS.obj
 0001:0001e340       ?SetDistance@CSINSGNSSOD@@QAEXN@Z 0041f340 f   PSINS.obj
 0001:0001e400       ?ODKappa@CSINSGNSSOD@@QAE?AVCVect3@@ABV2@@Z 0041f400 f   PSINS.obj
 0001:0001e500       ?ODVelUpdate@CSINSGNSSOD@@QAEHN@Z 0041f500 f   PSINS.obj
 0001:0001ebe0       ?Update@CSINSGNSSOD@@QAEHPBVCVect3@@0NHNH@Z 0041fbe0 f   PSINS.obj
 0001:0001ec80       ??6CSINSGNSSOD@@QAEXAAVCFileRdWt@@@Z 0041fc80 f   PSINS.obj
 0001:0001edf0       ??0CAutoDrive@@QAE@XZ      0041fdf0 f   PSINS.obj
 0001:0001ee60       ?SetMeas@CAutoDrive@@UAEXXZ 0041fe60 f i PSINS.obj
 0001:0001ee90       ??0CAutoDrive@@QAE@N@Z     0041fe90 f   PSINS.obj
 0001:0001f060       ?Init@CAutoDrive@@QAEXABVCSINS@@H@Z 00420060 f   PSINS.obj
 0001:0001f540       ?SetFt@CAutoDrive@@UAEXH@Z 00420540 f   PSINS.obj
 0001:0001f580       ?SetHk@CAutoDrive@@UAEXH@Z 00420580 f   PSINS.obj
 0001:0001f5b0       ?Feedback@CAutoDrive@@UAEXHN@Z 004205b0 f   PSINS.obj
 0001:0001f680       ?ZUPTtest@CAutoDrive@@QAEXXZ 00420680 f   PSINS.obj
 0001:0001f780       ?ZIHRtest@CAutoDrive@@QAEXXZ 00420780 f   PSINS.obj
 0001:0001f880       ?NHCtest@CAutoDrive@@QAEXXZ 00420880 f   PSINS.obj
 0001:0001f9d0       ?SetGNSSFixMode@CAutoDrive@@QAEXH@Z 004209d0 f   PSINS.obj
 0001:0001fba0       ?Update@CAutoDrive@@QAEHPBVCVect3@@0NHNH@Z 00420ba0 f   PSINS.obj
 0001:0001fde0       ??0CSGOClbt@@QAE@N@Z       00420de0 f   PSINS.obj
 0001:0001feb0       ?Init@CSGOClbt@@QAEXABVCSINS@@H@Z 00420eb0 f   PSINS.obj
 0001:00020400       ?SetFt@CSGOClbt@@UAEXH@Z   00421400 f   PSINS.obj
 0001:00020470       ?SetHk@CSGOClbt@@UAEXH@Z   00421470 f   PSINS.obj
 0001:00020530       ?Feedback@CSGOClbt@@UAEXHN@Z 00421530 f   PSINS.obj
 0001:00020670       ?Update@CSGOClbt@@QAEHPBVCVect3@@0NHNH@Z 00421670 f   PSINS.obj
 0001:00020750       ??0CVAutoPOS@@QAE@XZ       00421750 f   PSINS.obj
 0001:000207a0       ??0CVAutoPOS@@QAE@N@Z      004217a0 f   PSINS.obj
 0001:00020800       ?Init@CVAutoPOS@@UAEXABVCSINS@@H@Z 00421800 f   PSINS.obj
 0001:00020aa0       ?SetFt@CVAutoPOS@@UAEXH@Z  00421aa0 f   PSINS.obj
 0001:00020ae0       ?SetHk@CVAutoPOS@@UAEXH@Z  00421ae0 f   PSINS.obj
 0001:00020b10       ?Feedback@CVAutoPOS@@UAEXHN@Z 00421b10 f   PSINS.obj
 0001:00020be0       ?Update@CVAutoPOS@@QAEHPBVCVect3@@0NHNH@Z 00421be0 f   PSINS.obj
 0001:00020cc0       ?Init@CCAM@@QAEXABVCVect3@@0NN0@Z 00421cc0 f   PSINS.obj
 0001:00020d90       ?TUpdate@CCAM@@QAEXNN@Z    00421d90 f   PSINS.obj
 0001:00020ea0       ?MUpdate@CCAM@@QAEXNN@Z    00421ea0 f   PSINS.obj
 0001:00021190       ?Update@CCAM@@QAEXNNNN@Z   00422190 f   PSINS.obj
 0001:000211f0       ?Init@CCALLH@@QAEXABVCVect3@@0NN0@Z 004221f0 f   PSINS.obj
 0001:000212b0       ?Update@CCALLH@@QAEXN@Z    004222b0 f   PSINS.obj
 0001:00021340       ?Update@CCALLH@@QAEXABVCVect3@@@Z 00422340 f   PSINS.obj
 0001:000213d0       ?Update@CCALLH@@QAEXNABVCVect3@@@Z 004223d0 f   PSINS.obj
 0001:00021420       ?GetdPos@CCALLH@@QAE?AVCVect3@@ABVCSINS@@@Z 00422420 f   PSINS.obj
 0001:000214b0       ?GetdVn@CCALLH@@QAE?AVCVect3@@XZ 004224b0 f   PSINS.obj
 0001:00021530       ?GetPhi@CCALLH@@QAE?AVCVect3@@PAN@Z 00422530 f   PSINS.obj
 0001:000215d0       ?GetAVP@CCALLH@@QAENAAVCVect3@@00ABVCSINS@@@Z 004225d0 f   PSINS.obj
 0001:000216b0       ??0CGKP@@QAE@NN@Z          004226b0 f   PSINS.obj
 0001:00021700       ?Init@CGKP@@QAEXNN@Z       00422700 f   PSINS.obj
 0001:00021960       ?GKPCore@CGKP@@AAE?AVCVect3@@ABV2@@Z 00422960 f   PSINS.obj
 0001:00021d60       ?IGKPCore@CGKP@@AAE?AVCVect3@@ABV2@@Z 00422d60 f   PSINS.obj
 0001:00022200       ?GKP@CGKP@@QAE?AVCVect3@@ABV2@@Z 00423200 f   PSINS.obj
 0001:000222e0       ?IGKP@CGKP@@QAE?AVCVect3@@ABV2@@Z 004232e0 f   PSINS.obj
 0001:000223c0       ??0CEarth@@QAE@NNN@Z       004233c0 f   PSINS.obj
 0001:000224a0       ?Init@CEarth@@QAEXNNN@Z    004234a0 f   PSINS.obj
 0001:000225b0       ?Update@CEarth@@QAEXABVCVect3@@0H@Z 004235b0 f   PSINS.obj
 0001:00022ac0       ?vn2dpos@CEarth@@QBE?AVCVect3@@ABV2@N@Z 00423ac0 f   PSINS.obj
 0001:00022b50       ?vn2dpos@CEarth@@QBEXAAVCVect3@@ABV2@N@Z 00423b50 f   PSINS.obj
 0001:00022bb0       ?pos2g@@YANABVCVect3@@@Z   00423bb0 f   PSINS.obj
 0001:00022c30       ?pos2wnie@@YA?AVCVect3@@ABV1@@Z 00423c30 f   PSINS.obj
 0001:00022cb0       ??0CIMU@@QAE@XZ            00423cb0 f   PSINS.obj
 0001:00023300       ?Reset@CIMU@@QAEXXZ        00424300 f   PSINS.obj
 0001:000233d0       ?SetRFU@CIMU@@QAEXPBD@Z    004243d0 f   PSINS.obj
 0001:00023440       ?SetSf@CIMU@@QAEXABVCVect3@@0@Z 00424440 f   PSINS.obj
 0001:000234a0       ?SetTemp@CIMU@@QAEXPANH@Z  004244a0 f   PSINS.obj
 0001:00023570       ?SetKga@CIMU@@QAEXABVCMat3@@VCVect3@@0ABV3@@Z 00424570 f   PSINS.obj
 0001:000235f0       ?SetgSens@CIMU@@QAEXABVCMat3@@00@Z 004245f0 f   PSINS.obj
 0001:000236a0       ?SetKa2@CIMU@@QAEXABVCVect3@@@Z 004246a0 f   PSINS.obj
 0001:000236f0       ?SetKapn@CIMU@@QAEXABVCVect3@@@Z 004246f0 f   PSINS.obj
 0001:00023740       ?SetLvtGA@CIMU@@QAEXABVCVect3@@00N@Z 00424740 f   PSINS.obj
 0001:000237d0       ?SetTau@CIMU@@QAEXABVCVect3@@00@Z 004247d0 f   PSINS.obj
 0001:00023840       ?SetCba@CIMU@@QAEXABVCMat3@@@Z 00424840 f   PSINS.obj
 0001:00023b20       ?GetMeanwf@CIMU@@QAENAAVCVect3@@0H@Z 00424b20 f   PSINS.obj
 0001:00023c20       ?Update@CIMU@@QAENPBVCVect3@@0HN@Z 00424c20 f   PSINS.obj
 0001:00024dc0       ?IMURFU@@YAXPAVCVect3@@HPBD@Z 00425dc0 f   PSINS.obj
 0001:00024f20       ?IMURFU@@YAXPAVCVect3@@0HPBD@Z 00425f20 f   PSINS.obj
 0001:00024f80       ?IMUStatic@@YAXAAVCVect3@@000N@Z 00425f80 f   PSINS.obj
 0001:000250b0       ?lsclbt@@YA?AVCMat@@AAV1@0@Z 004260b0 f   PSINS.obj
 0001:00025380       ??0CIMUInc@@QAE@NN@Z       00426380 f   PSINS.obj
 0001:000253d0       ?Init@CIMUInc@@QAEXNN@Z    004263d0 f   PSINS.obj
 0001:00025540       ?Update@CIMUInc@@QAEXABVCVect3@@0@Z 00426540 f   PSINS.obj
 0001:00025710       ??0CIMUInv@@QAE@ABVCVect3@@00NN@Z 00426710 f   PSINS.obj
 0001:000258e0       ?Update@CIMUInv@@QAEXABVCVect3@@0@Z 004268e0 f   PSINS.obj
 0001:00025dc0       ??0CSINS@@QAE@NABVCVect3@@N@Z 00426dc0 f   PSINS.obj
 0001:00026140       ??0CSINS@@QAE@ABVCVect3@@00N@Z 00427140 f   PSINS.obj
 0001:000264a0       ??0CSINS@@QAE@ABVCQuat@@ABVCVect3@@1N@Z 004274a0 f   PSINS.obj
 0001:000267f0       ?Init@CSINS@@QAEXABVCVect3@@00N@Z 004277f0 f   PSINS.obj
 0001:00026850       ?Init@CSINS@@QAEXABVCQuat@@ABVCVect3@@1N@Z 00427850 f   PSINS.obj
 0001:00026da0       ?SetTauGA@CSINS@@QAEXABVCVect3@@0@Z 00427da0 f   PSINS.obj
 0001:00026fc0       ?Update@CSINS@@QAEXPBVCVect3@@0HN@Z 00427fc0 f   PSINS.obj
 0001:00028060       ?Extrap@CSINS@@QAEXABVCVect3@@0N@Z 00429060 f   PSINS.obj
 0001:00028220       ?Extrap@CSINS@@QAEXN@Z     00429220 f   PSINS.obj
 0001:000283a0       ?lever@CSINS@@QAEXABVCVect3@@PAV2@1@Z 004293a0 f   PSINS.obj
 0001:000285e0       ?lever2@CSINS@@QAEXABVCVect3@@PAV2@1PBV2@2@Z 004295e0 f   PSINS.obj
 0001:000287a0       ?atss@CSINS@@QAEXPAN0@Z    004297a0 f   PSINS.obj
 0001:00028820       ?etm@CSINS@@QAEXXZ         00429820 f   PSINS.obj
 0001:00028d50       ?AddErr@CSINS@@QAEXABVCVect3@@00@Z 00429d50 f   PSINS.obj
 0001:00028e00       ?AddErr@CSINS@@QAEXNABVCVect3@@0@Z 00429e00 f   PSINS.obj
 0001:00028e60       ?Leveling@CSINS@@QAEXH@Z   00429e60 f   PSINS.obj
 0001:00028fb0       ?Reverse@CSINS@@QAEXXZ     00429fb0 f   PSINS.obj
 0001:00029080       ?isPPS@CSINS@@QAEHN@Z      0042a080 f   PSINS.obj
 0001:00029110       ?DebugStop@CSINS@@QAEXNHH@Z 0042a110 f   PSINS.obj
 0001:000291d0       ??0CDR@@QAE@XZ             0042a1d0 f   PSINS.obj
 0001:000292b0       ?Init@CDR@@QAEXABVCSINS@@ABVCVect3@@@Z 0042a2b0 f   PSINS.obj
 0001:00029340       ?Init@CDR@@QAEXABVCVect3@@00N@Z 0042a340 f   PSINS.obj
 0001:00029500       ?Update@CDR@@QAEXABVCVect3@@NN0@Z 0042a500 f   PSINS.obj
 0001:000297c0       ?SetGCK@CDR@@QAEXN@Z       0042a7c0 f   PSINS.obj
 0001:000298e0       ?Leveling@CDR@@QAEXABVCVect3@@N@Z 0042a8e0 f   PSINS.obj
 0001:00029ab0       ?Calibrate@CDR@@QAE?AVCVect3@@ABV2@00N@Z 0042aab0 f   PSINS.obj
 0001:00029cb0       ??0CCNS@@QAE@XZ            0042acb0 f   PSINS.obj
 0001:00029e20       ?SetdT@CCNS@@QAEXNN@Z      0042ae20 f   PSINS.obj
 0001:00029e80       ?Setxyp@CCNS@@QAEXNN@Z     0042ae80 f   PSINS.obj
 0001:00029f70       ?JD@CCNS@@QAENHHHN@Z       0042af70 f   PSINS.obj
 0001:0002a040       ?Precmat@CCNS@@QAE?AVCMat3@@N@Z 0042b040 f   PSINS.obj
 0001:0002a170       ?Equinox@CCNS@@QAEXN@Z     0042b170 f   PSINS.obj
 0001:0002a380       ?Nutmat@CCNS@@QAE?AVCMat3@@N@Z 0042b380 f   PSINS.obj
 0001:0002a470       ?GAST@CCNS@@QAENNN@Z       0042b470 f   PSINS.obj
 0001:0002a5c0       ?GetCie@CCNS@@QAE?AVCMat3@@NN@Z 0042b5c0 f   PSINS.obj
 0001:0002a740       ?GetCns@CCNS@@QAE?AVCMat3@@ABVCQuat@@ABVCVect3@@NABV2@@Z 0042b740 f   PSINS.obj
 0001:0002a890       ??0CAVPInterp@@QAE@XZ      0042b890 f   PSINS.obj
 0001:0002a930       ?Init@CAVPInterp@@QAEXABVCSINS@@NHH@Z 0042b930 f   PSINS.obj
 0001:0002a9d0       ?Init@CAVPInterp@@QAEXABVCVect3@@00NH@Z 0042b9d0 f   PSINS.obj
 0001:0002aac0       ?Push@CAVPInterp@@QAEXABVCSINS@@H@Z 0042bac0 f   PSINS.obj
 0001:0002ab50       ?Push@CAVPInterp@@QAEXABVCVect3@@00@Z 0042bb50 f   PSINS.obj
 0001:0002ac00       ?Interp@CAVPInterp@@QAEHNH@Z 0042bc00 f   PSINS.obj
 0001:0002b030       ?timestr@@YAPADHPAD@Z      0042c030 f   PSINS.obj
 0001:0002b0e0       ?time2fname@@YAPADXZ       0042c0e0 f   PSINS.obj
 0001:0002b130       ?DirI@CFileRdWt@@SAXPBD@Z  0042c130 f   PSINS.obj
 0001:0002b1c0       ?DirO@CFileRdWt@@SAXPBD@Z  0042c1c0 f   PSINS.obj
 0001:0002b250       ?Dir@CFileRdWt@@SAXPBD0@Z  0042c250 f   PSINS.obj
 0001:0002b2b0       ??0CFileRdWt@@QAE@XZ       0042c2b0 f   PSINS.obj
 0001:0002b2e0       ??0CFileRdWt@@QAE@PBDH@Z   0042c2e0 f   PSINS.obj
 0001:0002b350       ??1CFileRdWt@@QAE@XZ       0042c350 f   PSINS.obj
 0001:0002b3a0       ?Init@CFileRdWt@@QAEXPBDH@Z 0042c3a0 f   PSINS.obj
 0001:0002b780       ?load@CFileRdWt@@QAEHHH@Z  0042c780 f   PSINS.obj
 0001:0002bc50       ?loadf32@CFileRdWt@@QAEHH@Z 0042cc50 f   PSINS.obj
 0001:0002bd40       ?load@CFileRdWt@@QAEJPAEJ@Z 0042cd40 f   PSINS.obj
 0001:0002bdf0       ?bwseek@CFileRdWt@@QAEXHH@Z 0042cdf0 f   PSINS.obj
 0001:0002be60       ?filesize@CFileRdWt@@QAEJH@Z 0042ce60 f   PSINS.obj
 0001:0002bf30       ?getl@CFileRdWt@@QAEHXZ    0042cf30 f   PSINS.obj
 0001:0002bf90       ?savepos@CFileRdWt@@QAEJH@Z 0042cf90 f   PSINS.obj
 0001:0002c020       ?restorepos@CFileRdWt@@QAEHH@Z 0042d020 f   PSINS.obj
 0001:0002c0a0       ?waitfor@CFileRdWt@@QAEHHNN@Z 0042d0a0 f   PSINS.obj
 0001:0002c180       ??6CFileRdWt@@QAEAAV0@N@Z  0042d180 f   PSINS.obj
 0001:0002c1d0       ??6CFileRdWt@@QAEAAV0@ABVCVect3@@@Z 0042d1d0 f   PSINS.obj
 0001:0002c220       ??6CFileRdWt@@QAEAAV0@ABVCQuat@@@Z 0042d220 f   PSINS.obj
 0001:0002c270       ??6CFileRdWt@@QAEAAV0@ABVCMat3@@@Z 0042d270 f   PSINS.obj
 0001:0002c2c0       ??6CFileRdWt@@QAEAAV0@ABVCVect@@@Z 0042d2c0 f   PSINS.obj
 0001:0002c320       ??6CFileRdWt@@QAEAAV0@ABVCMat@@@Z 0042d320 f   PSINS.obj
 0001:0002c380       ??6CFileRdWt@@QAEAAV0@ABVCRAvar@@@Z 0042d380 f   PSINS.obj
 0001:0002c3e0       ??6CFileRdWt@@QAEAAV0@ABVCMaxMinn@@@Z 0042d3e0 f   PSINS.obj
 0001:0002c4f0       ??6CFileRdWt@@QAEAAV0@ABVCAlignsb@@@Z 0042d4f0 f   PSINS.obj
 0001:0002c560       ??6CFileRdWt@@QAEAAV0@ABVCAligni0@@@Z 0042d560 f   PSINS.obj
 0001:0002c5f0       ??6CFileRdWt@@QAEAAV0@ABVCPolyfit@@@Z 0042d5f0 f   PSINS.obj
 0001:0002c660       ??6CFileRdWt@@QAEAAV0@ABVCPolyfit3@@@Z 0042d660 f   PSINS.obj
 0001:0002c6d0       ??6CFileRdWt@@QAEAAV0@ABVCIMU@@@Z 0042d6d0 f   PSINS.obj
 0001:0002c740       ??6CFileRdWt@@QAEAAV0@ABVCSINS@@@Z 0042d740 f   PSINS.obj
 0001:0002c850       ??6CFileRdWt@@QAEAAV0@ABVCDR@@@Z 0042d850 f   PSINS.obj
 0001:0002c8e0       ??6CFileRdWt@@QAEAAV0@ABVCRMemory@@@Z 0042d8e0 f   PSINS.obj
 0001:0002c930       ??6CFileRdWt@@QAEAAV0@AAVCKalman@@@Z 0042d930 f   PSINS.obj
 0001:0002ca10       ??5CFileRdWt@@QAEAAV0@AAN@Z 0042da10 f   PSINS.obj
 0001:0002ca60       ??5CFileRdWt@@QAEAAV0@AAVCVect3@@@Z 0042da60 f   PSINS.obj
 0001:0002cab0       ??5CFileRdWt@@QAEAAV0@AAVCQuat@@@Z 0042dab0 f   PSINS.obj
 0001:0002cb00       ??5CFileRdWt@@QAEAAV0@AAVCMat3@@@Z 0042db00 f   PSINS.obj
 0001:0002cb50       ??5CFileRdWt@@QAEAAV0@AAVCVect@@@Z 0042db50 f   PSINS.obj
 0001:0002cbb0       ??5CFileRdWt@@QAEAAV0@AAVCMat@@@Z 0042dbb0 f   PSINS.obj
 0001:0002cc10       ??0CFImuGnssSync@@QAE@PBDHN0H@Z 0042dc10 f   PSINS.obj
 0001:0002cde0       ??1CFImuGnssSync@@QAE@XZ   0042dde0 f   PSINS.obj
 0001:0002ce50       ?load@CFImuGnssSync@@QAEHH@Z 0042de50 f   PSINS.obj
 0001:0002d080       ??0CFileLog@@QAE@XZ        0042e080 f   PSINS.obj
 0001:0002d0f0       ?LogSet@CFileLog@@QAEAAV1@HPBD@Z 0042e0f0 f   PSINS.obj
 0001:0002d210       ??1CFileLog@@QAE@XZ        0042e210 f   PSINS.obj
 0001:0002d280       ?LogDate@CFileLog@@QAEAAV1@H@Z 0042e280 f   PSINS.obj
 0001:0002d310       ?LogRunTime@CFileLog@@QAEAAV1@H@Z 0042e310 f   PSINS.obj
 0001:0002d390       ??6CFileLog@@QAEAAV0@PBD@Z 0042e390 f   PSINS.obj
 0001:0002d3f0       ??6CFileLog@@QAEAAV0@H@Z   0042e3f0 f   PSINS.obj
 0001:0002d450       ??6CFileLog@@QAEAAV0@M@Z   0042e450 f   PSINS.obj
 0001:0002d4c0       ??6CFileLog@@QAEAAV0@N@Z   0042e4c0 f   PSINS.obj
 0001:0002d520       ??6CFileLog@@QAEAAV0@ABVCVect3@@@Z 0042e520 f   PSINS.obj
 0001:0002d5a0       ??6CFileLog@@QAEAAV0@ABVCQuat@@@Z 0042e5a0 f   PSINS.obj
 0001:0002d630       ??6CFileLog@@QAEAAV0@ABVCVect@@@Z 0042e630 f   PSINS.obj
 0001:0002d6c0       ??6CFileLog@@QAEAAV0@ABVCMat3@@@Z 0042e6c0 f   PSINS.obj
 0001:0002d7b0       ??6CFileLog@@QAEAAV0@ABVCMat@@@Z 0042e7b0 f   PSINS.obj
 0001:0002d890       ?CMArray@CFileLog@@QAEAAV1@PBDPBNHHN0@Z 0042e890 f   PSINS.obj
 0001:0002d930       ?CArray@CFileLog@@QAEAAV1@PBDPBNHHN0@Z 0042e930 f   PSINS.obj
 0001:0002db90       ?MArray@CFileLog@@QAEAAV1@PBDPBNHHN0@Z 0042eb90 f   PSINS.obj
 0001:0002dd20       ?Flush@CFileLog@@QAEXH@Z   0042ed20 f   PSINS.obj
 0001:0002dd90       ??0CFileCfg@@QAE@XZ        0042ed90 f   PSINS.obj
 0001:0002ddd0       ??1CFileCfg@@QAE@XZ        0042edd0 f   PSINS.obj
 0001:0002de30       ??6CFileCfg@@QAEAAV0@PBD@Z 0042ee30 f   PSINS.obj
 0001:0002dee0       ??5CFileCfg@@QAEAAV0@PBD@Z 0042eee0 f   PSINS.obj
 0001:0002dfb0       ??6CFileCfg@@QAEAAV0@F@Z   0042efb0 f   PSINS.obj
 0001:0002e000       ??6CFileCfg@@QAEAAV0@H@Z   0042f000 f   PSINS.obj
 0001:0002e050       ??6CFileCfg@@QAEAAV0@M@Z   0042f050 f   PSINS.obj
 0001:0002e0a0       ??6CFileCfg@@QAEAAV0@N@Z   0042f0a0 f   PSINS.obj
 0001:0002e0f0       ??6CFileCfg@@QAEAAV0@ABVCVect3@@@Z 0042f0f0 f   PSINS.obj
 0001:0002e140       ??6CFileCfg@@QAEAAV0@ABVCQuat@@@Z 0042f140 f   PSINS.obj
 0001:0002e190       ??6CFileCfg@@QAEAAV0@ABVCMat3@@@Z 0042f190 f   PSINS.obj
 0001:0002e1e0       ??6CFileCfg@@QAEAAV0@ABVCMat@@@Z 0042f1e0 f   PSINS.obj
 0001:0002e240       ??5CFileCfg@@QAEAAV0@AAF@Z 0042f240 f   PSINS.obj
 0001:0002e2b0       ??5CFileCfg@@QAEAAV0@AAH@Z 0042f2b0 f   PSINS.obj
 0001:0002e320       ??5CFileCfg@@QAEAAV0@AAM@Z 0042f320 f   PSINS.obj
 0001:0002e3a0       ??5CFileCfg@@QAEAAV0@AAN@Z 0042f3a0 f   PSINS.obj
 0001:0002e430       ??5CFileCfg@@QAEAAV0@AAVCVect3@@@Z 0042f430 f   PSINS.obj
 0001:0002e4c0       ??5CFileCfg@@QAEAAV0@AAVCQuat@@@Z 0042f4c0 f   PSINS.obj
 0001:0002e560       ??5CFileCfg@@QAEAAV0@AAVCMat3@@@Z 0042f560 f   PSINS.obj
 0001:0002e600       ??4CFileCfg@@QAEAAV0@AAV0@@Z 0042f600 f   PSINS.obj
 0001:0002e640       ?WriteCfg@@YA?AVCFileCfg@@PBD0@Z 0042f640 f   PSINS.obj
 0001:0002e720       ?ReadCfg@@YA?AVCFileCfg@@PBD0@Z 0042f720 f   PSINS.obj
 0001:0002e800       ??0CRMemory@@QAE@XZ        0042f800 f   PSINS.obj
 0001:0002e830       ??0CRMemory@@QAE@JH@Z      0042f830 f   PSINS.obj
 0001:0002e8b0       ??0CRMemory@@QAE@PAEJH@Z   0042f8b0 f   PSINS.obj
 0001:0002e900       ?Init@CRMemory@@QAEXPAEJH@Z 0042f900 f   PSINS.obj
 0001:0002e9a0       ??1CRMemory@@QAE@XZ        0042f9a0 f   PSINS.obj
 0001:0002e9f0       ??4CRMemory@@QAEXABV0@@Z   0042f9f0 f   PSINS.obj
 0001:0002eb30       ?pop@CRMemory@@QAEEPAE@Z   0042fb30 f   PSINS.obj
 0001:0002ec20       ?get@CRMemory@@QAEPAEH@Z   0042fc20 f   PSINS.obj
 0001:0002ec80       ?set@CRMemory@@QAEPAEHPBE@Z 0042fc80 f   PSINS.obj
 0001:0002ed20       ?push@CRMemory@@QAEHPBE@Z  0042fd20 f   PSINS.obj
 0001:0002ee20       ??0CSmooth@@QAE@HH@Z       0042fe20 f   PSINS.obj
 0001:0002ef70       ??1CSmooth@@QAE@XZ         0042ff70 f   PSINS.obj
 0001:0002efe0       ?Update@CSmooth@@QAE?AVCVect@@PBNPAN@Z 0042ffe0 f   PSINS.obj
 0001:0002f130       ??0CInterp@@QAE@PAPANHH@Z  00430130 f   PSINS.obj
 0001:0002f270       ??0CInterp@@QAE@PBDH@Z     00430270 f   PSINS.obj
 0001:0002f490       ??1CInterp@@QAE@XZ         00430490 f   PSINS.obj
 0001:0002f540       ?Interp@CInterp@@QAENNPAN@Z 00430540 f   PSINS.obj
 0001:0002f820       ?flipud@@YAPAEPAEHH@Z      00430820 f   PSINS.obj
 0001:0002f940       ?deal32@@YAXPAMZZ          00430940 f   PSINS.obj
 0001:0002f9c0       ?deal@@YAXPANZZ            004309c0 f   PSINS.obj
 0001:0002fa40       ??0CContinuousCnt@@QAE@H@Z 00430a40 f   PSINS.obj
 0001:0002fa90       ?Update@CContinuousCnt@@QAEHH@Z 00430a90 f   PSINS.obj
 0001:0002fb30       ?Alignsb@@YA?AVCVect3@@ABV1@0N@Z 00430b30 f   PSINS.obj
 0001:0002fd80       ?Alignsb@@YA?AVCVect3@@ABV1@00@Z 00430d80 f   PSINS.obj
 0001:0002fde0       ??0CAlignsb@@QAE@NN@Z      00430de0 f   PSINS.obj
 0001:0002feb0       ??0CAlignsb@@QAE@ABVCVect3@@N@Z 00430eb0 f   PSINS.obj
 0001:0002ff80       ?Init@CAlignsb@@QAEXNN@Z   00430f80 f   PSINS.obj
 0001:0002fff0       ?Init@CAlignsb@@QAEXABVCVect3@@N@Z 00430ff0 f   PSINS.obj
 0001:000300d0       ?SetYaw@CAlignsb@@QAEXN@Z  004310d0 f   PSINS.obj
 0001:00030110       ?Update@CAlignsb@@QAE?AVCQuat@@PBVCVect3@@0HN@Z 00431110 f   PSINS.obj
 0001:00030310       ??0CAligni0@@QAE@ABVCVect3@@0H@Z 00431310 f   PSINS.obj
 0001:00030470       ?Init@CAligni0@@QAEXABVCVect3@@0H@Z 00431470 f   PSINS.obj
 0001:00030600       ?Update@CAligni0@@QAE?AVCQuat@@PBVCVect3@@0HNABV3@@Z 00431600 f   PSINS.obj
 0001:00030c70       ??0CAligni0fit@@QAE@XZ     00431c70 f   PSINS.obj
 0001:00030d70       ??0CAligni0fit@@QAE@ABVCVect3@@@Z 00431d70 f   PSINS.obj
 0001:00030e80       ?Init@CAligni0fit@@QAEXABVCVect3@@@Z 00431e80 f   PSINS.obj
 0001:000310d0       ?Update@CAligni0fit@@QAE?AVCQuat@@PBVCVect3@@0HN@Z 004320d0 f   PSINS.obj
 0001:00031860       ?pi0t@CAligni0fit@@QAE?AVCVect3@@N@Z 00432860 f   PSINS.obj
 0001:00031980       ?pib0t@CAligni0fit@@QAE?AVCVect3@@N@Z 00432980 f   PSINS.obj
 0001:00031a60       ??0CAlignkf@@QAE@XZ        00432a60 f   PSINS.obj
 0001:00031ac0       ??0CAlignkf@@QAE@N@Z       00432ac0 f   PSINS.obj
 0001:00031b70       ??0CAlignkf@@QAE@ABVCSINS@@N@Z 00432b70 f   PSINS.obj
 0001:00031bf0       ?Init@CAlignkf@@QAEXABVCSINS@@@Z 00432bf0 f   PSINS.obj
 0001:000320e0       ?Update@CAlignkf@@QAEHPBVCVect3@@0HNH@Z 004330e0 f   PSINS.obj
 0001:000321c0       ?Update@CAlignkf@@QAEHPBVCVect3@@0HNABV2@H@Z 004331c0 f   PSINS.obj
 0001:000322b0       ??0CAligntrkang@@QAE@NNNN@Z 004332b0 f   PSINS.obj
 0001:00032390       ?Init@CAligntrkang@@QAEXABVCSINS@@@Z 00433390 f   PSINS.obj
 0001:00032870       ?Update@CAligntrkang@@QAEHPBVCVect3@@0HNABV2@H@Z 00433870 f   PSINS.obj
 0001:00032b80       ??0CAlignsv@@QAE@XZ        00433b80 f   PSINS.obj
 0001:00032be0       ??0CAlignsv@@QAE@N@Z       00433be0 f   PSINS.obj
 0001:00032c60       ??0CAlignsv@@QAE@ABVCVect3@@NNN@Z 00433c60 f   PSINS.obj
 0001:00032d00       ?Init@CAlignsv@@QAEXABVCVect3@@NNN@Z 00433d00 f   PSINS.obj
 0001:00032ee0       ??1CAlignsv@@QAE@XZ        00433ee0 f   PSINS.obj
 0001:00032f60       ?Update@CAlignsv@@QAEHPBVCVect3@@0H@Z 00433f60 f   PSINS.obj
 0001:000331b0       ??0CAligntf@@QAE@N@Z       004341b0 f   PSINS.obj
 0001:00033260       ??0CAligntf@@QAE@ABVCSINS@@N@Z 00434260 f   PSINS.obj
 0001:000332e0       ?Init@CAligntf@@QAEXABVCSINS@@@Z 004342e0 f   PSINS.obj
 0001:000337f0       ?SetFt@CAligntf@@UAEXH@Z   004347f0 f   PSINS.obj
 0001:00033870       ?SetHk@CAligntf@@UAEXH@Z   00434870 f   PSINS.obj
 0001:000339b0       ?Feedback@CAligntf@@UAEXHN@Z 004349b0 f   PSINS.obj
 0001:00033aa0       ?Update@CAligntf@@QAEHPBVCVect3@@0HNH@Z 00434aa0 f   PSINS.obj
 0001:00033b30       ?SetMeasVnAtt@CAligntf@@QAEXABVCVect3@@0@Z 00434b30 f   PSINS.obj
 0001:00033cb0       ??6CAligntf@@QAEXAAVCFileRdWt@@@Z 00434cb0 f   PSINS.obj
 0001:00033d70       ??0CUartPP@@QAE@HG@Z       00434d70 f   PSINS.obj
 0001:00033e40       ?checksum@CUartPP@@QAEHPBE@Z 00434e40 f   PSINS.obj
 0001:00033f20       ?push@CUartPP@@QAEHPBEH@Z  00434f20 f   PSINS.obj
 0001:00034000       ?nextIdx@CUartPP@@QAEHH@Z  00435000 f i PSINS.obj
 0001:00034050       ?pop@CUartPP@@QAEHPAE@Z    00435050 f   PSINS.obj
 0001:00034220       ?safeWrite@CUartPP@@QAEHAAVCFileRdWt@@H@Z 00435220 f   PSINS.obj
 0001:000342e0       ?chksum8@@YAEPBEH@Z        004352e0 f   PSINS.obj
 0001:00034330       ?chksum16@@YAGPBGH@Z       00435330 f   PSINS.obj
 0001:00034390       ?makefrm@@YAHPAXZZ         00435390 f   PSINS.obj
 0001:00034460       ?flt22db@@YANMM@Z          00435460 f   PSINS.obj
 0001:000344b0       ?db2flt2@@YAXNPAM0@Z       004354b0 f   PSINS.obj
 0001:00034540       ?iga2flt@@YAHPAMPBN1111@Z  00435540 f   PSINS.obj
 0001:00034880       ?swap16@@YAGG@Z            00435880 f   PSINS.obj
 0001:000348d0       ?swap24@@YAPAEPAE0@Z       004358d0 f   PSINS.obj
 0001:00034930       ?swap32@@YAII@Z            00435930 f   PSINS.obj
 0001:000349a0       ?swap64@@YAKK@Z            004359a0 f   PSINS.obj
 0001:00034a40       ?swapbytes@@YAPAEPAEH@Z    00435a40 f   PSINS.obj
 0001:00034ba0       ?int24@@YAPAEPAEH@Z        00435ba0 f   PSINS.obj
 0001:00034c10       ?diffint24@@YAHPBE0@Z      00435c10 f   PSINS.obj
 0001:00034cf0       ?i24i32@@YAHPBE@Z          00435cf0 f   PSINS.obj
 0001:00034d70       ?r2dm@@YANN@Z              00435d70 f   PSINS.obj
 0001:00034e10       ?dm2r@@YANN@Z              00435e10 f   PSINS.obj
 0001:00034eb0       ?logtrigger@@YAHHN@Z       00435eb0 f   PSINS.obj
 0001:00034f20       ?IsZero@@YAHNN@Z           00435f20 f i PSINS.obj
 0001:00034f70       ?sign@@YAHNN@Z             00435f70 f   PSINS.obj
 0001:00034fd0       ?range@@YANNNN@Z           00435fd0 f   PSINS.obj
 0001:00035040       ?maxn@@YANPBNH@Z           00436040 f   PSINS.obj
 0001:000350b0       ?minn@@YANPBNH@Z           004360b0 f   PSINS.obj
 0001:00035120       ?norm1@@YANPBNH@Z          00436120 f   PSINS.obj
 0001:000351a0       ?norm@@YANPBNH@Z           004361a0 f   PSINS.obj
 0001:00035220       ?normInf@@YANPBNH@Z        00436220 f   PSINS.obj
 0001:000352b0       ?attract@@YANNNN@Z         004362b0 f   PSINS.obj
 0001:00035320       ?polyval@@YANPBNHN@Z       00436320 f   PSINS.obj
 0001:00035380       ?atan2Ex@@YANNN@Z          00436380 f   PSINS.obj
 0001:00035420       ?diffYaw@@YANNN@Z          00436420 f   PSINS.obj
 0001:00035490       ?MKQt@@YANNN@Z             00436490 f   PSINS.obj
 0001:000354c0       ?MKQt@@YA?AVCVect3@@ABV1@0@Z 004364c0 f   PSINS.obj
 0001:00035550       ?unixt2gpst@@YANNH@Z       00436550 f   PSINS.obj
 0001:000355a0       ?chkhdr@@YAHPBD0@Z         004365a0 f   PSINS.obj
 0001:00035610       ?randn@@YANNN@Z            00436610 f   PSINS.obj
 0001:000356d0       ?randn@@YA?AVCVect3@@ABV1@0@Z 004366d0 f   PSINS.obj
 0001:00035780       ?randn@@YA?AVCVect@@ABV1@0@Z 00436780 f   PSINS.obj
 0001:00035880       ?randn@@YA?AVCMat3@@ABV1@ABN@Z 00436880 f   PSINS.obj
 0001:00035920       ?randn@@YA?AVCMat@@ABV1@ABN@Z 00436920 f   PSINS.obj
 0001:00035a10       ?deci@@YAPAHHPAH@Z         00436a10 f   PSINS.obj
 0001:00035b20       ?add@@YAXAAVCVect3@@ABV1@1@Z 00436b20 f   PSINS.obj
 0001:00035b80       ?add@@YAXAAVCMat3@@ABV1@1@Z 00436b80 f   PSINS.obj
 0001:00035c40       ?add@@YAXAAVCVect@@ABV1@1@Z 00436c40 f   PSINS.obj
 0001:00035cc0       ?add@@YAXAAVCMat@@ABV1@1@Z 00436cc0 f   PSINS.obj
 0001:00035d40       ?sub@@YAXAAVCVect3@@ABV1@1@Z 00436d40 f   PSINS.obj
 0001:00035da0       ?sub@@YAXAAVCMat3@@ABV1@1@Z 00436da0 f   PSINS.obj
 0001:00035e60       ?sub@@YAXAAVCVect@@ABV1@1@Z 00436e60 f   PSINS.obj
 0001:00035ee0       ?sub@@YAXAAVCMat@@ABV1@1@Z 00436ee0 f   PSINS.obj
 0001:00035f60       ?cros@@YAXAAVCVect3@@ABV1@1@Z 00436f60 f   PSINS.obj
 0001:00036000       ?dotmul@@YAXAAVCVect3@@ABV1@1@Z 00437000 f   PSINS.obj
 0001:00036060       ?dotdiv@@YAXAAVCVect3@@ABV1@1@Z 00437060 f   PSINS.obj
 0001:000360c0       ?mul@@YAXAAVCVect3@@ABV1@ABN@Z 004370c0 f   PSINS.obj
 0001:00036110       ?mul@@YAXAAVCMat3@@ABV1@ABN@Z 00437110 f   PSINS.obj
 0001:000361d0       ?mul@@YAXAAVCVect@@ABV1@ABN@Z 004371d0 f   PSINS.obj
 0001:00036260       ?mul@@YAXAAVCVect@@ABVCMat@@ABV1@@Z 00437260 f   PSINS.obj
 0001:00036340       ?mul@@YAXAAVCMat@@ABV1@ABN@Z 00437340 f   PSINS.obj
 0001:000363d0       ?mul@@YAXAAVCVect3@@ABVCMat3@@ABV1@@Z 004373d0 f   PSINS.obj
 0001:00036480       ?mul@@YAXAAVCVect3@@ABV1@ABVCMat3@@@Z 00437480 f   PSINS.obj
 0001:00036530       ?mul@@YAXAAVCMat3@@ABV1@1@Z 00437530 f   PSINS.obj
 0001:00036730       ?mul@@YAXAAVCQuat@@ABV1@1@Z 00437730 f   PSINS.obj
 0001:00036860       ?mul@@YAXAAVCVect3@@ABVCQuat@@ABV1@@Z 00437860 f   PSINS.obj
 0001:000369c0       ?_TT@@YAXAAVCMat3@@ABV1@@Z 004379c0 f   PSINS.obj
 0001:00036a80       ?rv2q@@YAXAAVCQuat@@ABVCVect3@@@Z 00437a80 f   PSINS.obj
 0001:00036ba0       ?qdelphi@@YAXAAVCQuat@@ABVCVect3@@@Z 00437ba0 f   PSINS.obj
 0001:00036cc0       ?q2mat@@YAXAAVCMat3@@ABVCQuat@@@Z 00437cc0 f   PSINS.obj
 0001:00036e00       ?m2att@@YAXAAVCVect3@@ABVCMat3@@@Z 00437e00 f   PSINS.obj
 0001:00036f90       _asinf                     00437f90 f i PSINS.obj
 0001:00036fd0       _atan2f                    00437fd0 f i PSINS.obj
 0001:00037020       ?AXbt@@YAXAAVCVect3@@ABVCMat3@@ABV1@2ABN@Z 00438020 f   PSINS.obj
 0001:00037110       ?ClassSizeDisp@@YAXH@Z     00438110 f   PSINS.obj
 0001:00037230       ?Demo_User@@YAXXZ          00438230 f   PSINS_Demo.obj
 0001:00037300       ?Demo_CIIRV3@@YAXXZ        00438300 f   PSINS_Demo.obj
 0001:000374e0       ?Demo_CMaxMin@@YAXXZ       004384e0 f   PSINS_Demo.obj
 0001:00037650       ?Demo_CVAR@@YAXXZ          00438650 f   PSINS_Demo.obj
 0001:000377a0       ?Demo_CVARn@@YAXXZ         004387a0 f   PSINS_Demo.obj
 0001:00037910       ?Demo_CRAvar@@YAXXZ        00438910 f   PSINS_Demo.obj
 0001:00037aa0       ?Demo_CSINS_static@@YAXXZ  00438aa0 f   PSINS_Demo.obj
 0001:00037e10       ?Demo_CSINS_Error@@YAXXZ   00438e10 f   PSINS_Demo.obj
 0001:000385b0       ?Demo_Extern_C_example@@YAXXZ 004395b0 f   PSINS_Demo.obj
 0001:000385d0       ?Demo_CAlignsv@@YAXXZ      004395d0 f   PSINS_Demo.obj
 0001:00038790       ??0CFileIMU6@@QAE@PBD@Z    00439790 f i PSINS_Demo.obj
 0001:00038a30       ?load@CFileIMU6@@QAEHHH@Z  00439a30 f i PSINS_Demo.obj
 0001:00038b40       ??1CFileIMU6@@QAE@XZ       00439b40 f i PSINS_Demo.obj
 0001:00038b80       ?Demo_CAligntf@@YAXXZ      00439b80 f   PSINS_Demo.obj
 0001:00038e40       ?Demo_CAlign_CSINS@@YAXXZ  00439e40 f   PSINS_Demo.obj
 0001:000390d0       ?Demo_CSINSGNSS@@YAXXZ     0043a0d0 f   PSINS_Demo.obj
 0001:000395e0       ??0CFileIMUGNSS@@QAE@PBD@Z 0043a5e0 f i PSINS_Demo.obj
 0001:000397e0       ?load@CFileIMUGNSS@@QAEHH@Z 0043a7e0 f i PSINS_Demo.obj
 0001:00039850       ??1CFileIMUGNSS@@QAE@XZ    0043a850 f i PSINS_Demo.obj
 0001:00039890       ?Demo_CSINSGNSSDR@@YAXXZ   0043a890 f   PSINS_Demo.obj
 0001:00039b70       ??0CFileRdSr49@@QAE@PBD@Z  0043ab70 f i PSINS_Demo.obj
 0001:00039c70       ?load@CFileRdSr49@@QAEHH@Z 0043ac70 f i PSINS_Demo.obj
 0001:00039e30       ?waitforgps@CFileRdSr49@@QAEHXZ 0043ae30 f i PSINS_Demo.obj
 0001:00039ea0       ??0DataSensor49@@QAE@XZ    0043aea0 f i PSINS_Demo.obj
 0001:00039f30       ??1CFileRdSr49@@QAE@XZ     0043af30 f i PSINS_Demo.obj
 0001:00039f70       ?Demo_SINSOD@@YAXXZ        0043af70 f   PSINS_Demo.obj
 0001:0003a200       ?Demo_POS618@@YAXXZ        0043b200 f   PSINS_Demo.obj
 0001:0003a310       ?Demo_CNS_PrecNut@@YAXXZ   0043b310 f   PSINS_Demo.obj
 0001:0003a4f0       ?Demo_SINSCNS@@YAXXZ       0043b4f0 f   PSINS_Demo.obj
 0001:0003a840       ?Demo_IMUTempCompensate@@YAXXZ 0043b840 f   PSINS_Demo.obj
 0001:0003a930       ?Demo_CVCFileFind@@YAXXZ   0043b930 f   PSINS_Demo.obj
 0001:0003a950       ?Demo_DSP_main@@YAXXZ      0043b950 f   PSINS_Demo.obj
 0001:0003a970       ?Demo_CONSOLE_UART@@YAXXZ  0043b970 f   PSINS_Demo.obj
 0001:0003a990       ?Demo_COMMON_UART@@YAXXZ   0043b990 f   PSINS_Demo.obj
 0001:0003a9b0       ?Demo_Cfg@@YAXXZ           0043b9b0 f   PSINS_Demo.obj
 0001:0003abb0       ?Demo_CPolyfit@@YAXXZ      0043bbb0 f   PSINS_Demo.obj
 0001:0003ae20       ?Demo_CAligni0@@YAXXZ      0043be20 f   PSINS_Demo.obj
 0001:0003b0e0       ?Demo_SysClbt@@YAXXZ       0043c0e0 f   PSINS_Demo.obj
 0001:0003b560       ?Demo_GKP@@YAXXZ           0043c560 f   PSINS_Demo.obj
 0001:0003b740       ?Demo_CIMUInc@@YAXXZ       0043c740 f   PSINS_Demo.obj
 0001:0003b8c0       ?Demo_Extract_Txt_File@@YAXXZ 0043c8c0 f   PSINS_Demo.obj
 0001:0003ba40       ?Demo_operator_pointer_run_time@@YAXXZ 0043ca40 f   PSINS_Demo.obj
 0001:0003bc90       ?getRegKeyValues@@YA_NV?$basic_string@DU?$char_traits@D@std@@V?$allocator@D@2@@std@@AAV?$list@V?$basic_string@DU?$char_traits@D@std@@V?$allocator@D@2@@std@@V?$allocator@V?$basic_string@DU?$char_traits@D@std@@V?$allocator@D@2@@std@@@2@@2@@Z 0043cc90 f   SerialPort.obj
 0001:0003bfa0       ??0CSerialPort@itas109@@QAE@XZ 0043cfa0 f   SerialPort.obj
 0001:0003c0f0       ??1CSerialPort@itas109@@UAE@XZ 0043d0f0 f   SerialPort.obj
 0001:0003c1e0       ?InitPort@CSerialPort@itas109@@QAEHPAUHWND__@@IIDIIKIKKKKK@Z 0043d1e0 f   SerialPort.obj
 0001:0003c780       ?CommThread@CSerialPort@itas109@@KGKPAX@Z 0043d780 f   SerialPort.obj
 0001:0003cbe0       ?StartMonitoring@CSerialPort@itas109@@QAEHXZ 0043dbe0 f   SerialPort.obj
 0001:0003cc50       ?ResumeMonitoring@CSerialPort@itas109@@QAEHXZ 0043dc50 f   SerialPort.obj
 0001:0003cca0       ?SuspendMonitoring@CSerialPort@itas109@@QAEHXZ 0043dca0 f   SerialPort.obj
 0001:0003ccf0       ?IsThreadSuspend@CSerialPort@itas109@@QAEHPAX@Z 0043dcf0 f   SerialPort.obj
 0001:0003cd60       ?ProcessErrorMessage@CSerialPort@itas109@@IAEXPAD@Z 0043dd60 f   SerialPort.obj
 0001:0003ce20       ?WriteChar@CSerialPort@itas109@@KAXPAV12@@Z 0043de20 f   SerialPort.obj
 0001:0003d150       ?ReceiveChar@CSerialPort@itas109@@KAXPAV12@@Z 0043e150 f   SerialPort.obj
 0001:0003d410       ?ReceiveStr@CSerialPort@itas109@@KAXPAV12@@Z 0043e410 f   SerialPort.obj
 0001:0003d710       ?GetDCB@CSerialPort@itas109@@QAE?AU_DCB@@XZ 0043e710 f   SerialPort.obj
 0001:0003d750       ?GetCommEvents@CSerialPort@itas109@@QAEKXZ 0043e750 f   SerialPort.obj
 0001:0003d780       ?GetWriteBufferSize@CSerialPort@itas109@@QAEKXZ 0043e780 f   SerialPort.obj
 0001:0003d7b0       ?IsOpened@CSerialPort@itas109@@QAEHXZ 0043e7b0 f   SerialPort.obj
 0001:0003d7f0       ?ClosePort@CSerialPort@itas109@@QAEXXZ 0043e7f0 f   SerialPort.obj
 0001:0003d9b0       ?WriteToPort@CSerialPort@itas109@@QAEXPADI@Z 0043e9b0 f   SerialPort.obj
 0001:0003daa0       ?WriteToPort@CSerialPort@itas109@@QAEXPAEI@Z 0043eaa0 f   SerialPort.obj
 0001:0003db90       ?GetVersion@CSerialPort@itas109@@QAE?AV?$basic_string@DU?$char_traits@D@std@@V?$allocator@D@2@@std@@XZ 0043eb90 f   SerialPort.obj
 0001:0003dc30       ??0CSerialPortInfo@itas109@@QAE@XZ 0043ec30 f   SerialPort.obj
 0001:0003dc60       ??1CSerialPortInfo@itas109@@QAE@XZ 0043ec60 f   SerialPort.obj
 0001:0003dc90       ?availablePorts@CSerialPortInfo@itas109@@SA?AV?$list@V?$basic_string@DU?$char_traits@D@std@@V?$allocator@D@2@@std@@V?$allocator@V?$basic_string@DU?$char_traits@D@std@@V?$allocator@D@2@@std@@@2@@std@@XZ 0043ec90 f   SerialPort.obj
 0001:0003dd60       ??0?$basic_string@DU?$char_traits@D@std@@V?$allocator@D@2@@std@@QAE@ABV?$allocator@D@1@@Z 0043ed60 f i SerialPort.obj
 0001:0003ddb0       ??0?$basic_string@DU?$char_traits@D@std@@V?$allocator@D@2@@std@@QAE@ABV01@@Z 0043edb0 f i SerialPort.obj
 0001:0003de10       ??0?$basic_string@DU?$char_traits@D@std@@V?$allocator@D@2@@std@@QAE@PBDABV?$allocator@D@1@@Z 0043ee10 f i SerialPort.obj
 0001:0003de70       ??1?$basic_string@DU?$char_traits@D@std@@V?$allocator@D@2@@std@@QAE@XZ 0043ee70 f i SerialPort.obj
 0001:0003deb0       ??4?$basic_string@DU?$char_traits@D@std@@V?$allocator@D@2@@std@@QAEAAV01@ABV01@@Z 0043eeb0 f i SerialPort.obj
 0001:0003def0       ?c_str@?$basic_string@DU?$char_traits@D@std@@V?$allocator@D@2@@std@@QBEPBDXZ 0043eef0 f i SerialPort.obj
 0001:0003df40       ??0?$list@UserialPortBuffer@@V?$allocator@UserialPortBuffer@@@std@@@std@@QAE@ABV?$allocator@UserialPortBuffer@@@1@@Z 0043ef40 f i SerialPort.obj
 0001:0003dfa0       ??1?$list@UserialPortBuffer@@V?$allocator@UserialPortBuffer@@@std@@@std@@QAE@XZ 0043efa0 f i SerialPort.obj
 0001:0003e020       ?begin@?$list@UserialPortBuffer@@V?$allocator@UserialPortBuffer@@@std@@@std@@QAE?AViterator@12@XZ 0043f020 f i SerialPort.obj
 0001:0003e080       ?end@?$list@UserialPortBuffer@@V?$allocator@UserialPortBuffer@@@std@@@std@@QAE?AViterator@12@XZ 0043f080 f i SerialPort.obj
 0001:0003e0d0       ?size@?$list@UserialPortBuffer@@V?$allocator@UserialPortBuffer@@@std@@@std@@QBEIXZ 0043f0d0 f i SerialPort.obj
 0001:0003e100       ?push_back@?$list@UserialPortBuffer@@V?$allocator@UserialPortBuffer@@@std@@@std@@QAEXABUserialPortBuffer@@@Z 0043f100 f i SerialPort.obj
 0001:0003e150       ?erase@?$list@UserialPortBuffer@@V?$allocator@UserialPortBuffer@@@std@@@std@@QAE?AViterator@12@V312@@Z 0043f150 f i SerialPort.obj
 0001:0003e230       ??0iterator@?$list@UserialPortBuffer@@V?$allocator@UserialPortBuffer@@@std@@@std@@QAE@XZ 0043f230 f i SerialPort.obj
 0001:0003e270       ??Diterator@?$list@UserialPortBuffer@@V?$allocator@UserialPortBuffer@@@std@@@std@@QBEAAUserialPortBuffer@@XZ 0043f270 f i SerialPort.obj
 0001:0003e2b0       ??Eiterator@?$list@UserialPortBuffer@@V?$allocator@UserialPortBuffer@@@std@@@std@@QAE?AV012@H@Z 0043f2b0 f i SerialPort.obj
 0001:0003e300       ??9iterator@?$list@UserialPortBuffer@@V?$allocator@UserialPortBuffer@@@std@@@std@@QBE_NABV012@@Z 0043f300 f i SerialPort.obj
 0001:0003e350       ??0?$list@V?$basic_string@DU?$char_traits@D@std@@V?$allocator@D@2@@std@@V?$allocator@V?$basic_string@DU?$char_traits@D@std@@V?$allocator@D@2@@std@@@2@@std@@QAE@ABV?$allocator@V?$basic_string@DU?$char_traits@D@std@@V?$allocator@D@2@@std@@@1@@Z 0043f350 f i SerialPort.obj
 0001:0003e3b0       ??0?$list@V?$basic_string@DU?$char_traits@D@std@@V?$allocator@D@2@@std@@V?$allocator@V?$basic_string@DU?$char_traits@D@std@@V?$allocator@D@2@@std@@@2@@std@@QAE@ABV01@@Z 0043f3b0 f i SerialPort.obj
 0001:0003e440       ??1?$list@V?$basic_string@DU?$char_traits@D@std@@V?$allocator@D@2@@std@@V?$allocator@V?$basic_string@DU?$char_traits@D@std@@V?$allocator@D@2@@std@@@2@@std@@QAE@XZ 0043f440 f i SerialPort.obj
 0001:0003e4c0       ?empty@?$list@V?$basic_string@DU?$char_traits@D@std@@V?$allocator@D@2@@std@@V?$allocator@V?$basic_string@DU?$char_traits@D@std@@V?$allocator@D@2@@std@@@2@@std@@QBE_NXZ 0043f4c0 f i SerialPort.obj
 0001:0003e500       ?push_back@?$list@V?$basic_string@DU?$char_traits@D@std@@V?$allocator@D@2@@std@@V?$allocator@V?$basic_string@DU?$char_traits@D@std@@V?$allocator@D@2@@std@@@2@@std@@QAEXABV?$basic_string@DU?$char_traits@D@std@@V?$allocator@D@2@@2@@Z 0043f500 f i SerialPort.obj
 0001:0003e550       ?clear@?$list@V?$basic_string@DU?$char_traits@D@std@@V?$allocator@D@2@@std@@V?$allocator@V?$basic_string@DU?$char_traits@D@std@@V?$allocator@D@2@@std@@@2@@std@@QAEXXZ 0043f550 f i SerialPort.obj
 0001:0003e5b0       ?assign@?$basic_string@DU?$char_traits@D@std@@V?$allocator@D@2@@std@@QAEAAV12@ABV12@@Z 0043f5b0 f i SerialPort.obj
 0001:0003e600       ?assign@?$basic_string@DU?$char_traits@D@std@@V?$allocator@D@2@@std@@QAEAAV12@ABV12@II@Z 0043f600 f i SerialPort.obj
 0001:0003e780       ?copy@?$char_traits@D@std@@SAPADPADPBDI@Z 0043f780 f i SerialPort.obj
 0001:0003e7c0       ?size@?$basic_string@DU?$char_traits@D@std@@V?$allocator@D@2@@std@@QBEIXZ 0043f7c0 f i SerialPort.obj
 0001:0003e7f0       ?assign@?$basic_string@DU?$char_traits@D@std@@V?$allocator@D@2@@std@@QAEAAV12@PBD@Z 0043f7f0 f i SerialPort.obj
 0001:0003e840       ?length@?$char_traits@D@std@@SAIPBD@Z 0043f840 f i SerialPort.obj
 0001:0003e880       ?_Nullstr@?$basic_string@DU?$char_traits@D@std@@V?$allocator@D@2@@std@@CAPBDXZ 0043f880 f i SerialPort.obj
 0001:0003e8b0       ?_Tidy@?$basic_string@DU?$char_traits@D@std@@V?$allocator@D@2@@std@@AAEX_N@Z 0043f8b0 f i SerialPort.obj
 0001:0003e990       ?insert@?$list@UserialPortBuffer@@V?$allocator@UserialPortBuffer@@@std@@@std@@QAE?AViterator@12@V312@ABUserialPortBuffer@@@Z 0043f990 f i SerialPort.obj
 0001:0003ea70       ?erase@?$list@UserialPortBuffer@@V?$allocator@UserialPortBuffer@@@std@@@std@@QAE?AViterator@12@V312@0@Z 0043fa70 f i SerialPort.obj
 0001:0003eae0       ?_Buynode@?$list@UserialPortBuffer@@V?$allocator@UserialPortBuffer@@@std@@@std@@IAEPAU_Node@12@PAU312@0@Z 0043fae0 f i SerialPort.obj
 0001:0003eb70       ?_Freenode@?$list@UserialPortBuffer@@V?$allocator@UserialPortBuffer@@@std@@@std@@IAEXPAU_Node@12@@Z 0043fb70 f i SerialPort.obj
 0001:0003ebb0       ?_Next@_Acc@?$list@UserialPortBuffer@@V?$allocator@UserialPortBuffer@@@std@@@std@@SAAAPAU_Node@23@PAU423@@Z 0043fbb0 f i SerialPort.obj
 0001:0003ebe0       ?_Prev@_Acc@?$list@UserialPortBuffer@@V?$allocator@UserialPortBuffer@@@std@@@std@@SAAAPAU_Node@23@PAU423@@Z 0043fbe0 f i SerialPort.obj
 0001:0003ec10       ?_Value@_Acc@?$list@UserialPortBuffer@@V?$allocator@UserialPortBuffer@@@std@@@std@@SAAAUserialPortBuffer@@PAU_Node@23@@Z 0043fc10 f i SerialPort.obj
 0001:0003ec40       ?destroy@?$allocator@UserialPortBuffer@@@std@@QAEXPAUserialPortBuffer@@@Z 0043fc40 f i SerialPort.obj
 0001:0003ec80       ??0const_iterator@?$list@UserialPortBuffer@@V?$allocator@UserialPortBuffer@@@std@@@std@@QAE@XZ 0043fc80 f i SerialPort.obj
 0001:0003ecb0       ?_Mynode@const_iterator@?$list@UserialPortBuffer@@V?$allocator@UserialPortBuffer@@@std@@@std@@QBEPAU_Node@23@XZ 0043fcb0 f i SerialPort.obj
 0001:0003ece0       ??0iterator@?$list@UserialPortBuffer@@V?$allocator@UserialPortBuffer@@@std@@@std@@QAE@PAU_Node@12@@Z 0043fce0 f i SerialPort.obj
 0001:0003ed20       ??Eiterator@?$list@UserialPortBuffer@@V?$allocator@UserialPortBuffer@@@std@@@std@@QAEAAV012@XZ 0043fd20 f i SerialPort.obj
 0001:0003ed70       ??8iterator@?$list@UserialPortBuffer@@V?$allocator@UserialPortBuffer@@@std@@@std@@QBE_NABV012@@Z 0043fd70 f i SerialPort.obj
 0001:0003edb0       ?begin@?$list@V?$basic_string@DU?$char_traits@D@std@@V?$allocator@D@2@@std@@V?$allocator@V?$basic_string@DU?$char_traits@D@std@@V?$allocator@D@2@@std@@@2@@std@@QAE?AViterator@12@XZ 0043fdb0 f i SerialPort.obj
 0001:0003ee10       ??0CSerialPort@itas109@@QAE@ABV01@@Z 0043fe10 f i SerialPort.obj
 0001:0003efa0       ??0?$list@UserialPortBuffer@@V?$allocator@UserialPortBuffer@@@std@@@std@@QAE@ABV01@@Z 0043ffa0 f i SerialPort.obj
 0001:0003f030       ?begin@?$list@UserialPortBuffer@@V?$allocator@UserialPortBuffer@@@std@@@std@@QBE?AVconst_iterator@12@XZ 00440030 f i SerialPort.obj
 0001:0003f090       ?end@?$list@UserialPortBuffer@@V?$allocator@UserialPortBuffer@@@std@@@std@@QBE?AVconst_iterator@12@XZ 00440090 f i SerialPort.obj
 0001:0003f0e0       ?insert@?$list@UserialPortBuffer@@V?$allocator@UserialPortBuffer@@@std@@@std@@QAEXViterator@12@Vconst_iterator@12@1@Z 004400e0 f i SerialPort.obj
 0001:0003f150       ??Dconst_iterator@?$list@UserialPortBuffer@@V?$allocator@UserialPortBuffer@@@std@@@std@@QBEABUserialPortBuffer@@XZ 00440150 f i SerialPort.obj
 0001:0003f190       ??Econst_iterator@?$list@UserialPortBuffer@@V?$allocator@UserialPortBuffer@@@std@@@std@@QAEAAV012@XZ 00440190 f i SerialPort.obj
 0001:0003f1e0       ??9const_iterator@?$list@UserialPortBuffer@@V?$allocator@UserialPortBuffer@@@std@@@std@@QBE_NABV012@@Z 004401e0 f i SerialPort.obj
 0001:0003f230       ?begin@?$list@V?$basic_string@DU?$char_traits@D@std@@V?$allocator@D@2@@std@@V?$allocator@V?$basic_string@DU?$char_traits@D@std@@V?$allocator@D@2@@std@@@2@@std@@QBE?AVconst_iterator@12@XZ 00440230 f i SerialPort.obj
 0001:0003f290       ?end@?$list@V?$basic_string@DU?$char_traits@D@std@@V?$allocator@D@2@@std@@V?$allocator@V?$basic_string@DU?$char_traits@D@std@@V?$allocator@D@2@@std@@@2@@std@@QAE?AViterator@12@XZ 00440290 f i SerialPort.obj
 0001:0003f2e0       ?end@?$list@V?$basic_string@DU?$char_traits@D@std@@V?$allocator@D@2@@std@@V?$allocator@V?$basic_string@DU?$char_traits@D@std@@V?$allocator@D@2@@std@@@2@@std@@QBE?AVconst_iterator@12@XZ 004402e0 f i SerialPort.obj
 0001:0003f330       ?size@?$list@V?$basic_string@DU?$char_traits@D@std@@V?$allocator@D@2@@std@@V?$allocator@V?$basic_string@DU?$char_traits@D@std@@V?$allocator@D@2@@std@@@2@@std@@QBEIXZ 00440330 f i SerialPort.obj
 0001:0003f360       ?insert@?$list@V?$basic_string@DU?$char_traits@D@std@@V?$allocator@D@2@@std@@V?$allocator@V?$basic_string@DU?$char_traits@D@std@@V?$allocator@D@2@@std@@@2@@std@@QAE?AViterator@12@V312@ABV?$basic_string@DU?$char_traits@D@std@@V?$allocator@D@2@@2@@Z 00440360 f i SerialPort.obj
 0001:0003f440       ??4CSerialPort@itas109@@QAEAAV01@ABV01@@Z 00440440 f i SerialPort.obj
 0001:0003f5e0       ??4?$list@UserialPortBuffer@@V?$allocator@UserialPortBuffer@@@std@@@std@@QAEAAV01@ABV01@@Z 004405e0 f i SerialPort.obj
 0001:0003f6f0       ?insert@?$list@V?$basic_string@DU?$char_traits@D@std@@V?$allocator@D@2@@std@@V?$allocator@V?$basic_string@DU?$char_traits@D@std@@V?$allocator@D@2@@std@@@2@@std@@QAEXViterator@12@Vconst_iterator@12@1@Z 004406f0 f i SerialPort.obj
 0001:0003f760       ?erase@?$list@V?$basic_string@DU?$char_traits@D@std@@V?$allocator@D@2@@std@@V?$allocator@V?$basic_string@DU?$char_traits@D@std@@V?$allocator@D@2@@std@@@2@@std@@QAE?AViterator@12@V312@0@Z 00440760 f i SerialPort.obj
 0001:0003f7d0       ?_Buynode@?$list@V?$basic_string@DU?$char_traits@D@std@@V?$allocator@D@2@@std@@V?$allocator@V?$basic_string@DU?$char_traits@D@std@@V?$allocator@D@2@@std@@@2@@std@@IAEPAU_Node@12@PAU312@0@Z 004407d0 f i SerialPort.obj
 0001:0003f860       ??_GCSerialPort@itas109@@UAEPAXI@Z 00440860 f i SerialPort.obj
 0001:0003f8c0       ??_ECSerialPort@itas109@@UAEPAXI@Z 004408c0 f i SerialPort.obj
 0001:0003f960       ?_Freenode@?$list@V?$basic_string@DU?$char_traits@D@std@@V?$allocator@D@2@@std@@V?$allocator@V?$basic_string@DU?$char_traits@D@std@@V?$allocator@D@2@@std@@@2@@std@@IAEXPAU_Node@12@@Z 00440960 f i SerialPort.obj
 0001:0003f9a0       ?assign@?$basic_string@DU?$char_traits@D@std@@V?$allocator@D@2@@std@@QAEAAV12@PBDI@Z 004409a0 f i SerialPort.obj
 0001:0003fa10       ??4CSerialPortInfo@itas109@@QAEAAV01@ABV01@@Z 00440a10 f i SerialPort.obj
 0001:0003fa50       ?erase@?$basic_string@DU?$char_traits@D@std@@V?$allocator@D@2@@std@@QAEAAV12@II@Z 00440a50 f i SerialPort.obj
 0001:0003fb20       ?move@?$char_traits@D@std@@SAPADPADPBDI@Z 00440b20 f i SerialPort.obj
 0001:0003fb60       ?capacity@?$basic_string@DU?$char_traits@D@std@@V?$allocator@D@2@@std@@QBEIXZ 00440b60 f i SerialPort.obj
 0001:0003fb90       ?_Eos@?$basic_string@DU?$char_traits@D@std@@V?$allocator@D@2@@std@@AAEXI@Z 00440b90 f i SerialPort.obj
 0001:0003fbf0       ?assign@?$char_traits@D@std@@SAXAADABD@Z 00440bf0 f i SerialPort.obj
 0001:0003fc20       ?_Grow@?$basic_string@DU?$char_traits@D@std@@V?$allocator@D@2@@std@@AAE_NI_N@Z 00440c20 f i SerialPort.obj
 0001:0003fd80       ?_Refcnt@?$basic_string@DU?$char_traits@D@std@@V?$allocator@D@2@@std@@AAEAAEPBD@Z 00440d80 f i SerialPort.obj
 0001:0003fdb0       ?deallocate@?$allocator@D@std@@QAEXPAXI@Z 00440db0 f i SerialPort.obj
 0001:0003fdf0       ?_Charalloc@?$allocator@UserialPortBuffer@@@std@@QAEPADI@Z 00440df0 f i SerialPort.obj
 0001:0003fe30       ?deallocate@?$allocator@UserialPortBuffer@@@std@@QAEXPAXI@Z 00440e30 f i SerialPort.obj
 0001:0003fe70       ?construct@?$allocator@UserialPortBuffer@@@std@@QAEXPAUserialPortBuffer@@ABU3@@Z 00440e70 f i SerialPort.obj
 0001:0003feb0       ??0const_iterator@?$list@UserialPortBuffer@@V?$allocator@UserialPortBuffer@@@std@@@std@@QAE@PAU_Node@12@@Z 00440eb0 f i SerialPort.obj
 0001:0003fef0       ??8const_iterator@?$list@UserialPortBuffer@@V?$allocator@UserialPortBuffer@@@std@@@std@@QBE_NABV012@@Z 00440ef0 f i SerialPort.obj
 0001:0003ff30       ?erase@?$list@V?$basic_string@DU?$char_traits@D@std@@V?$allocator@D@2@@std@@V?$allocator@V?$basic_string@DU?$char_traits@D@std@@V?$allocator@D@2@@std@@@2@@std@@QAE?AViterator@12@V312@@Z 00440f30 f i SerialPort.obj
 0001:00040010       ?_Next@_Acc@?$list@V?$basic_string@DU?$char_traits@D@std@@V?$allocator@D@2@@std@@V?$allocator@V?$basic_string@DU?$char_traits@D@std@@V?$allocator@D@2@@std@@@2@@std@@SAAAPAU_Node@23@PAU423@@Z 00441010 f i SerialPort.obj
 0001:00040040       ?_Prev@_Acc@?$list@V?$basic_string@DU?$char_traits@D@std@@V?$allocator@D@2@@std@@V?$allocator@V?$basic_string@DU?$char_traits@D@std@@V?$allocator@D@2@@std@@@2@@std@@SAAAPAU_Node@23@PAU423@@Z 00441040 f i SerialPort.obj
 0001:00040070       ?_Value@_Acc@?$list@V?$basic_string@DU?$char_traits@D@std@@V?$allocator@D@2@@std@@V?$allocator@V?$basic_string@DU?$char_traits@D@std@@V?$allocator@D@2@@std@@@2@@std@@SAAAV?$basic_string@DU?$char_traits@D@std@@V?$allocator@D@2@@3@PAU_Node@23@@Z 00441070 f i SerialPort.obj
 0001:000400a0       ?_Charalloc@?$allocator@V?$basic_string@DU?$char_traits@D@std@@V?$allocator@D@2@@std@@@std@@QAEPADI@Z 004410a0 f i SerialPort.obj
 0001:000400e0       ?deallocate@?$allocator@V?$basic_string@DU?$char_traits@D@std@@V?$allocator@D@2@@std@@@std@@QAEXPAXI@Z 004410e0 f i SerialPort.obj
[...]
FIXUPS: 49eb6 1b 131 25 123 1e 30 75 32 22 26 14 170 55 53 ffffef4d 21
FIXUPS: 4949f c8 33 49 fffff766 10b 2a 2234 f 1c 12 21 d a 13 16 13 28
FIXUPS: 4b19f 15 14 7 17 6b 20 fffff300 35 18 a6 10 fffff089 34 24 cb 67
FIXUPS: 499ba 18 21 34 f32 3c 27 37 a 3f 25 b2 65 ce 36 12 38 4c 31 16
FIXUPS: 4ad68 17 37 19 92 18 20 62 a f3 12 24 f 1f 12 1e 15ef 44 c 10 16
FIXUPS: 4c6fd fffff28f 3d 49 132 31 fffffdb3 1f 7 10 fffffe9c 5e 7 fffffead
FIXUPS: 4b39b 38 78 fffffeb4 22 fffff37a 32 92 3f 6a 15 31 51 3554 66 53
FIXUPS: 4ded1 23 ffffe9b6 1c3 17 fffff167 1d 53 1d 2b 2c c 3a e 11 2f 44
FIXUPS: 4bdb3 3e e 11 182 1d8 1ac 2b 33 1b6 f4 27 2473 23f fffffaf9 82
FIXUPS: 4e89c fffffe95 59 fffffed3 3a ffffff09 1b c 10 29 2a fffffec1 45
FIXUPS: 4e26d a fffff6ef 4b 15d 19 18 c 25 15 3b 5b 52 6c c7 20bd 24 e5
FIXUPS: 4ff9f 76 4a 3d 76 6c 62 20 77 27 70 46 31 35 44 35 1c 147 8a 32
FIXUPS: 50676 f ffffea9a fffffc37 2a 2a 227 fffff9f7 13 7eb 2d 47 4a 9
FIXUPS: 4f2a6 a4 1aa 1d 118 1de 32 97 1f 58 a8 28 33 43 64 46 41 12 2f
FIXUPS: 4fc06 23 10 70 24 5a 46 2f 1809 5c 62 37 1b 40 14 59 14 3f 6b fffffaa5
FIXUPS: 512f4 80 36 fffffda5 2a 29 3b 51 fffffe63 fffffd83 1ae fffffb5e
FIXUPS: 50c28 10 3e 54 4b 28 fffffadd 2a3 3eb8 28 ffffd0c6 23 3c 6ef 192
FIXUPS: 5235c de0 7e5 236 11a 9e a3 102 119 ffffd958 1b 64 fffffebb 19
FIXUPS: 518b0 1d fffffb6a 17 31 30 18 3f c 13 70 483c b5 fffff92e 182 35
FIXUPS: 55696 a a fffffd1b 98 f6 fffff628 23 5 111 43 107 4a 12 5 25e 35
FIXUPS: 55127 1e8 fffff83a fffffbc0 b6 7f 24 62 38 61 23e5 2b fffff903
FIXUPS: 566c6 1e 13 22 fffffe07 36 28 1f 29 26 17 12 1c fffffcda ffffff70
FIXUPS: 56288 11 2f 25 fffffdfa 50 c 5a fffffa21 18 11b 21 4b 5d 1e47 20
FIXUPS: 57c89 82 10 30 10 30 10 fffff74a a7 fffffa75 21 21 24 2a 23 fffffd00
FIXUPS: 56dd0 77 3a 59 15 17 1d 14 13 14 1a 19 fffffcd3 4a 1840 ffffff70
FIXUPS: 58489 fffffd4d 2a 44 4b fffffe4d 2a 44 4b ffffff11 fffffe19 29
FIXUPS: 57e88 17 fffff815 41 8c 14 26f 19 1c 13 2a 3a 10 13 16 26 1e 41
FIXUPS: 593ae 34 37 60 21 20 1d 11 15 15 fffffabc 37 fffffc5f 2bf 2d 2f
FIXUPS: 58a7e 29 19 2c fffffd2e 85 69 33 8c 34 fffffd06 72 13 24 17 fffffd19
FIXUPS: 5a528 10 c 27 6c fffffc80 1d fffffe7b fffffb63 48 141 52 35 140
FIXUPS: 59b1e 5f fffffbaa 4d 40 40 43 4d 40 43 50 50 4d 65 60 fffffb20
FIXUPS: 590b4 2a0 268a c 47 fffffd4f 43 ffffff4b fffffba4 43 33 24 bd 2d
FIXUPS: 5b4d1 32 43 c 10 c fffff35c 14d eb 1c8 8c 152 6d 238 13 fffff1f7
FIXUPS: 5a378 35 35 13a 2141 4b 59 5a c 19 42 3c a7 19 28 c 21 fffff822
FIXUPS: 5c14e d9 13f 9e fffff9e4 70 4f 1df fffffa1f a7 fffffc9d 73 1c 1f
FIXUPS: 5b8e0 11 71 5f fffa5851 bd 85 45 30 ba 13 5bf3b 1a 13 28 30 30
FIXUPS: 5d1eb 13 2b c 2a 50 c 2b 3d c 3a fffffe06 fffff8e7 fffffaae 45
FIXUPS: 5c572 3a 40 3e fffa52d8 12 2b 17 f 12 1a 5bbb6 c c b fffa44d7 d
FIXUPS: 1a9c 15 1c 25 21 5ba61 b fffa45c8 1a 30 b b b b 10 fffff462 19
FIXUPS: 1087 b8 4f8 a 7 7 7 7 7 5 7 7 7 7 7 7 7 7 7 7 7 7 7 f 15 19 14
FIXUPS: 1746 39 c 38 ca 2a 44 36682 35 13 36 13 120 12 12 12 12 12 12 12
FIXUPS: 381be 12 12 12 17 a d fffc935c 4b a a a a a a a a a a 34f55 10
FIXUPS: 36650 34 42 39 21 1f e 1c 49 93 30 2d 4a 2a 13 2d 75 30 b6f 1b8
FIXUPS: 37b21 19 15 48 25 d ef 19e 7c 89 ffffcdfd d 226 4d 1e 10b a1 17
FIXUPS: 3520e 52 7 9 32 2e 20c 27 184 3b 100 3b 54 22 548 9d 3a8 10 19b
FIXUPS: 363c9 2c 16 11c 1c ffffe4b5 18 17 18 18 17 28 41 1f 19 10 43 28
FIXUPS: 34ba4 1e 13 2c 15 16 10 1e a d 21 10 85 7 7 7 7 7 7 fffff5bc 5c
FIXUPS: 34380 17 b8 ae af 85 50 1f 31 27 c9 16 3c 14 14 19 d 43 19 1c 16
FIXUPS: 34905 16 16 16 26 a 13 10 46 fffff2fd 10 121 2e 23 26 9 3c 2985b
FIXUPS: 5d731 fffd67ff 26 13 46 4f ac 9 43 30 80 13 30 e e 29 9 13 45 e
FIXUPS: 342ab 15 10 fffff13d 1f f2 c4 f5 31 1f 31 2a 6f 67 3a 30 2f 1e
FIXUPS: 3392c 24 b 86 24 35 c0 4a 2f 2e 1a 19 35 1a 26 40 1a ffffef3d 3b
FIXUPS: 32ccb a7 9c 72 a7 4b 1f 31 27 a5 45 46 1e 3d 42 43 c 26 20 24 29
FIXUPS: 332b9 30 e 66 9 13 44 12 1f fffff3f9 25 13 35 ab 19 17 7 7 7 7
FIXUPS: 3296a 48 2a 3b 1d 1c 31 e e 19 13 30 e e 29 9 13 45 e e 15 fffff8eb
FIXUPS: 324cb 7 18 21 d 10 3e d 10 10 a 4a d 30 10 a 2b 51 7 7 d 40 22
FIXUPS: 32752 21 18 a 7 7 1b 16 fffff6e4 b4 65 d 10 10 5d 4a 20 4c 27 13
FIXUPS: 32193 7 7 c 2f 2a 3c 1f 16 19 43 10 49 af 23 4d 7 10 7 4b fffff7a9
FIXUPS: 31c91 b b b b b e e e e e 2c e e 10 2b b b b b b e e e e e 2c e
FIXUPS: 31e56 c 10 fffff8e8 a 10 31 3d c 23 24 7 9 16 2b 2c 16 2f 16 e4
FIXUPS: 31a0a 3d 10 3c a6 10 44 d 10 10 a 40 10 a 7 fffff681 25 3b 2e b
FIXUPS: 3134a b b e e e e e e e e 2c e e e e 14 10 4a 12d 1f 5c 1e 2b 2d
FIXUPS: 31719 d fffff6ff b e 2c e 18 10 34 b b b b e 2c e 14 10 4d 9 1c
FIXUPS: 310b1 d 9a f 2f 5e 10 28 22 7 28 22 fffff256 27 17 2d1d4 b fffd2e5b
FIXUPS: 30769 a5 2f 35 1d 27 2f 14 18 1a 22c 13 f 15 15 15 93 75 74 13
FIXUPS: 30d69 46 1f 36 b b fffff218 3b 16 15 27 37 29 50 40 28 f 73 2d44e
FIXUPS: 5d6b3 b fffd2bf1 28 11 2c 32 49 6 f d 47 18 4c 24 2d257 c d c fffd20d6
FIXUPS: 2f7ef 2de76 b fffd21f8 1e 1b 3c 10 df 19 5e 2c 15 1d 75 10 2da
FIXUPS: 2fe15 4a e e 23 29 3d 5e 2d723 c fffd291e 22 3c 19 fffff1aa 48
FIXUPS: 2f22b 4a 27 49 28 48 35 4b 43 4d 1e 2b 53 1e 2b 51 1e 2e ac 9 11
FIXUPS: 2f6bb 37 1d 2df26 b fffd2133 9 11 e fffff4fb 31 20 15 13 55 1a
FIXUPS: 2ee06 1a 3f c 1a 17 17 1c 4b 15 1a 58 3c 13 3d 13 3d 13 3d 13 3d
FIXUPS: 2f130 3d 13 3d fffff44c 10 75 f 10 68 34 34 d 10 ac 15 14 10 57
FIXUPS: 2e8ff 19 6e 21 1d 15 77 31 45 31 31 29 13 13 7b 1d 15 fffff5a1
FIXUPS: 2e1d6 1d 10 32 13 23 43 c 1a 22 10 28 25 d 1f 46 d 10 43 d 10 48
FIXUPS: 2e497 10 52 d 10 5b d 10 6e fffff4a3 3d 13 3d 13 4b 13 4d 13 e4
FIXUPS: 2dcf4 14 3d 13 14 28 21 d 13 37 21 1a 56 24 11b 27 6a 58 16 6f
FIXUPS: 2e18a c fffff613 7 7 7 7 7 45 7 7 7 7 7 d 62 7 7 7 7 d 47 13 7f
FIXUPS: 2d9ba 7 7 7 7 7 1d 42 13 3d fffff881 4d 13 49 13 dd 7 7 7 7 7 7
FIXUPS: 2d4e5 4e 7 7 7 d 58 c 7 7 7 d 63 12 5f 12 54 7 7 d fffff634 15
FIXUPS: 2cd87 1a 26 13 53 25 32 21 e 1d 48 4b 11 10 59 2a 76 10 8d 11 3d
FIXUPS: 2d1ac 13 3d 13 3d 13 3d 13 4b ffffef73 20 10 75 15 13 42 19 3b
FIXUPS: 2c443 27 13 15 1d 2a 2e 2d 20 11f 9b 64 5e 26 23 3c 100 f2 1b3
FIXUPS: 2cc3a 5a 25 7b ffffedf7 d 15c 1c4 27 a 35 6 46 30 a 45 30 a 36
FIXUPS: 2c023 37 c 20 1f 1f 13 29 1c 31 18 32 1c 2a 18 32 1c fffff3f6 28
FIXUPS: 2b66b 7 2b 25 16 d a 38 55 19 1c 26 10 a 7 d 2e 19 38 3a 18 18
FIXUPS: 2b8fc e e 10 58 33 d 144 fffff45c 65 10 24 19 b8 2a 25 a 7 32 f0
FIXUPS: 2b282 2e 23 1c 25 36 28 3d 1c 24 28 a 7 38 c5 1d 29 41 4b 1e fffff2b6
FIXUPS: 2a921 7 138 a d a 22 3c 14 8 37 1f 43 25 23 f 12 25 12 18 2f 1f
FIXUPS: 2acd4 e e e e 16 10 e4 128 fffff362 54 27 16 61 a 25 2b 2a 5d 72
FIXUPS: 2a4f5 a2 13 13 35 1b 33 a 30 16 22 40 a d a 7 28 2b 32 10 6f fffff528
FIXUPS: 29d76 12 12 3c f d 47 9 d 8b 56 7 1e 42 5f 28 27 2f 33 103 d 5b
FIXUPS: 2a220 e e e e e e e e fffff2e3 31 16 1c c3 19 31 37 10 31 10 1c
FIXUPS: 297d5 38 58 61 ff 4c 59 38 10 57 2b 28 33 d 27 7 2d 13 b7 63 fffff317
FIXUPS: 2904b c7 1b 13 7 32 16 22 19 27 25 4f 30 7 13 7 36 16 2f d 19 d
FIXUPS: 29389 b7 19 30 3b 16 37 16 36 fffff219 16 30 58 a d a 7 32 32 a
FIXUPS: 288dc 16 2d 13 16 3b 44 a d a 7 28 2b 2a 34 430 5b 77 45 1e f fffff2e4
FIXUPS: 28302 32 16 2d 13 16 3b 19 28 2a 2b 34 39 22 27 7 32 27 7 2f 16
FIXUPS: 285fd 16 2d 20 32 30 16 32 32 a fffff0ec d 256 13 9 c 20 1d a d8
FIXUPS: 27c3e 4c d0 11 16 10 2ca 22 27 7 32 26 7 39 1d 2f 4c 33 a 4a 30
FIXUPS: 282c5 fffff35f e e e e e e e e e e e e e e e e e e e e e e e e
FIXUPS: 27782 e 14 14 1c 10 42 fffffbe0 e e e 14 14 1d c 10 51 e e e e
FIXUPS: 27528 e e e e e e e e e e e e e e e e e fffffc30 e e e e e e e
FIXUPS: 272b6 e e e e e e e e e e e e e e e e e e e e e e e fffffc1e e
FIXUPS: 27032 e e e e e e e e e 14 14 29 a c 10 5b e e e e e e e e e e
FIXUPS: 2721c e e fffffc1e e e e e e e e e e e e e e e e e e e e e e e
FIXUPS: 26f98 e e e e e e e e fffffa85 4f d 15 d a 32 21 7 3c 7 d a 16
FIXUPS: 26c3e 7 13 21 1e 7 d 15 d a 42 99 50 e e e e e fffff56d 10 2dc
FIXUPS: 26737 b b b b b e e e e 2c 72 10 36 4a 5f 36 7 16 38 7 28 7 f 10
FIXUPS: 26a53 d 19 7 fffff5ba 39 a 7 1c 19 2c 13 13 b 6c 18 18 15 16 16
FIXUPS: 26207 30 a 29 a d a 1c 16 17 16 17 16 17 16 32 fffff809 7 7 27
FIXUPS: 25bcd 18 e 2b 1e 2e 7 c 15 15 15 15 18 17 4c 27 27 1c 54 de 6a
FIXUPS: 25f66 10 4d 16 10 10 3a fffff6a0 2d 2d 37 1a 19 c 98 c 45 42 42
FIXUPS: 25917 3a 10 1e a 1a 2e 1d 1d c 30 1d 1d c 30 1d 1d c 30 26 fffff219
FIXUPS: 24daf 69 4a 25 7 33 28 7 ea 2f 59 c 29 c 1c 1c 5b 1c 1d 16 2f 25
FIXUPS: 251e0 35 a 16 7 68 f 50 3ac ffffe806 e e e e 15 3f0 595 10 3c 10
FIXUPS: 24909 23 23 27 2d 30 2d 2d 30 2d 2d 30 25 69 33 67 4d c 15 15 f
FIXUPS: 23cf5 e e e e e e e e e e e e e e e e e e e e e e e e e e e e e
FIXUPS: 23e99 e fffff501 3f e e e e e e e e 20 10 9e 6b d 5a 44 18 43 415
FIXUPS: 23b1e 7 1c 92 4d 33 1e 1b 1c 29 b b ffffe935 1b 16 1f 16 1f 40
FIXUPS: 226f1 73 37 1af 9b 28 5e af 2c 1e2 1f aa 1c 2c 5d 5e 2de 1f 4b
FIXUPS: 2327d 10 47 3c 41 10 ffffed0d 38 12 7 aa 13 45 18 d 4a 2a 2a 1d
FIXUPS: 222ed 1a 1a d 45 1c 1d d 40 c d 6d 1c 63 1c 81 1c 48 13 fffff567
FIXUPS: 21b92 43 4c 34 1c 25 12 65 34 3a 6b 38 1b 24 7 7 22 3a 8 17 1f
FIXUPS: 21f32 26 10 38 12 7 29 22 30 2a fffff456 1f 16 d 16 10 45 2e a
FIXUPS: 215b2 4b 67 4d 34 25 28 10 2f 19 45 19 41 b1 bc 81 33 31 d 3b d
FIXUPS: 21b41 2e fffff0b0 1c 30 2c 7 7 5c 62 8 50 13 41 20 1a 27 1c 10
FIXUPS: 20edf 113 11c 10e a5 75 38 31 29 18 10 33 26 18 38 ffffefd8 31
FIXUPS: 204ce 20 27 a 10 34 d 71 2e a 19 43 ec d 51 6a 1e 31 47 31 a 25
FIXUPS: 20945 10 13 13 16 22 10 224 fffff1cd 7 7 7 7 d 34 e e e 19 6b e
FIXUPS: 1fedb e 88 17 17 12 1f 1c 12 1b 1b 19 42 32 b7 c8 bd 81 b8 fffff45c
FIXUPS: 1f94b d0 34 61 26 f 26 f 1d 12 27 10 19 f 1f 52 2e 10 10 8c 74
FIXUPS: 1fd6e 7 7 7 7 7 7 7 7 7 fffff312 e e e e e e e e e e e 71 73 d
FIXUPS: 1f298 41 2b 24 ff 1b 5f d 44 22c 43 7 16 80 a d 10 fffff55d 1d
FIXUPS: 1edaf 50 25 13 13 29 16 30 16 16 25 37 e e e e e e e e e e e e
FIXUPS: 1eff7 e 19 77 e e fffff88c f 12 25 19 10 23 10 10 42 2e a 19 4b
FIXUPS: 1eadd 60 21 d 47 2c 1a 1e 15 21 13 28 1a 1e 17 2b 2b 27 fffff326
FIXUPS: 1e092 73 e e e e 5c 24 19 a 13 11 16 12 20 43 17 12 35 78 d1 e7
FIXUPS: 1e5f5 8c 8e 38 31 27 a2 16 42 fffff092 42 c3 c6 80 63 38 31 c3
FIXUPS: 1dd1b 4e 2b 26 d 4a 13 19 22 85 1c 19 21 10 42 26 36 18 10 31 e
FIXUPS: 1e05d e fffff433 2a 8c 2c 11 55 67 7f 10 8 10 10 14 1c 12 1a 3fea7
FIXUPS: 5d612 fffc017f e e 19 39 e e 20 12 31 10 4f 26 18 fffff229 38 31
FIXUPS: 1cbd7 15 10 3d 13 19 a6 58 137 87 12 3a 18 34 13 19 19 b4 175 77
FIXUPS: 1d2d4 12 16 2e 70 34 3a 18 56 ffffefc2 2d 59 28 c 2f 69 5a 15 30
FIXUPS: 1c664 30 65 24 20 40e8a d e e c fffbf15d 4f 10 9a 12 1f 44 9 cd
FIXUPS: 1ca67 e 7e fffff421 22 42 46 415d7 b b c fffbea6f 47 47 47 47 47
FIXUPS: 1c1b2 2f 13 13 3a 13 13 3a 13 13 57 14 2a c d 55 1f 30 fffff516
FIXUPS: 1b936 7 7 7 7 10 60 29 34 33 16 85 7d 7f 3f 36 29 28 29 10 29 e
FIXUPS: 1bd79 61 e 32 47 1e b 39 22 fffff610 16 15 25 9b 1c 36 1a 17 18
FIXUPS: 1b6a6 37 58 53 20 5b 34 1f 7 7 7 7 7 7 7 7 38 1f 25 10 7 7 fffff75a
FIXUPS: 1b095 18 10 13 44 16 36 39 38 b8 10 13 16 13 27 2b 2b 13 16 13
FIXUPS: 1b3a6 24 1f 1f 10 16 1d 4b 18 18 17 ffffefb3 21 16f 174 cd 33 17a
FIXUPS: 1aa3b 11 2c 10 16 29 11 15 10 7b e 12 191 3b 10 16 2d 192 3e 10
FIXUPS: 1afad 25 4b 2b 2a ffffecac 64 29 54 34 33 3d 32 31 3d 80 27 85
FIXUPS: 1a0f9 8b 10 31 e e e 44 33 2f 10 74 32 9 43 2e 78 1f 1b fffff2ec
FIXUPS: 19776 2f 1a 1e 17 33 2c 33 d a0 17 a9 17 122 45 22 46 1e 1a 10
FIXUPS: 19ccb 7 7 7 7 7 7 7 7 7 7 fffff29f 16 13 16 24 22 16 10 4b 3f 1f
FIXUPS: 1911e 18 17 18 18 80 e4 18 81 1c 156 1c 92 15 2a a5 1c 22 40 2f
FIXUPS: 19745 fffff041 22 19 18 3a 40 43 22 31 28 f 111 16 e3 16 35 28
FIXUPS: 18c80 16 f 43 39 39 36 31 39 38 bf 10 4d 19 2a ffffe418 155 168
FIXUPS: 177ba c1 15c 45 38 31 2a 3f d 3f 41 163 157 15f 169 154 c0 15d
FIXUPS: 184b3 38 31 2a 151 16 40 2c 15 13 2c ffffe467 2b 2a 2e 2f 33 35
FIXUPS: 16cfe 14 10 28f e e 19 33 e e a5 51 d1 1f 1f 1f 1f 1f 3f 19 11
FIXUPS: 17310 3b 1f 12 fffff38a 26 5c 23 f 34 3b 2e 22 4e 19 2f 7 31 7
FIXUPS: 1698f 38 f 16 19 f 10 3c 17 26 43 17 26 1c 38 17 24 ffffebae 32
FIXUPS: 157ab ac a7 66 d c8 3c 3d 39 233 53 2c 14 1b 1f1 99 61 da 35 89
FIXUPS: 16268 2b 2b 1fe d1 8e 19 f 72 f ffffed37 a d 34 39 10 44 10 2e
FIXUPS: 1551f e e e e e e e 21 19 36 e e e e e e e e 21 19 3e 20 ffffe9db
FIXUPS: 14100 50 2f f 13 16 f 4a 8 e 33 16 629 6 13 57 71 17c 128 ab 3cb
FIXUPS: 150ab 18 22 5c 112 35 4c 2c 11 10 ffffe6ba a1 72 12 1f 1f 59 12
FIXUPS: 13bc8 1f 5c 12 1f 1f 1f ad d 157 d 19 25 b b 14 8d 22 19 2c 7 26
FIXUPS: 1407b 7 fffff369 1c 73 57 18 10 5c 26 31 33 22 12b 37 40 1b 1b
FIXUPS: 137e6 3d 1b 1b d 13 25 38 20 7 24 2e 27 7 26 f fffff4a8 e e e e
FIXUPS: 12ea0 e e 16 1c 10 10 1b 63 45 32 30 60 47 28 47 47 2b 28 2e 5a
FIXUPS: 13299 2e 41 8f 1c 1c fffff88d 16 19 39 e e e e e e e e e e e e
FIXUPS: 12d7a e e e e e e e e e e e e e e e fffffc50 e e e e e e e e e
FIXUPS: 12b28 e e e e e e e e e e e e e e e e e e e e e fffff92a 1b 1a
FIXUPS: 125c8 1b 1f 41 18 1b 1a 1b 1b 1a 1b 1b 1a 1b 1b 1a 1b 1b 22 10e
FIXUPS: 1292c 46 46 46 33 33 e e e fffff699 19 64 3a 42 18 1b 1f 3e 18
FIXUPS: 122e3 1a 1b 1b 1f 3e 18 1b 1a 1b 1b 1a 1b 1b 1f 3e 18 1b 1a 1b
FIXUPS: 12543 1a ffffe9eb e9 11 10 46 2a 1a 61 1e 10 1ed 59 88 d 3d4 d
FIXUPS: 11985 a6 a3 93 81 3b 10 16f d 225 18 10 31 d 47 4f ffffe026 c 22
FIXUPS: 10351 e e e 10 3c e e e 17 3e 44 25 43 1f 18 e 35 285 f c1 f 26e
FIXUPS: 10b4d 78 f 60 16 2cf ffffd87f 140 13 237 b1 12f d6 14f 10 30 10
FIXUPS: efa7 10 997 20d 9e 86 102 17 19 41 18 4b 43 a8 47 c 3c 19 12 99
FIXUPS: 1009c ffffd5d8 a 7 10 16 23 1b 2b 2b 1e d a 30 1e d a 33 25d 64
FIXUPS: db61 275 13 43e 11f 13 32 171 6d 6e 72 6e 50 ffffec43 36 a 7 10
FIXUPS: d3d0 a 10 3b 14 28 17 13 22 22 1a 10 39 7 13 d 21 43 7 7 7 13 10
FIXUPS: d624 a 7 10 fffff634 34 96 16 34 93 a7 10 30 10 41 97 1a 2c 82
FIXUPS: d0c9 28 4f 19 80 b 2c 2f 2b 32 6 24 43 7 d a 13 ffffdeef 32 af
FIXUPS: b329 32 8f 27f 2d b6 18d 2d b1 67a 7c d0 7e 388 7c 4d 1e 1e d 3e
FIXUPS: c774 ee 9e 19 71 fc 1af 20 d ffffd7ce 7 20 76 e2 66 19 25 4b 57
FIXUPS: a752 5e 236 13 83 2b 1d6 28 d 17 32 1a5 19 29 13 19 1c 48 10b 1c
FIXUPS: b0cb af ffffe901 3f 4e 1f 45 1c 62 1f a1 1f 39 ff 31 15f f1 8 10
FIXUPS: a0da 10 24 1d 9 17 15 ba 1e 16 138 46 26 2d a ffffed82 46 21 e
FIXUPS: 9241 11 1f 44 7 34 a 7 1c 35 b b b 1d 289 32 22 35 30 b b b 1d
FIXUPS: 989d 32 22 35 2c fffff0ff 7 1f 5d 8d 8d 72 77 52 1f bb 21 b 2f
FIXUPS: 8e8d 26 c3 9b 39 18 f f 11 27 10 a d 35 36 1b a d fffff3dc 31 15
FIXUPS: 85b4 16 16 16 e 9c 37 d 22 26 1e b 24 24 41 43 25 26 1b 27 b 20
FIXUPS: 88fc 3b d 22 2d 1a 43 fffff01b d6 81 81 81 81 31 232 1f b0 1c 2f
FIXUPS: 8107 11d 2e 59 13 13 13 13 13 e 7c 49 1f 3d 15 16 16 16 16 e ffffe860
FIXUPS: 6d36 e 1c 37 38 5a b6 1f 96 1f 34 19d 33 a5 1db a5 c1 1f 184 1c
FIXUPS: 77bd 1c 3e 13 5a 6b 56 1f 2d 13 4b ffffefbb 1f 1e 1a 1a 1a 1a 29
FIXUPS: 6a8d a 15 a 15 c b 15 a 15 a 15 c 21 a d 22 3b 46 c 3f 10 22 34
FIXUPS: 5ec3 60 50 2f 68 23 4b 7 1f 39 10 a 22 31 10 1f 34 30 22 601 19
FIXUPS: 6825 18 14 f 52 d 10 3b 43 1f 1f ffffec03 ad 1e1 d 1f 1f 45 1f
FIXUPS: 58ea 3d d 10 49 1d 14 51 7 1f 2c f9 3f 1c 37 1f 1f 66 1c 35 8 14e
FIXUPS: 5e7c 28 fffff22b 26 1b 14 14 d 2c 20 b 21 d 1b a d 22 96 1c 3a
FIXUPS: 53b5 2c 29 e 1f 52 18 c 17 2d 31 7 1f 32 fffff496 125 12 b 21 13
FIXUPS: 4b98 b 1c 33 8 242 3e 20 6 5d 7 10 2f 4c d 10 a 1f 1f 20 10 e 21
FIXUPS: 5060 a 1f fffff2f6 13 13 23 33 1f 3c 15 16 16 23 5c 1f 32 10 1f
FIXUPS: 45bc e 42 50 30 e 42 42 42 32 27 29 29 27 1c8 6 fffff43a 69 1f
FIXUPS: 3f22 15 2e 52 41 1f 37 d 1f 4e 11 6 18 1a 1f 6 f f 19 4e 18 a 2f
FIXUPS: 4262 31 29 13 13 5f fffff0f6 2d 13 12 b 1c 82 8 1c7 54 10 28 41
FIXUPS: 3957 10 169 1c 64 1c b9 19 13 4b 1f 3c d 22 81 1f 33 15 16 ffffe68c
FIXUPS: 24c3 30 d 436 13 6c 1c 64 1c 8c 1c 64 1c be 1c 5a 1c 6c 1c 307
FIXUPS: 3074 51 1c 13d 1f 37 13 12 b 1c ac ffffebc3 2a 5 d 51 d 35 10 30
FIXUPS: 204b 2e 5 d 33 d 33 10 30 d 99 3a d6 22 4e 22 34 22 25 22 14 19
FIXUPS: 247e 3a74f 1e 7 1a 74 fffc4f79 d 2c 11 19 25 23 1b 2a d 3b d 2b
FIXUPS: 1d76 55 2e 11 d 22 d 34 11 24 10 2a d 2c 3a74a 10 25 71 1d 51 26
FIXUPS: 3c7c5 87 52 18 3b 22 18 4c 28 26 2e 23 f 13 49 a 22 17 8 8 2c 3e
FIXUPS: 3cb5b 1e b fffff68d 29 2f 35 b 14 1c 36 2a 38 12 12 24 a 43 40
FIXUPS: 3c47b 24 12 2b 13 10 f f 12 1a 2154e c c b fffdeadc 22 fffff8d6
FIXUPS: 3bea8 f f 3a b5 2a 37 17 f 7 7 7 7 7 7 2b 17 12 1a 21993 c b fffde680
FIXUPS: 3c126 15 19 16 2a 38 1a 1e fffff8d5 12 37 27 7 7 7 7 7 7 7 12 1a
FIXUPS: 5da17 c b fffde1c0 15 6c 20 d3 2f 27 7 1e 18 1a 21c38 b fffde3ec
FIXUPS: 3be62 13 fffff918 24 2b 17 f 12 1a 221b9 c c b fffdde5b 15 12 29
FIXUPS: 3b8ca 49 14 c0 8 b 12 28 21 2c 27 7 7 7 7 7 7 fffff830 226c5 b
FIXUPS: 3b339 11 69 20 13 10 25 10 8c 11 13 33 21 15 19 16 61 f 2c 2c 43
FIXUPS: 3b685 c c 3a 34 20 22 1e fffff859 19 16 1f 15 3f c 1f 3a 41 29
FIXUPS: 3b148 7 24 2b 17 f 12 1a 227a7 c c b fffdd864 21 21 22 2b 7 10
FIXUPS: 3b2d6 12 fffff87a 22de5 c c b fffdd242 15 4a 1e 15 24 22d12 b fffdd318
FIXUPS: 3acc2 23 55 ec 49 1c 36 b b e e e e 10 32 d 30 21 fffff791 20 11
FIXUPS: 3a7cc 23158 b fffdced8 35 35 d 30 21 13 19 16 1b 15 4d c c 38 47
FIXUPS: 3aa64 5a 7 7 7 12 2b 17 f 12 fffff609 26 49 15 1b 24 c 160 be 3e
FIXUPS: 3a4a4 29 3e 7 7 24 2b 17 f f 12 1a 2331e c c c b fffdcd06 15 e
FIXUPS: 3a692 5c 231a5 c b fffdc5b4 24 13 19 16 2d c 1e 44 51 25 12 27
FIXUPS: 3a02f f 7 2b 17 f 12 1a 237f5 c c b fffdc814 21 13 19 fffff8e0
FIXUPS: 5d864 b fffdc1e8 da 30 d 30 24 15 19 16 1f 60 7 16 c c 3a 33 31
FIXUPS: 39d88 7 7 7 12 2b 17 f 12 1a 23a5b fffdbd8b 13 19 29 3e 24 21 f
FIXUPS: 39700 2b 17 f 12 1a 240ba c c b fffdbf78 15 e e e e c 20 37 43
FIXUPS: 39937 20 46 7 fffff855 38 38 2e 1a 22 a c c 1e d 15 22 25 15 22
FIXUPS: 39432 7 7 49 7 4e 27 32 7 7 2b 1a 1a 24273 b fffdbdcc fffff6b2
FIXUPS: 38cca 19 63 50 38 1a 1a 249f5 b fffdb62c 21 15 24 2f 35 33 1b 31
FIXUPS: 38f72 38 35 40 7 40 7 3a 7 4b 38 58 38 fffff726 1a 24ea6 c b fffdb190
FIXUPS: 38963 16 2c 3b 4b 13 1c 7 17 1a 24d45 b fffdb2dc 24 15 44 3e 24
FIXUPS: 38bb2 2f 64 7 1b a c b fffff8fb 1e 4f 7 7 7 7 17 1a 2512a b fffdaf1c
FIXUPS: 386a3 18 3b 24 3b 7 7 17 1a 24ff3 b fffdb04c 15 16 3f 23 48 7 7
FIXUPS: 388d5 905e 1c266 e fffe3dd7 d 36 13 13 32 5 d 73 10 ffff67d0 20
FIXUPS: 382c3 1c 19 cf 15 28 3a 2b 28 7 17 1a 2527e b fffdadcc 15 18 8dce
FIXUPS: 41331 34 17 35 2b 56 23 22 4c 16 1b 2e 17 1c64d fffe39fb 17 1f
FIXUPS: 415c3 d 32 10 72 1a 76 10 d6 10 35 38 6d 1f fffff511 10 2e 10 34
FIXUPS: 40ea6 b1 7 c e b 10 e b 10 c c 27 c9 10 2e 10 34 10 6e 10 30 1a
FIXUPS: 41255 17 69 10 fffff667 3b d 33 1d f 10 76 8 49 1d 15 10 39 10
FIXUPS: 40bc9 10 68 a 18 17 21 1a 13 24 15 2f c 25 f 62 10 fffff840 11
FIXUPS: 40644 f 8 c 15 11 d 1b 14 10 3a c 11 11 f 35 17 f 1a 2e 20 25 18
FIXUPS: 40881 13 13 56 16 13 13 fffff7ca c 11 11 f 34 10 30 1a 37 17 39
FIXUPS: 40263 17 3e 17 39 17 62 c 12 b e 11 b 15 c 1b 17 142 64 44 fffff484
FIXUPS: 3faac f 1a 2e 20 25 18 37 d be 10 93 10 2f 1a 77 e 17 12d 6d 3b
FIXUPS: 3ffeb f f b 10 31 e 17 3e 17 fffff60b e e 15 20 15 10 f 10 36 10
FIXUPS: 3f812 10 d 2e 10 82 17 28 11 3a 38 c 12 b e 11 b 15 c 1b 17 fffff988
FIXUPS: 3f3fb f f b 10 31 f f f 21 2e 12 36 f d 30 f f d 3d d 37 a 8 31
FIXUPS: 3f672 17 11 9 19 16 fffff920 21 32 e 17 3e 17 6a f d 32 7 c e b
FIXUPS: 3f1b3 e b 10 c c 27 36 10 33 10 35 18 34 17 43 20 1e797 fffe1196
FIXUPS: 3ece4 19 8 f 15 c 1a 1edf5 9 17 b fffe121e 10 40 14 10 3c c 10
FIXUPS: 3ee93 d 35 d 35 1e 3a 20 36 f f fffff86e 25 23 17 13 1a 1f 29 1f
FIXUPS: 3e963 21 1d 4b 13 1b 14 3f 16 d 4c 13 1b 14 3f 16 d 56 13 15 1a
FIXUPS: 5db14 17 fffe0692 1e 19 21 31 1c 98 50 f 39 16 16 31 15 5a 1f 1e
FIXUPS: 3e4b4 20 3c 33 1c 98 50 f 39 16 16 2d 1f 111 1a fffff4af 3b 20
FIXUPS: 3dd52 67 15 1f 16 10 35 1f 2b 8 15 1a 9 15 e 3b 29 1c 9f 50 f 30
FIXUPS: 3e0b9 21 23 18 1b 10 5e fffff52f 15 18 1b 16 15 ae 21 1c 9f 50
FIXUPS: 3d933 20 2f 60 47 25 e 22 1c 14 e 37 34 34 37 37 50 25 41 12 3e
FIXUPS: 3d193 16 15 17 20925 b fffdf723 23 b 33 19 4d 1c 28 1f 1c 5c 90
FIXUPS: 3d482 22 52 3a 15 18 19 6f 22 25 61 13 f f fffff5f0 7a 17 1f d
FIXUPS: 3cd94 63 e 11 9c 1d 28 f f d 2c 1b f 20 20b2c c c b fffdf4e4 8a
FIXUPS: 3d072 1d 40 10 57 1f 1f
